nohup: ignoring input
grid: archs=['swin_tiny'] levels=[3] modes=['pretrained'] seeds=[1] device=cuda
Warning: You are sending unauthenticated requests to the HF Hub. Please set a HF_TOKEN to enable higher rate limits and faster downloads.
  [swin_tiny_L3_pretrained_s1] epoch 1/40 loss=5.7463 val_acc=0.0079 best=0.0079 * patience=0/8 elapsed=27s
  [swin_tiny_L3_pretrained_s1] epoch 2/40 loss=5.0766 val_acc=0.1831 best=0.1831 * patience=0/8 elapsed=53s
  [swin_tiny_L3_pretrained_s1] epoch 3/40 loss=3.3848 val_acc=0.3109 best=0.3109 * patience=0/8 elapsed=80s
  [swin_tiny_L3_pretrained_s1] epoch 4/40 loss=2.5750 val_acc=0.3860 best=0.3860 * patience=0/8 elapsed=107s
  [swin_tiny_L3_pretrained_s1] epoch 5/40 loss=1.9586 val_acc=0.4769 best=0.4769 * patience=0/8 elapsed=133s
  [swin_tiny_L3_pretrained_s1] epoch 6/40 loss=1.5302 val_acc=0.5652 best=0.5652 * patience=0/8 elapsed=160s
  [swin_tiny_L3_pretrained_s1] epoch 7/40 loss=1.2356 val_acc=0.6021 best=0.6021 * patience=0/8 elapsed=187s
  [swin_tiny_L3_pretrained_s1] epoch 8/40 loss=0.9683 val_acc=0.6298 best=0.6298 * patience=0/8 elapsed=213s
  [swin_tiny_L3_pretrained_s1] epoch 9/40 loss=0.8327 val_acc=0.6377 best=0.6377 * patience=0/8 elapsed=240s
  [swin_tiny_L3_pretrained_s1] epoch 10/40 loss=0.6623 val_acc=0.6667 best=0.6667 * patience=0/8 elapsed=267s
  [swin_tiny_L3_pretrained_s1] epoch 11/40 loss=0.5387 val_acc=0.6667 best=0.6667 patience=1/8 elapsed=293s
  [swin_tiny_L3_pretrained_s1] epoch 12/40 loss=0.4799 val_acc=0.6601 best=0.6667 patience=2/8 elapsed=320s
  [swin_tiny_L3_pretrained_s1] epoch 13/40 loss=0.4180 val_acc=0.6667 best=0.6667 patience=3/8 elapsed=347s
  [swin_tiny_L3_pretrained_s1] epoch 14/40 loss=0.3442 val_acc=0.6904 best=0.6904 * patience=0/8 elapsed=373s
  [swin_tiny_L3_pretrained_s1] epoch 15/40 loss=0.2829 val_acc=0.6772 best=0.6904 patience=1/8 elapsed=400s
  [swin_tiny_L3_pretrained_s1] epoch 16/40 loss=0.2426 val_acc=0.6970 best=0.6970 * patience=0/8 elapsed=427s
  [swin_tiny_L3_pretrained_s1] epoch 17/40 loss=0.2268 val_acc=0.7022 best=0.7022 * patience=0/8 elapsed=454s
  [swin_tiny_L3_pretrained_s1] epoch 18/40 loss=0.2034 val_acc=0.6943 best=0.7022 patience=1/8 elapsed=480s
  [swin_tiny_L3_pretrained_s1] epoch 19/40 loss=0.1578 val_acc=0.7036 best=0.7036 * patience=0/8 elapsed=507s
  [swin_tiny_L3_pretrained_s1] epoch 20/40 loss=0.1176 val_acc=0.7470 best=0.7470 * patience=0/8 elapsed=534s
  [swin_tiny_L3_pretrained_s1] epoch 21/40 loss=0.1132 val_acc=0.7246 best=0.7470 patience=1/8 elapsed=561s
  [swin_tiny_L3_pretrained_s1] epoch 22/40 loss=0.0900 val_acc=0.7470 best=0.7470 patience=2/8 elapsed=587s
  [swin_tiny_L3_pretrained_s1] epoch 23/40 loss=0.0877 val_acc=0.7470 best=0.7470 patience=3/8 elapsed=614s
  [swin_tiny_L3_pretrained_s1] epoch 24/40 loss=0.0859 val_acc=0.7628 best=0.7628 * patience=0/8 elapsed=641s
  [swin_tiny_L3_pretrained_s1] epoch 25/40 loss=0.0669 val_acc=0.7536 best=0.7628 patience=1/8 elapsed=667s
  [swin_tiny_L3_pretrained_s1] epoch 26/40 loss=0.0628 val_acc=0.7655 best=0.7655 * patience=0/8 elapsed=694s
  [swin_tiny_L3_pretrained_s1] epoch 27/40 loss=0.0564 val_acc=0.7563 best=0.7655 patience=1/8 elapsed=721s
  [swin_tiny_L3_pretrained_s1] epoch 28/40 loss=0.0492 val_acc=0.7760 best=0.7760 * patience=0/8 elapsed=748s
  [swin_tiny_L3_pretrained_s1] epoch 29/40 loss=0.0416 val_acc=0.7747 best=0.7760 patience=1/8 elapsed=774s
  [swin_tiny_L3_pretrained_s1] epoch 30/40 loss=0.0404 val_acc=0.7694 best=0.7760 patience=2/8 elapsed=801s
  [swin_tiny_L3_pretrained_s1] epoch 31/40 loss=0.0370 val_acc=0.7826 best=0.7826 * patience=0/8 elapsed=828s
  [swin_tiny_L3_pretrained_s1] epoch 32/40 loss=0.0339 val_acc=0.7826 best=0.7826 patience=1/8 elapsed=855s
  [swin_tiny_L3_pretrained_s1] epoch 33/40 loss=0.0290 val_acc=0.7879 best=0.7879 * patience=0/8 elapsed=881s
  [swin_tiny_L3_pretrained_s1] epoch 34/40 loss=0.0279 val_acc=0.7945 best=0.7945 * patience=0/8 elapsed=908s
  [swin_tiny_L3_pretrained_s1] epoch 35/40 loss=0.0295 val_acc=0.7866 best=0.7945 patience=1/8 elapsed=935s
  [swin_tiny_L3_pretrained_s1] epoch 36/40 loss=0.0234 val_acc=0.7958 best=0.7958 * patience=0/8 elapsed=962s
  [swin_tiny_L3_pretrained_s1] epoch 37/40 loss=0.0238 val_acc=0.7931 best=0.7958 patience=1/8 elapsed=988s
  [swin_tiny_L3_pretrained_s1] epoch 38/40 loss=0.0254 val_acc=0.7997 best=0.7997 * patience=0/8 elapsed=1015s
  [swin_tiny_L3_pretrained_s1] epoch 39/40 loss=0.0268 val_acc=0.7971 best=0.7997 patience=1/8 elapsed=1042s
  [swin_tiny_L3_pretrained_s1] epoch 40/40 loss=0.0204 val_acc=0.7971 best=0.7997 patience=2/8 elapsed=1068s
done swin_tiny_L3_pretrained_s1: top1=0.974 map=0.462
