nohup: ignoring input
grid: archs=['resnet50', 'efficientnetv2_s', 'vit_small'] levels=[None] modes=['scratch'] seeds=[0, 1, 2] device=cuda
  [resnet50_Lfull_scratch_s0] epoch 1/150 loss=5.7467 val_acc=0.0046 best=0.0046 * patience=0/8 elapsed=27s
  [resnet50_Lfull_scratch_s0] epoch 2/150 loss=5.7304 val_acc=0.0109 best=0.0109 * patience=0/8 elapsed=53s
  [resnet50_Lfull_scratch_s0] epoch 3/150 loss=5.4547 val_acc=0.0073 best=0.0109 patience=1/8 elapsed=79s
  [resnet50_Lfull_scratch_s0] epoch 4/150 loss=4.7150 val_acc=0.0155 best=0.0155 * patience=0/8 elapsed=105s
  [resnet50_Lfull_scratch_s0] epoch 5/150 loss=4.1852 val_acc=0.0246 best=0.0246 * patience=0/8 elapsed=132s
  [resnet50_Lfull_scratch_s0] epoch 6/150 loss=3.8640 val_acc=0.0392 best=0.0392 * patience=0/8 elapsed=158s
  [resnet50_Lfull_scratch_s0] epoch 7/150 loss=3.5903 val_acc=0.0392 best=0.0392 patience=1/8 elapsed=184s
  [resnet50_Lfull_scratch_s0] epoch 8/150 loss=3.3889 val_acc=0.0264 best=0.0392 patience=2/8 elapsed=211s
  [resnet50_Lfull_scratch_s0] epoch 9/150 loss=3.2332 val_acc=0.0164 best=0.0392 patience=3/8 elapsed=237s
  [resnet50_Lfull_scratch_s0] epoch 10/150 loss=3.1093 val_acc=0.0046 best=0.0392 patience=4/8 elapsed=263s
  [resnet50_Lfull_scratch_s0] epoch 11/150 loss=2.9682 val_acc=0.1548 best=0.1548 * patience=0/8 elapsed=290s
  [resnet50_Lfull_scratch_s0] epoch 12/150 loss=2.8359 val_acc=0.1566 best=0.1566 * patience=0/8 elapsed=316s
  [resnet50_Lfull_scratch_s0] epoch 13/150 loss=2.7028 val_acc=0.0155 best=0.1566 patience=1/8 elapsed=343s
  [resnet50_Lfull_scratch_s0] epoch 14/150 loss=2.5792 val_acc=0.1612 best=0.1612 * patience=0/8 elapsed=369s
  [resnet50_Lfull_scratch_s0] epoch 15/150 loss=2.4303 val_acc=0.0155 best=0.1612 patience=1/8 elapsed=395s
  [resnet50_Lfull_scratch_s0] epoch 16/150 loss=2.2849 val_acc=0.2732 best=0.2732 * patience=0/8 elapsed=422s
  [resnet50_Lfull_scratch_s0] epoch 17/150 loss=2.1880 val_acc=0.0228 best=0.2732 patience=1/8 elapsed=448s
  [resnet50_Lfull_scratch_s0] epoch 18/150 loss=2.0752 val_acc=0.0100 best=0.2732 patience=2/8 elapsed=474s
  [resnet50_Lfull_scratch_s0] epoch 19/150 loss=1.9921 val_acc=0.0109 best=0.2732 patience=3/8 elapsed=501s
  [resnet50_Lfull_scratch_s0] epoch 20/150 loss=1.9117 val_acc=0.2814 best=0.2814 * patience=0/8 elapsed=527s
  [resnet50_Lfull_scratch_s0] epoch 21/150 loss=1.8194 val_acc=0.3862 best=0.3862 * patience=0/8 elapsed=553s
  [resnet50_Lfull_scratch_s0] epoch 22/150 loss=1.7740 val_acc=0.4107 best=0.4107 * patience=0/8 elapsed=580s
  [resnet50_Lfull_scratch_s0] epoch 23/150 loss=1.6996 val_acc=0.0137 best=0.4107 patience=1/8 elapsed=606s
  [resnet50_Lfull_scratch_s0] epoch 24/150 loss=1.6067 val_acc=0.0155 best=0.4107 patience=2/8 elapsed=632s
  [resnet50_Lfull_scratch_s0] epoch 25/150 loss=1.5678 val_acc=0.1257 best=0.4107 patience=3/8 elapsed=659s
  [resnet50_Lfull_scratch_s0] epoch 26/150 loss=1.4824 val_acc=0.0055 best=0.4107 patience=4/8 elapsed=685s
  [resnet50_Lfull_scratch_s0] epoch 27/150 loss=1.4461 val_acc=0.0118 best=0.4107 patience=5/8 elapsed=712s
  [resnet50_Lfull_scratch_s0] epoch 28/150 loss=1.3615 val_acc=0.1439 best=0.4107 patience=6/8 elapsed=738s
  [resnet50_Lfull_scratch_s0] epoch 29/150 loss=1.3190 val_acc=0.3862 best=0.4107 patience=7/8 elapsed=764s
  [resnet50_Lfull_scratch_s0] epoch 30/150 loss=1.2812 val_acc=0.3342 best=0.4107 patience=8/8 elapsed=791s
  [resnet50_Lfull_scratch_s0] early stop @ epoch 30 (best_val_acc=0.4107)
done resnet50_Lfull_scratch_s0: top1=0.591 map=0.253
  [efficientnetv2_s_Lfull_scratch_s0] epoch 1/150 loss=5.7710 val_acc=0.0036 best=0.0036 * patience=0/8 elapsed=39s
  [efficientnetv2_s_Lfull_scratch_s0] epoch 2/150 loss=5.6408 val_acc=0.0128 best=0.0128 * patience=0/8 elapsed=72s
  [efficientnetv2_s_Lfull_scratch_s0] epoch 3/150 loss=5.4257 val_acc=0.0228 best=0.0228 * patience=0/8 elapsed=105s
  [efficientnetv2_s_Lfull_scratch_s0] epoch 4/150 loss=5.0183 val_acc=0.0483 best=0.0483 * patience=0/8 elapsed=138s
  [efficientnetv2_s_Lfull_scratch_s0] epoch 5/150 loss=4.3773 val_acc=0.0820 best=0.0820 * patience=0/8 elapsed=171s
  [efficientnetv2_s_Lfull_scratch_s0] epoch 6/150 loss=4.0275 val_acc=0.1084 best=0.1084 * patience=0/8 elapsed=204s
  [efficientnetv2_s_Lfull_scratch_s0] epoch 7/150 loss=3.6816 val_acc=0.1457 best=0.1457 * patience=0/8 elapsed=237s
  [efficientnetv2_s_Lfull_scratch_s0] epoch 8/150 loss=3.4099 val_acc=0.1703 best=0.1703 * patience=0/8 elapsed=270s
  [efficientnetv2_s_Lfull_scratch_s0] epoch 9/150 loss=3.1137 val_acc=0.2240 best=0.2240 * patience=0/8 elapsed=303s
  [efficientnetv2_s_Lfull_scratch_s0] epoch 10/150 loss=2.8791 val_acc=0.2568 best=0.2568 * patience=0/8 elapsed=336s
  [efficientnetv2_s_Lfull_scratch_s0] epoch 11/150 loss=2.6647 val_acc=0.2413 best=0.2568 patience=1/8 elapsed=369s
  [efficientnetv2_s_Lfull_scratch_s0] epoch 12/150 loss=2.4749 val_acc=0.2987 best=0.2987 * patience=0/8 elapsed=402s
  [efficientnetv2_s_Lfull_scratch_s0] epoch 13/150 loss=2.2931 val_acc=0.3415 best=0.3415 * patience=0/8 elapsed=435s
  [efficientnetv2_s_Lfull_scratch_s0] epoch 14/150 loss=2.1745 val_acc=0.3488 best=0.3488 * patience=0/8 elapsed=468s
  [efficientnetv2_s_Lfull_scratch_s0] epoch 15/150 loss=1.9837 val_acc=0.3634 best=0.3634 * patience=0/8 elapsed=501s
  [efficientnetv2_s_Lfull_scratch_s0] epoch 16/150 loss=1.8369 val_acc=0.4026 best=0.4026 * patience=0/8 elapsed=534s
  [efficientnetv2_s_Lfull_scratch_s0] epoch 17/150 loss=1.7429 val_acc=0.2951 best=0.4026 patience=1/8 elapsed=568s
  [efficientnetv2_s_Lfull_scratch_s0] epoch 18/150 loss=1.6125 val_acc=0.4044 best=0.4044 * patience=0/8 elapsed=601s
  [efficientnetv2_s_Lfull_scratch_s0] epoch 19/150 loss=1.4880 val_acc=0.4281 best=0.4281 * patience=0/8 elapsed=634s
  [efficientnetv2_s_Lfull_scratch_s0] epoch 20/150 loss=1.3699 val_acc=0.3497 best=0.4281 patience=1/8 elapsed=667s
  [efficientnetv2_s_Lfull_scratch_s0] epoch 21/150 loss=1.2707 val_acc=0.4317 best=0.4317 * patience=0/8 elapsed=700s
  [efficientnetv2_s_Lfull_scratch_s0] epoch 22/150 loss=1.1557 val_acc=0.4563 best=0.4563 * patience=0/8 elapsed=733s
  [efficientnetv2_s_Lfull_scratch_s0] epoch 23/150 loss=1.0800 val_acc=0.4891 best=0.4891 * patience=0/8 elapsed=766s
  [efficientnetv2_s_Lfull_scratch_s0] epoch 24/150 loss=0.9954 val_acc=0.4672 best=0.4891 patience=1/8 elapsed=799s
  [efficientnetv2_s_Lfull_scratch_s0] epoch 25/150 loss=0.9024 val_acc=0.4572 best=0.4891 patience=2/8 elapsed=833s
  [efficientnetv2_s_Lfull_scratch_s0] epoch 26/150 loss=0.8384 val_acc=0.4791 best=0.4891 patience=3/8 elapsed=866s
  [efficientnetv2_s_Lfull_scratch_s0] epoch 27/150 loss=0.7588 val_acc=0.5219 best=0.5219 * patience=0/8 elapsed=899s
  [efficientnetv2_s_Lfull_scratch_s0] epoch 28/150 loss=0.6990 val_acc=0.4608 best=0.5219 patience=1/8 elapsed=932s
  [efficientnetv2_s_Lfull_scratch_s0] epoch 29/150 loss=0.6108 val_acc=0.4681 best=0.5219 patience=2/8 elapsed=965s
  [efficientnetv2_s_Lfull_scratch_s0] epoch 30/150 loss=0.5841 val_acc=0.4663 best=0.5219 patience=3/8 elapsed=998s
  [efficientnetv2_s_Lfull_scratch_s0] epoch 31/150 loss=0.5295 val_acc=0.5373 best=0.5373 * patience=0/8 elapsed=1031s
  [efficientnetv2_s_Lfull_scratch_s0] epoch 32/150 loss=0.4567 val_acc=0.5419 best=0.5419 * patience=0/8 elapsed=1064s
  [efficientnetv2_s_Lfull_scratch_s0] epoch 33/150 loss=0.4427 val_acc=0.5310 best=0.5419 patience=1/8 elapsed=1097s
  [efficientnetv2_s_Lfull_scratch_s0] epoch 34/150 loss=0.4169 val_acc=0.5346 best=0.5419 patience=2/8 elapsed=1130s
  [efficientnetv2_s_Lfull_scratch_s0] epoch 35/150 loss=0.3696 val_acc=0.5082 best=0.5419 patience=3/8 elapsed=1163s
  [efficientnetv2_s_Lfull_scratch_s0] epoch 36/150 loss=0.3290 val_acc=0.5146 best=0.5419 patience=4/8 elapsed=1196s
  [efficientnetv2_s_Lfull_scratch_s0] epoch 37/150 loss=0.3149 val_acc=0.5291 best=0.5419 patience=5/8 elapsed=1230s
  [efficientnetv2_s_Lfull_scratch_s0] epoch 38/150 loss=0.2856 val_acc=0.5118 best=0.5419 patience=6/8 elapsed=1263s
  [efficientnetv2_s_Lfull_scratch_s0] epoch 39/150 loss=0.2949 val_acc=0.5392 best=0.5419 patience=7/8 elapsed=1296s
  [efficientnetv2_s_Lfull_scratch_s0] epoch 40/150 loss=0.2443 val_acc=0.5291 best=0.5419 patience=8/8 elapsed=1329s
  [efficientnetv2_s_Lfull_scratch_s0] early stop @ epoch 40 (best_val_acc=0.5419)
done efficientnetv2_s_Lfull_scratch_s0: top1=0.818 map=0.273
  [vit_small_Lfull_scratch_s0] epoch 1/150 loss=5.7696 val_acc=0.0046 best=0.0046 * patience=0/8 elapsed=21s
  [vit_small_Lfull_scratch_s0] epoch 2/150 loss=5.7783 val_acc=0.0055 best=0.0055 * patience=0/8 elapsed=43s
  [vit_small_Lfull_scratch_s0] epoch 3/150 loss=5.7515 val_acc=0.0091 best=0.0091 * patience=0/8 elapsed=65s
  [vit_small_Lfull_scratch_s0] epoch 4/150 loss=5.5689 val_acc=0.0118 best=0.0118 * patience=0/8 elapsed=86s
  [vit_small_Lfull_scratch_s0] epoch 5/150 loss=5.4531 val_acc=0.0209 best=0.0209 * patience=0/8 elapsed=108s
  [vit_small_Lfull_scratch_s0] epoch 6/150 loss=5.2817 val_acc=0.0246 best=0.0246 * patience=0/8 elapsed=130s
  [vit_small_Lfull_scratch_s0] epoch 7/150 loss=5.0003 val_acc=0.0328 best=0.0328 * patience=0/8 elapsed=152s
  [vit_small_Lfull_scratch_s0] epoch 8/150 loss=4.7296 val_acc=0.0574 best=0.0574 * patience=0/8 elapsed=173s
  [vit_small_Lfull_scratch_s0] epoch 9/150 loss=4.6086 val_acc=0.0428 best=0.0574 patience=1/8 elapsed=195s
  [vit_small_Lfull_scratch_s0] epoch 10/150 loss=4.4890 val_acc=0.0665 best=0.0665 * patience=0/8 elapsed=216s
  [vit_small_Lfull_scratch_s0] epoch 11/150 loss=4.4104 val_acc=0.0601 best=0.0665 patience=1/8 elapsed=238s
  [vit_small_Lfull_scratch_s0] epoch 12/150 loss=4.3277 val_acc=0.0656 best=0.0665 patience=2/8 elapsed=259s
  [vit_small_Lfull_scratch_s0] epoch 13/150 loss=4.2526 val_acc=0.0956 best=0.0956 * patience=0/8 elapsed=281s
  [vit_small_Lfull_scratch_s0] epoch 14/150 loss=4.1513 val_acc=0.1056 best=0.1056 * patience=0/8 elapsed=303s
  [vit_small_Lfull_scratch_s0] epoch 15/150 loss=4.0852 val_acc=0.1002 best=0.1056 patience=1/8 elapsed=325s
  [vit_small_Lfull_scratch_s0] epoch 16/150 loss=4.0479 val_acc=0.1047 best=0.1056 patience=2/8 elapsed=346s
  [vit_small_Lfull_scratch_s0] epoch 17/150 loss=3.9873 val_acc=0.1166 best=0.1166 * patience=0/8 elapsed=368s
  [vit_small_Lfull_scratch_s0] epoch 18/150 loss=3.8845 val_acc=0.1084 best=0.1166 patience=1/8 elapsed=389s
  [vit_small_Lfull_scratch_s0] epoch 19/150 loss=3.8511 val_acc=0.1102 best=0.1166 patience=2/8 elapsed=411s
  [vit_small_Lfull_scratch_s0] epoch 20/150 loss=3.8008 val_acc=0.1211 best=0.1211 * patience=0/8 elapsed=432s
  [vit_small_Lfull_scratch_s0] epoch 21/150 loss=3.7096 val_acc=0.1448 best=0.1448 * patience=0/8 elapsed=454s
  [vit_small_Lfull_scratch_s0] epoch 22/150 loss=3.6696 val_acc=0.1175 best=0.1448 patience=1/8 elapsed=476s
  [vit_small_Lfull_scratch_s0] epoch 23/150 loss=3.6350 val_acc=0.1548 best=0.1548 * patience=0/8 elapsed=497s
  [vit_small_Lfull_scratch_s0] epoch 24/150 loss=3.5786 val_acc=0.1658 best=0.1658 * patience=0/8 elapsed=519s
  [vit_small_Lfull_scratch_s0] epoch 25/150 loss=3.5133 val_acc=0.1339 best=0.1658 patience=1/8 elapsed=540s
  [vit_small_Lfull_scratch_s0] epoch 26/150 loss=3.4496 val_acc=0.1931 best=0.1931 * patience=0/8 elapsed=562s
  [vit_small_Lfull_scratch_s0] epoch 27/150 loss=3.4240 val_acc=0.1703 best=0.1931 patience=1/8 elapsed=583s
  [vit_small_Lfull_scratch_s0] epoch 28/150 loss=3.3814 val_acc=0.1648 best=0.1931 patience=2/8 elapsed=605s
  [vit_small_Lfull_scratch_s0] epoch 29/150 loss=3.3579 val_acc=0.2022 best=0.2022 * patience=0/8 elapsed=626s
  [vit_small_Lfull_scratch_s0] epoch 30/150 loss=3.3488 val_acc=0.1785 best=0.2022 patience=1/8 elapsed=648s
  [vit_small_Lfull_scratch_s0] epoch 31/150 loss=3.2756 val_acc=0.1985 best=0.2022 patience=2/8 elapsed=669s
  [vit_small_Lfull_scratch_s0] epoch 32/150 loss=3.2280 val_acc=0.2104 best=0.2104 * patience=0/8 elapsed=691s
  [vit_small_Lfull_scratch_s0] epoch 33/150 loss=3.1583 val_acc=0.2086 best=0.2104 patience=1/8 elapsed=712s
  [vit_small_Lfull_scratch_s0] epoch 34/150 loss=3.0980 val_acc=0.2031 best=0.2104 patience=2/8 elapsed=734s
  [vit_small_Lfull_scratch_s0] epoch 35/150 loss=3.0894 val_acc=0.2213 best=0.2213 * patience=0/8 elapsed=755s
  [vit_small_Lfull_scratch_s0] epoch 36/150 loss=3.0929 val_acc=0.2395 best=0.2395 * patience=0/8 elapsed=777s
  [vit_small_Lfull_scratch_s0] epoch 37/150 loss=3.0161 val_acc=0.2295 best=0.2395 patience=1/8 elapsed=799s
  [vit_small_Lfull_scratch_s0] epoch 38/150 loss=2.9906 val_acc=0.2495 best=0.2495 * patience=0/8 elapsed=820s
  [vit_small_Lfull_scratch_s0] epoch 39/150 loss=2.9640 val_acc=0.2423 best=0.2495 patience=1/8 elapsed=842s
  [vit_small_Lfull_scratch_s0] epoch 40/150 loss=2.9093 val_acc=0.2523 best=0.2523 * patience=0/8 elapsed=864s
  [vit_small_Lfull_scratch_s0] epoch 41/150 loss=2.8740 val_acc=0.2259 best=0.2523 patience=1/8 elapsed=885s
  [vit_small_Lfull_scratch_s0] epoch 42/150 loss=2.8442 val_acc=0.2614 best=0.2614 * patience=0/8 elapsed=907s
  [vit_small_Lfull_scratch_s0] epoch 43/150 loss=2.7956 val_acc=0.2641 best=0.2641 * patience=0/8 elapsed=929s
  [vit_small_Lfull_scratch_s0] epoch 44/150 loss=2.7864 val_acc=0.2404 best=0.2641 patience=1/8 elapsed=951s
  [vit_small_Lfull_scratch_s0] epoch 45/150 loss=2.7432 val_acc=0.2605 best=0.2641 patience=2/8 elapsed=972s
  [vit_small_Lfull_scratch_s0] epoch 46/150 loss=2.6889 val_acc=0.2787 best=0.2787 * patience=0/8 elapsed=994s
  [vit_small_Lfull_scratch_s0] epoch 47/150 loss=2.6483 val_acc=0.2914 best=0.2914 * patience=0/8 elapsed=1016s
  [vit_small_Lfull_scratch_s0] epoch 48/150 loss=2.6381 val_acc=0.2668 best=0.2914 patience=1/8 elapsed=1037s
  [vit_small_Lfull_scratch_s0] epoch 49/150 loss=2.6057 val_acc=0.3033 best=0.3033 * patience=0/8 elapsed=1059s
  [vit_small_Lfull_scratch_s0] epoch 50/150 loss=2.5884 val_acc=0.3124 best=0.3124 * patience=0/8 elapsed=1081s
  [vit_small_Lfull_scratch_s0] epoch 51/150 loss=2.5176 val_acc=0.3087 best=0.3124 patience=1/8 elapsed=1102s
  [vit_small_Lfull_scratch_s0] epoch 52/150 loss=2.4923 val_acc=0.2905 best=0.3124 patience=2/8 elapsed=1124s
  [vit_small_Lfull_scratch_s0] epoch 53/150 loss=2.4624 val_acc=0.2996 best=0.3124 patience=3/8 elapsed=1146s
  [vit_small_Lfull_scratch_s0] epoch 54/150 loss=2.4460 val_acc=0.3206 best=0.3206 * patience=0/8 elapsed=1167s
  [vit_small_Lfull_scratch_s0] epoch 55/150 loss=2.3836 val_acc=0.3169 best=0.3206 patience=1/8 elapsed=1189s
  [vit_small_Lfull_scratch_s0] epoch 56/150 loss=2.3454 val_acc=0.3379 best=0.3379 * patience=0/8 elapsed=1210s
  [vit_small_Lfull_scratch_s0] epoch 57/150 loss=2.2916 val_acc=0.3124 best=0.3379 patience=1/8 elapsed=1232s
  [vit_small_Lfull_scratch_s0] epoch 58/150 loss=2.2823 val_acc=0.3279 best=0.3379 patience=2/8 elapsed=1254s
  [vit_small_Lfull_scratch_s0] epoch 59/150 loss=2.2537 val_acc=0.3397 best=0.3397 * patience=0/8 elapsed=1275s
  [vit_small_Lfull_scratch_s0] epoch 60/150 loss=2.2377 val_acc=0.3197 best=0.3397 patience=1/8 elapsed=1297s
  [vit_small_Lfull_scratch_s0] epoch 61/150 loss=2.1944 val_acc=0.3506 best=0.3506 * patience=0/8 elapsed=1319s
  [vit_small_Lfull_scratch_s0] epoch 62/150 loss=2.1812 val_acc=0.3379 best=0.3506 patience=1/8 elapsed=1340s
  [vit_small_Lfull_scratch_s0] epoch 63/150 loss=2.0973 val_acc=0.3279 best=0.3506 patience=2/8 elapsed=1362s
  [vit_small_Lfull_scratch_s0] epoch 64/150 loss=2.0861 val_acc=0.3224 best=0.3506 patience=3/8 elapsed=1383s
  [vit_small_Lfull_scratch_s0] epoch 65/150 loss=2.0561 val_acc=0.3279 best=0.3506 patience=4/8 elapsed=1405s
  [vit_small_Lfull_scratch_s0] epoch 66/150 loss=2.0227 val_acc=0.3643 best=0.3643 * patience=0/8 elapsed=1426s
  [vit_small_Lfull_scratch_s0] epoch 67/150 loss=1.9796 val_acc=0.3752 best=0.3752 * patience=0/8 elapsed=1448s
  [vit_small_Lfull_scratch_s0] epoch 68/150 loss=1.9621 val_acc=0.3734 best=0.3752 patience=1/8 elapsed=1470s
  [vit_small_Lfull_scratch_s0] epoch 69/150 loss=1.8804 val_acc=0.3370 best=0.3752 patience=2/8 elapsed=1491s
  [vit_small_Lfull_scratch_s0] epoch 70/150 loss=1.8860 val_acc=0.3898 best=0.3898 * patience=0/8 elapsed=1513s
  [vit_small_Lfull_scratch_s0] epoch 71/150 loss=1.8714 val_acc=0.3679 best=0.3898 patience=1/8 elapsed=1534s
  [vit_small_Lfull_scratch_s0] epoch 72/150 loss=1.8150 val_acc=0.3825 best=0.3898 patience=2/8 elapsed=1556s
  [vit_small_Lfull_scratch_s0] epoch 73/150 loss=1.7931 val_acc=0.3761 best=0.3898 patience=3/8 elapsed=1578s
  [vit_small_Lfull_scratch_s0] epoch 74/150 loss=1.7701 val_acc=0.3689 best=0.3898 patience=4/8 elapsed=1599s
  [vit_small_Lfull_scratch_s0] epoch 75/150 loss=1.7075 val_acc=0.3971 best=0.3971 * patience=0/8 elapsed=1621s
  [vit_small_Lfull_scratch_s0] epoch 76/150 loss=1.6962 val_acc=0.4007 best=0.4007 * patience=0/8 elapsed=1642s
  [vit_small_Lfull_scratch_s0] epoch 77/150 loss=1.6700 val_acc=0.4016 best=0.4016 * patience=0/8 elapsed=1664s
  [vit_small_Lfull_scratch_s0] epoch 78/150 loss=1.6209 val_acc=0.3953 best=0.4016 patience=1/8 elapsed=1686s
  [vit_small_Lfull_scratch_s0] epoch 79/150 loss=1.6108 val_acc=0.3807 best=0.4016 patience=2/8 elapsed=1707s
  [vit_small_Lfull_scratch_s0] epoch 80/150 loss=1.5809 val_acc=0.3962 best=0.4016 patience=3/8 elapsed=1729s
  [vit_small_Lfull_scratch_s0] epoch 81/150 loss=1.5456 val_acc=0.4126 best=0.4126 * patience=0/8 elapsed=1751s
  [vit_small_Lfull_scratch_s0] epoch 82/150 loss=1.5283 val_acc=0.4098 best=0.4126 patience=1/8 elapsed=1773s
  [vit_small_Lfull_scratch_s0] epoch 83/150 loss=1.4793 val_acc=0.3816 best=0.4126 patience=2/8 elapsed=1794s
  [vit_small_Lfull_scratch_s0] epoch 84/150 loss=1.4436 val_acc=0.4117 best=0.4126 patience=3/8 elapsed=1816s
  [vit_small_Lfull_scratch_s0] epoch 85/150 loss=1.4204 val_acc=0.4080 best=0.4126 patience=4/8 elapsed=1837s
  [vit_small_Lfull_scratch_s0] epoch 86/150 loss=1.3919 val_acc=0.4071 best=0.4126 patience=5/8 elapsed=1859s
  [vit_small_Lfull_scratch_s0] epoch 87/150 loss=1.3360 val_acc=0.4408 best=0.4408 * patience=0/8 elapsed=1881s
  [vit_small_Lfull_scratch_s0] epoch 88/150 loss=1.3409 val_acc=0.4098 best=0.4408 patience=1/8 elapsed=1902s
  [vit_small_Lfull_scratch_s0] epoch 89/150 loss=1.3087 val_acc=0.4098 best=0.4408 patience=2/8 elapsed=1924s
  [vit_small_Lfull_scratch_s0] epoch 90/150 loss=1.2464 val_acc=0.4235 best=0.4408 patience=3/8 elapsed=1945s
  [vit_small_Lfull_scratch_s0] epoch 91/150 loss=1.2706 val_acc=0.4199 best=0.4408 patience=4/8 elapsed=1967s
  [vit_small_Lfull_scratch_s0] epoch 92/150 loss=1.2061 val_acc=0.3998 best=0.4408 patience=5/8 elapsed=1988s
  [vit_small_Lfull_scratch_s0] epoch 93/150 loss=1.2133 val_acc=0.4326 best=0.4408 patience=6/8 elapsed=2010s
  [vit_small_Lfull_scratch_s0] epoch 94/150 loss=1.1690 val_acc=0.4526 best=0.4526 * patience=0/8 elapsed=2031s
  [vit_small_Lfull_scratch_s0] epoch 95/150 loss=1.1542 val_acc=0.4362 best=0.4526 patience=1/8 elapsed=2053s
  [vit_small_Lfull_scratch_s0] epoch 96/150 loss=1.1142 val_acc=0.4253 best=0.4526 patience=2/8 elapsed=2075s
  [vit_small_Lfull_scratch_s0] epoch 97/150 loss=1.0903 val_acc=0.4499 best=0.4526 patience=3/8 elapsed=2096s
  [vit_small_Lfull_scratch_s0] epoch 98/150 loss=1.0808 val_acc=0.4353 best=0.4526 patience=4/8 elapsed=2118s
  [vit_small_Lfull_scratch_s0] epoch 99/150 loss=1.0344 val_acc=0.4526 best=0.4526 patience=5/8 elapsed=2140s
  [vit_small_Lfull_scratch_s0] epoch 100/150 loss=1.0220 val_acc=0.4608 best=0.4608 * patience=0/8 elapsed=2161s
  [vit_small_Lfull_scratch_s0] epoch 101/150 loss=0.9893 val_acc=0.4499 best=0.4608 patience=1/8 elapsed=2182s
  [vit_small_Lfull_scratch_s0] epoch 102/150 loss=0.9762 val_acc=0.4563 best=0.4608 patience=2/8 elapsed=2204s
  [vit_small_Lfull_scratch_s0] epoch 103/150 loss=0.9399 val_acc=0.4727 best=0.4727 * patience=0/8 elapsed=2226s
  [vit_small_Lfull_scratch_s0] epoch 104/150 loss=0.9466 val_acc=0.4499 best=0.4727 patience=1/8 elapsed=2248s
  [vit_small_Lfull_scratch_s0] epoch 105/150 loss=0.8995 val_acc=0.4554 best=0.4727 patience=2/8 elapsed=2269s
  [vit_small_Lfull_scratch_s0] epoch 106/150 loss=0.8730 val_acc=0.4617 best=0.4727 patience=3/8 elapsed=2291s
  [vit_small_Lfull_scratch_s0] epoch 107/150 loss=0.8540 val_acc=0.4608 best=0.4727 patience=4/8 elapsed=2313s
  [vit_small_Lfull_scratch_s0] epoch 108/150 loss=0.8575 val_acc=0.4536 best=0.4727 patience=5/8 elapsed=2335s
  [vit_small_Lfull_scratch_s0] epoch 109/150 loss=0.8209 val_acc=0.4481 best=0.4727 patience=6/8 elapsed=2356s
  [vit_small_Lfull_scratch_s0] epoch 110/150 loss=0.7986 val_acc=0.4699 best=0.4727 patience=7/8 elapsed=2378s
  [vit_small_Lfull_scratch_s0] epoch 111/150 loss=0.7948 val_acc=0.4800 best=0.4800 * patience=0/8 elapsed=2399s
  [vit_small_Lfull_scratch_s0] epoch 112/150 loss=0.7681 val_acc=0.4563 best=0.4800 patience=1/8 elapsed=2421s
  [vit_small_Lfull_scratch_s0] epoch 113/150 loss=0.7459 val_acc=0.4699 best=0.4800 patience=2/8 elapsed=2443s
  [vit_small_Lfull_scratch_s0] epoch 114/150 loss=0.7362 val_acc=0.4681 best=0.4800 patience=3/8 elapsed=2464s
  [vit_small_Lfull_scratch_s0] epoch 115/150 loss=0.7145 val_acc=0.4690 best=0.4800 patience=4/8 elapsed=2486s
  [vit_small_Lfull_scratch_s0] epoch 116/150 loss=0.7073 val_acc=0.4681 best=0.4800 patience=5/8 elapsed=2507s
  [vit_small_Lfull_scratch_s0] epoch 117/150 loss=0.6882 val_acc=0.4718 best=0.4800 patience=6/8 elapsed=2529s
  [vit_small_Lfull_scratch_s0] epoch 118/150 loss=0.6591 val_acc=0.4390 best=0.4800 patience=7/8 elapsed=2550s
  [vit_small_Lfull_scratch_s0] epoch 119/150 loss=0.6639 val_acc=0.4636 best=0.4800 patience=8/8 elapsed=2572s
  [vit_small_Lfull_scratch_s0] early stop @ epoch 119 (best_val_acc=0.4800)
done vit_small_Lfull_scratch_s0: top1=0.821 map=0.200
  [resnet50_Lfull_scratch_s1] epoch 1/150 loss=5.7450 val_acc=0.0046 best=0.0046 * patience=0/8 elapsed=27s
  [resnet50_Lfull_scratch_s1] epoch 2/150 loss=5.7273 val_acc=0.0109 best=0.0109 * patience=0/8 elapsed=53s
  [resnet50_Lfull_scratch_s1] epoch 3/150 loss=5.4483 val_acc=0.0064 best=0.0109 patience=1/8 elapsed=80s
  [resnet50_Lfull_scratch_s1] epoch 4/150 loss=4.6892 val_acc=0.0364 best=0.0364 * patience=0/8 elapsed=106s
  [resnet50_Lfull_scratch_s1] epoch 5/150 loss=4.1865 val_acc=0.0328 best=0.0364 patience=1/8 elapsed=133s
  [resnet50_Lfull_scratch_s1] epoch 6/150 loss=3.8642 val_acc=0.0173 best=0.0364 patience=2/8 elapsed=160s
  [resnet50_Lfull_scratch_s1] epoch 7/150 loss=3.6212 val_acc=0.0410 best=0.0410 * patience=0/8 elapsed=186s
  [resnet50_Lfull_scratch_s1] epoch 8/150 loss=3.3953 val_acc=0.1157 best=0.1157 * patience=0/8 elapsed=213s
  [resnet50_Lfull_scratch_s1] epoch 9/150 loss=3.2773 val_acc=0.0118 best=0.1157 patience=1/8 elapsed=240s
  [resnet50_Lfull_scratch_s1] epoch 10/150 loss=3.1028 val_acc=0.0219 best=0.1157 patience=2/8 elapsed=267s
  [resnet50_Lfull_scratch_s1] epoch 11/150 loss=2.9898 val_acc=0.0091 best=0.1157 patience=3/8 elapsed=293s
  [resnet50_Lfull_scratch_s1] epoch 12/150 loss=2.8842 val_acc=0.0146 best=0.1157 patience=4/8 elapsed=320s
  [resnet50_Lfull_scratch_s1] epoch 13/150 loss=2.7008 val_acc=0.1913 best=0.1913 * patience=0/8 elapsed=347s
  [resnet50_Lfull_scratch_s1] epoch 14/150 loss=2.5924 val_acc=0.0947 best=0.1913 patience=1/8 elapsed=373s
  [resnet50_Lfull_scratch_s1] epoch 15/150 loss=2.4587 val_acc=0.0355 best=0.1913 patience=2/8 elapsed=400s
  [resnet50_Lfull_scratch_s1] epoch 16/150 loss=2.3254 val_acc=0.0874 best=0.1913 patience=3/8 elapsed=426s
  [resnet50_Lfull_scratch_s1] epoch 17/150 loss=2.2243 val_acc=0.0073 best=0.1913 patience=4/8 elapsed=453s
  [resnet50_Lfull_scratch_s1] epoch 18/150 loss=2.0923 val_acc=0.0301 best=0.1913 patience=5/8 elapsed=480s
  [resnet50_Lfull_scratch_s1] epoch 19/150 loss=2.0326 val_acc=0.0301 best=0.1913 patience=6/8 elapsed=506s
  [resnet50_Lfull_scratch_s1] epoch 20/150 loss=1.9456 val_acc=0.0228 best=0.1913 patience=7/8 elapsed=533s
  [resnet50_Lfull_scratch_s1] epoch 21/150 loss=1.8471 val_acc=0.0091 best=0.1913 patience=8/8 elapsed=560s
  [resnet50_Lfull_scratch_s1] early stop @ epoch 21 (best_val_acc=0.1913)
done resnet50_Lfull_scratch_s1: top1=0.256 map=0.177
  [efficientnetv2_s_Lfull_scratch_s1] epoch 1/150 loss=5.7782 val_acc=0.0036 best=0.0036 * patience=0/8 elapsed=33s
  [efficientnetv2_s_Lfull_scratch_s1] epoch 2/150 loss=5.6224 val_acc=0.0082 best=0.0082 * patience=0/8 elapsed=66s
  [efficientnetv2_s_Lfull_scratch_s1] epoch 3/150 loss=5.3666 val_acc=0.0273 best=0.0273 * patience=0/8 elapsed=99s
  [efficientnetv2_s_Lfull_scratch_s1] epoch 4/150 loss=4.7850 val_acc=0.0592 best=0.0592 * patience=0/8 elapsed=132s
  [efficientnetv2_s_Lfull_scratch_s1] epoch 5/150 loss=4.2404 val_acc=0.0601 best=0.0601 * patience=0/8 elapsed=166s
  [efficientnetv2_s_Lfull_scratch_s1] epoch 6/150 loss=3.9865 val_acc=0.0974 best=0.0974 * patience=0/8 elapsed=199s
  [efficientnetv2_s_Lfull_scratch_s1] epoch 7/150 loss=3.6957 val_acc=0.1448 best=0.1448 * patience=0/8 elapsed=232s
  [efficientnetv2_s_Lfull_scratch_s1] epoch 8/150 loss=3.4380 val_acc=0.1676 best=0.1676 * patience=0/8 elapsed=265s
  [efficientnetv2_s_Lfull_scratch_s1] epoch 9/150 loss=3.1893 val_acc=0.1867 best=0.1867 * patience=0/8 elapsed=298s
  [efficientnetv2_s_Lfull_scratch_s1] epoch 10/150 loss=2.9256 val_acc=0.2213 best=0.2213 * patience=0/8 elapsed=331s
  [efficientnetv2_s_Lfull_scratch_s1] epoch 11/150 loss=2.7236 val_acc=0.2058 best=0.2213 patience=1/8 elapsed=364s
  [efficientnetv2_s_Lfull_scratch_s1] epoch 12/150 loss=2.5510 val_acc=0.2887 best=0.2887 * patience=0/8 elapsed=397s
  [efficientnetv2_s_Lfull_scratch_s1] epoch 13/150 loss=2.3385 val_acc=0.2696 best=0.2887 patience=1/8 elapsed=431s
  [efficientnetv2_s_Lfull_scratch_s1] epoch 14/150 loss=2.2164 val_acc=0.3379 best=0.3379 * patience=0/8 elapsed=464s
  [efficientnetv2_s_Lfull_scratch_s1] epoch 15/150 loss=2.0495 val_acc=0.3852 best=0.3852 * patience=0/8 elapsed=497s
  [efficientnetv2_s_Lfull_scratch_s1] epoch 16/150 loss=1.8923 val_acc=0.3670 best=0.3852 patience=1/8 elapsed=530s
  [efficientnetv2_s_Lfull_scratch_s1] epoch 17/150 loss=1.7449 val_acc=0.4189 best=0.4189 * patience=0/8 elapsed=563s
  [efficientnetv2_s_Lfull_scratch_s1] epoch 18/150 loss=1.6576 val_acc=0.3862 best=0.4189 patience=1/8 elapsed=596s
  [efficientnetv2_s_Lfull_scratch_s1] epoch 19/150 loss=1.4934 val_acc=0.4062 best=0.4189 patience=2/8 elapsed=629s
  [efficientnetv2_s_Lfull_scratch_s1] epoch 20/150 loss=1.4001 val_acc=0.4426 best=0.4426 * patience=0/8 elapsed=662s
  [efficientnetv2_s_Lfull_scratch_s1] epoch 21/150 loss=1.2573 val_acc=0.4599 best=0.4599 * patience=0/8 elapsed=696s
  [efficientnetv2_s_Lfull_scratch_s1] epoch 22/150 loss=1.1784 val_acc=0.5055 best=0.5055 * patience=0/8 elapsed=729s
  [efficientnetv2_s_Lfull_scratch_s1] epoch 23/150 loss=1.0522 val_acc=0.3752 best=0.5055 patience=1/8 elapsed=762s
  [efficientnetv2_s_Lfull_scratch_s1] epoch 24/150 loss=0.9874 val_acc=0.4381 best=0.5055 patience=2/8 elapsed=795s
  [efficientnetv2_s_Lfull_scratch_s1] epoch 25/150 loss=0.8839 val_acc=0.4089 best=0.5055 patience=3/8 elapsed=828s
  [efficientnetv2_s_Lfull_scratch_s1] epoch 26/150 loss=0.8156 val_acc=0.4545 best=0.5055 patience=4/8 elapsed=861s
  [efficientnetv2_s_Lfull_scratch_s1] epoch 27/150 loss=0.7206 val_acc=0.5027 best=0.5055 patience=5/8 elapsed=894s
  [efficientnetv2_s_Lfull_scratch_s1] epoch 28/150 loss=0.6595 val_acc=0.5464 best=0.5464 * patience=0/8 elapsed=927s
  [efficientnetv2_s_Lfull_scratch_s1] epoch 29/150 loss=0.5853 val_acc=0.5237 best=0.5464 patience=1/8 elapsed=960s
  [efficientnetv2_s_Lfull_scratch_s1] epoch 30/150 loss=0.5579 val_acc=0.5464 best=0.5464 patience=2/8 elapsed=994s
  [efficientnetv2_s_Lfull_scratch_s1] epoch 31/150 loss=0.5074 val_acc=0.5592 best=0.5592 * patience=0/8 elapsed=1027s
  [efficientnetv2_s_Lfull_scratch_s1] epoch 32/150 loss=0.4713 val_acc=0.5455 best=0.5592 patience=1/8 elapsed=1060s
  [efficientnetv2_s_Lfull_scratch_s1] epoch 33/150 loss=0.4352 val_acc=0.5546 best=0.5592 patience=2/8 elapsed=1093s
  [efficientnetv2_s_Lfull_scratch_s1] epoch 34/150 loss=0.3899 val_acc=0.5355 best=0.5592 patience=3/8 elapsed=1126s
  [efficientnetv2_s_Lfull_scratch_s1] epoch 35/150 loss=0.3423 val_acc=0.5200 best=0.5592 patience=4/8 elapsed=1159s
  [efficientnetv2_s_Lfull_scratch_s1] epoch 36/150 loss=0.3231 val_acc=0.5537 best=0.5592 patience=5/8 elapsed=1192s
  [efficientnetv2_s_Lfull_scratch_s1] epoch 37/150 loss=0.3118 val_acc=0.5510 best=0.5592 patience=6/8 elapsed=1225s
  [efficientnetv2_s_Lfull_scratch_s1] epoch 38/150 loss=0.2851 val_acc=0.5747 best=0.5747 * patience=0/8 elapsed=1258s
  [efficientnetv2_s_Lfull_scratch_s1] epoch 39/150 loss=0.2585 val_acc=0.5902 best=0.5902 * patience=0/8 elapsed=1291s
  [efficientnetv2_s_Lfull_scratch_s1] epoch 40/150 loss=0.2476 val_acc=0.5601 best=0.5902 patience=1/8 elapsed=1324s
  [efficientnetv2_s_Lfull_scratch_s1] epoch 41/150 loss=0.2335 val_acc=0.5155 best=0.5902 patience=2/8 elapsed=1357s
  [efficientnetv2_s_Lfull_scratch_s1] epoch 42/150 loss=0.2081 val_acc=0.5701 best=0.5902 patience=3/8 elapsed=1390s
  [efficientnetv2_s_Lfull_scratch_s1] epoch 43/150 loss=0.2213 val_acc=0.5674 best=0.5902 patience=4/8 elapsed=1423s
  [efficientnetv2_s_Lfull_scratch_s1] epoch 44/150 loss=0.1859 val_acc=0.5610 best=0.5902 patience=5/8 elapsed=1456s
  [efficientnetv2_s_Lfull_scratch_s1] epoch 45/150 loss=0.1874 val_acc=0.5592 best=0.5902 patience=6/8 elapsed=1489s
  [efficientnetv2_s_Lfull_scratch_s1] epoch 46/150 loss=0.1828 val_acc=0.5683 best=0.5902 patience=7/8 elapsed=1522s
  [efficientnetv2_s_Lfull_scratch_s1] epoch 47/150 loss=0.1716 val_acc=0.5319 best=0.5902 patience=8/8 elapsed=1556s
  [efficientnetv2_s_Lfull_scratch_s1] early stop @ epoch 47 (best_val_acc=0.5902)
done efficientnetv2_s_Lfull_scratch_s1: top1=0.890 map=0.278
  [vit_small_Lfull_scratch_s1] epoch 1/150 loss=5.7659 val_acc=0.0055 best=0.0055 * patience=0/8 elapsed=22s
  [vit_small_Lfull_scratch_s1] epoch 2/150 loss=5.7750 val_acc=0.0046 best=0.0055 patience=1/8 elapsed=43s
  [vit_small_Lfull_scratch_s1] epoch 3/150 loss=5.6795 val_acc=0.0109 best=0.0109 * patience=0/8 elapsed=65s
  [vit_small_Lfull_scratch_s1] epoch 4/150 loss=5.4939 val_acc=0.0137 best=0.0137 * patience=0/8 elapsed=87s
  [vit_small_Lfull_scratch_s1] epoch 5/150 loss=5.3348 val_acc=0.0246 best=0.0246 * patience=0/8 elapsed=108s
  [vit_small_Lfull_scratch_s1] epoch 6/150 loss=5.1043 val_acc=0.0337 best=0.0337 * patience=0/8 elapsed=130s
  [vit_small_Lfull_scratch_s1] epoch 7/150 loss=4.9467 val_acc=0.0291 best=0.0337 patience=1/8 elapsed=152s
  [vit_small_Lfull_scratch_s1] epoch 8/150 loss=4.7892 val_acc=0.0592 best=0.0592 * patience=0/8 elapsed=173s
  [vit_small_Lfull_scratch_s1] epoch 9/150 loss=4.5904 val_acc=0.0546 best=0.0592 patience=1/8 elapsed=195s
  [vit_small_Lfull_scratch_s1] epoch 10/150 loss=4.4679 val_acc=0.0638 best=0.0638 * patience=0/8 elapsed=217s
  [vit_small_Lfull_scratch_s1] epoch 11/150 loss=4.3731 val_acc=0.0838 best=0.0838 * patience=0/8 elapsed=239s
  [vit_small_Lfull_scratch_s1] epoch 12/150 loss=4.2569 val_acc=0.1093 best=0.1093 * patience=0/8 elapsed=261s
  [vit_small_Lfull_scratch_s1] epoch 13/150 loss=4.1525 val_acc=0.0838 best=0.1093 patience=1/8 elapsed=282s
  [vit_small_Lfull_scratch_s1] epoch 14/150 loss=4.0913 val_acc=0.1148 best=0.1148 * patience=0/8 elapsed=304s
  [vit_small_Lfull_scratch_s1] epoch 15/150 loss=3.9811 val_acc=0.1230 best=0.1230 * patience=0/8 elapsed=325s
  [vit_small_Lfull_scratch_s1] epoch 16/150 loss=3.9278 val_acc=0.1038 best=0.1230 patience=1/8 elapsed=347s
  [vit_small_Lfull_scratch_s1] epoch 17/150 loss=3.8435 val_acc=0.1348 best=0.1348 * patience=0/8 elapsed=369s
  [vit_small_Lfull_scratch_s1] epoch 18/150 loss=3.8149 val_acc=0.1466 best=0.1466 * patience=0/8 elapsed=390s
  [vit_small_Lfull_scratch_s1] epoch 19/150 loss=3.7276 val_acc=0.1557 best=0.1557 * patience=0/8 elapsed=412s
  [vit_small_Lfull_scratch_s1] epoch 20/150 loss=3.6693 val_acc=0.1302 best=0.1557 patience=1/8 elapsed=434s
  [vit_small_Lfull_scratch_s1] epoch 21/150 loss=3.5929 val_acc=0.1621 best=0.1621 * patience=0/8 elapsed=455s
  [vit_small_Lfull_scratch_s1] epoch 22/150 loss=3.5434 val_acc=0.1621 best=0.1621 patience=1/8 elapsed=477s
  [vit_small_Lfull_scratch_s1] epoch 23/150 loss=3.4599 val_acc=0.1676 best=0.1676 * patience=0/8 elapsed=499s
  [vit_small_Lfull_scratch_s1] epoch 24/150 loss=3.4177 val_acc=0.1466 best=0.1676 patience=1/8 elapsed=520s
  [vit_small_Lfull_scratch_s1] epoch 25/150 loss=3.3546 val_acc=0.1958 best=0.1958 * patience=0/8 elapsed=542s
  [vit_small_Lfull_scratch_s1] epoch 26/150 loss=3.3107 val_acc=0.2031 best=0.2031 * patience=0/8 elapsed=564s
  [vit_small_Lfull_scratch_s1] epoch 27/150 loss=3.2819 val_acc=0.2140 best=0.2140 * patience=0/8 elapsed=586s
  [vit_small_Lfull_scratch_s1] epoch 28/150 loss=3.2120 val_acc=0.2468 best=0.2468 * patience=0/8 elapsed=608s
  [vit_small_Lfull_scratch_s1] epoch 29/150 loss=3.1723 val_acc=0.2149 best=0.2468 patience=1/8 elapsed=630s
  [vit_small_Lfull_scratch_s1] epoch 30/150 loss=3.1252 val_acc=0.2186 best=0.2468 patience=2/8 elapsed=651s
  [vit_small_Lfull_scratch_s1] epoch 31/150 loss=3.0662 val_acc=0.2122 best=0.2468 patience=3/8 elapsed=674s
  [vit_small_Lfull_scratch_s1] epoch 32/150 loss=3.0399 val_acc=0.2240 best=0.2468 patience=4/8 elapsed=695s
  [vit_small_Lfull_scratch_s1] epoch 33/150 loss=2.9572 val_acc=0.2477 best=0.2477 * patience=0/8 elapsed=717s
  [vit_small_Lfull_scratch_s1] epoch 34/150 loss=2.9059 val_acc=0.2350 best=0.2477 patience=1/8 elapsed=739s
  [vit_small_Lfull_scratch_s1] epoch 35/150 loss=2.8796 val_acc=0.2432 best=0.2477 patience=2/8 elapsed=761s
  [vit_small_Lfull_scratch_s1] epoch 36/150 loss=2.8408 val_acc=0.2532 best=0.2532 * patience=0/8 elapsed=783s
  [vit_small_Lfull_scratch_s1] epoch 37/150 loss=2.8066 val_acc=0.2505 best=0.2532 patience=1/8 elapsed=804s
  [vit_small_Lfull_scratch_s1] epoch 38/150 loss=2.7978 val_acc=0.2760 best=0.2760 * patience=0/8 elapsed=826s
  [vit_small_Lfull_scratch_s1] epoch 39/150 loss=2.7598 val_acc=0.2687 best=0.2760 patience=1/8 elapsed=848s
  [vit_small_Lfull_scratch_s1] epoch 40/150 loss=2.6952 val_acc=0.2905 best=0.2905 * patience=0/8 elapsed=870s
  [vit_small_Lfull_scratch_s1] epoch 41/150 loss=2.6825 val_acc=0.2923 best=0.2923 * patience=0/8 elapsed=892s
  [vit_small_Lfull_scratch_s1] epoch 42/150 loss=2.6226 val_acc=0.2951 best=0.2951 * patience=0/8 elapsed=914s
  [vit_small_Lfull_scratch_s1] epoch 43/150 loss=2.5889 val_acc=0.2750 best=0.2951 patience=1/8 elapsed=936s
  [vit_small_Lfull_scratch_s1] epoch 44/150 loss=2.5264 val_acc=0.3206 best=0.3206 * patience=0/8 elapsed=957s
  [vit_small_Lfull_scratch_s1] epoch 45/150 loss=2.4928 val_acc=0.2878 best=0.3206 patience=1/8 elapsed=980s
  [vit_small_Lfull_scratch_s1] epoch 46/150 loss=2.4882 val_acc=0.2960 best=0.3206 patience=2/8 elapsed=1001s
  [vit_small_Lfull_scratch_s1] epoch 47/150 loss=2.4428 val_acc=0.2987 best=0.3206 patience=3/8 elapsed=1023s
  [vit_small_Lfull_scratch_s1] epoch 48/150 loss=2.3981 val_acc=0.3525 best=0.3525 * patience=0/8 elapsed=1044s
  [vit_small_Lfull_scratch_s1] epoch 49/150 loss=2.3726 val_acc=0.3097 best=0.3525 patience=1/8 elapsed=1066s
  [vit_small_Lfull_scratch_s1] epoch 50/150 loss=2.3228 val_acc=0.3233 best=0.3525 patience=2/8 elapsed=1088s
  [vit_small_Lfull_scratch_s1] epoch 51/150 loss=2.2875 val_acc=0.3042 best=0.3525 patience=3/8 elapsed=1110s
  [vit_small_Lfull_scratch_s1] epoch 52/150 loss=2.2616 val_acc=0.3515 best=0.3525 patience=4/8 elapsed=1131s
  [vit_small_Lfull_scratch_s1] epoch 53/150 loss=2.1949 val_acc=0.3279 best=0.3525 patience=5/8 elapsed=1153s
  [vit_small_Lfull_scratch_s1] epoch 54/150 loss=2.1813 val_acc=0.3607 best=0.3607 * patience=0/8 elapsed=1175s
  [vit_small_Lfull_scratch_s1] epoch 55/150 loss=2.1338 val_acc=0.3224 best=0.3607 patience=1/8 elapsed=1196s
  [vit_small_Lfull_scratch_s1] epoch 56/150 loss=2.1524 val_acc=0.3497 best=0.3607 patience=2/8 elapsed=1218s
  [vit_small_Lfull_scratch_s1] epoch 57/150 loss=2.0664 val_acc=0.3670 best=0.3670 * patience=0/8 elapsed=1240s
  [vit_small_Lfull_scratch_s1] epoch 58/150 loss=2.0486 val_acc=0.3434 best=0.3670 patience=1/8 elapsed=1261s
  [vit_small_Lfull_scratch_s1] epoch 59/150 loss=2.0099 val_acc=0.3780 best=0.3780 * patience=0/8 elapsed=1283s
  [vit_small_Lfull_scratch_s1] epoch 60/150 loss=1.9694 val_acc=0.3643 best=0.3780 patience=1/8 elapsed=1305s
  [vit_small_Lfull_scratch_s1] epoch 61/150 loss=1.9605 val_acc=0.3780 best=0.3780 patience=2/8 elapsed=1326s
  [vit_small_Lfull_scratch_s1] epoch 62/150 loss=1.8996 val_acc=0.3579 best=0.3780 patience=3/8 elapsed=1348s
  [vit_small_Lfull_scratch_s1] epoch 63/150 loss=1.8622 val_acc=0.3415 best=0.3780 patience=4/8 elapsed=1369s
  [vit_small_Lfull_scratch_s1] epoch 64/150 loss=1.8547 val_acc=0.4026 best=0.4026 * patience=0/8 elapsed=1391s
  [vit_small_Lfull_scratch_s1] epoch 65/150 loss=1.8128 val_acc=0.3670 best=0.4026 patience=1/8 elapsed=1413s
  [vit_small_Lfull_scratch_s1] epoch 66/150 loss=1.7773 val_acc=0.3825 best=0.4026 patience=2/8 elapsed=1435s
  [vit_small_Lfull_scratch_s1] epoch 67/150 loss=1.7398 val_acc=0.3716 best=0.4026 patience=3/8 elapsed=1457s
  [vit_small_Lfull_scratch_s1] epoch 68/150 loss=1.6996 val_acc=0.3825 best=0.4026 patience=4/8 elapsed=1478s
  [vit_small_Lfull_scratch_s1] epoch 69/150 loss=1.6782 val_acc=0.3962 best=0.4026 patience=5/8 elapsed=1501s
  [vit_small_Lfull_scratch_s1] epoch 70/150 loss=1.6200 val_acc=0.3798 best=0.4026 patience=6/8 elapsed=1522s
  [vit_small_Lfull_scratch_s1] epoch 71/150 loss=1.6032 val_acc=0.3925 best=0.4026 patience=7/8 elapsed=1544s
  [vit_small_Lfull_scratch_s1] epoch 72/150 loss=1.5859 val_acc=0.4007 best=0.4026 patience=8/8 elapsed=1566s
  [vit_small_Lfull_scratch_s1] early stop @ epoch 72 (best_val_acc=0.4026)
done vit_small_Lfull_scratch_s1: top1=0.727 map=0.164
  [resnet50_Lfull_scratch_s2] epoch 1/150 loss=5.7486 val_acc=0.0018 best=0.0018 * patience=0/8 elapsed=26s
  [resnet50_Lfull_scratch_s2] epoch 2/150 loss=5.7293 val_acc=0.0137 best=0.0137 * patience=0/8 elapsed=53s
  [resnet50_Lfull_scratch_s2] epoch 3/150 loss=5.4392 val_acc=0.0146 best=0.0146 * patience=0/8 elapsed=80s
  [resnet50_Lfull_scratch_s2] epoch 4/150 loss=4.7297 val_acc=0.0064 best=0.0146 patience=1/8 elapsed=106s
  [resnet50_Lfull_scratch_s2] epoch 5/150 loss=4.2279 val_acc=0.0027 best=0.0146 patience=2/8 elapsed=133s
  [resnet50_Lfull_scratch_s2] epoch 6/150 loss=3.9063 val_acc=0.0783 best=0.0783 * patience=0/8 elapsed=160s
  [resnet50_Lfull_scratch_s2] epoch 7/150 loss=3.6505 val_acc=0.0647 best=0.0783 patience=1/8 elapsed=187s
  [resnet50_Lfull_scratch_s2] epoch 8/150 loss=3.4372 val_acc=0.0064 best=0.0783 patience=2/8 elapsed=213s
  [resnet50_Lfull_scratch_s2] epoch 9/150 loss=3.2801 val_acc=0.0109 best=0.0783 patience=3/8 elapsed=240s
  [resnet50_Lfull_scratch_s2] epoch 10/150 loss=3.1643 val_acc=0.0847 best=0.0847 * patience=0/8 elapsed=267s
  [resnet50_Lfull_scratch_s2] epoch 11/150 loss=3.0164 val_acc=0.0765 best=0.0847 patience=1/8 elapsed=293s
  [resnet50_Lfull_scratch_s2] epoch 12/150 loss=2.8857 val_acc=0.0638 best=0.0847 patience=2/8 elapsed=320s
  [resnet50_Lfull_scratch_s2] epoch 13/150 loss=2.7631 val_acc=0.0128 best=0.0847 patience=3/8 elapsed=346s
  [resnet50_Lfull_scratch_s2] epoch 14/150 loss=2.6398 val_acc=0.0310 best=0.0847 patience=4/8 elapsed=373s
  [resnet50_Lfull_scratch_s2] epoch 15/150 loss=2.5013 val_acc=0.0383 best=0.0847 patience=5/8 elapsed=400s
  [resnet50_Lfull_scratch_s2] epoch 16/150 loss=2.3962 val_acc=0.1220 best=0.1220 * patience=0/8 elapsed=427s
  [resnet50_Lfull_scratch_s2] epoch 17/150 loss=2.2927 val_acc=0.0073 best=0.1220 patience=1/8 elapsed=453s
  [resnet50_Lfull_scratch_s2] epoch 18/150 loss=2.1608 val_acc=0.3124 best=0.3124 * patience=0/8 elapsed=480s
  [resnet50_Lfull_scratch_s2] epoch 19/150 loss=2.0447 val_acc=0.0100 best=0.3124 patience=1/8 elapsed=507s
  [resnet50_Lfull_scratch_s2] epoch 20/150 loss=1.9597 val_acc=0.0073 best=0.3124 patience=2/8 elapsed=533s
  [resnet50_Lfull_scratch_s2] epoch 21/150 loss=1.8895 val_acc=0.0109 best=0.3124 patience=3/8 elapsed=560s
  [resnet50_Lfull_scratch_s2] epoch 22/150 loss=1.8050 val_acc=0.0738 best=0.3124 patience=4/8 elapsed=587s
  [resnet50_Lfull_scratch_s2] epoch 23/150 loss=1.7473 val_acc=0.0246 best=0.3124 patience=5/8 elapsed=613s
  [resnet50_Lfull_scratch_s2] epoch 24/150 loss=1.6703 val_acc=0.4754 best=0.4754 * patience=0/8 elapsed=640s
  [resnet50_Lfull_scratch_s2] epoch 25/150 loss=1.5940 val_acc=0.1157 best=0.4754 patience=1/8 elapsed=667s
  [resnet50_Lfull_scratch_s2] epoch 26/150 loss=1.5130 val_acc=0.3862 best=0.4754 patience=2/8 elapsed=693s
  [resnet50_Lfull_scratch_s2] epoch 27/150 loss=1.4802 val_acc=0.1138 best=0.4754 patience=3/8 elapsed=720s
  [resnet50_Lfull_scratch_s2] epoch 28/150 loss=1.4390 val_acc=0.3179 best=0.4754 patience=4/8 elapsed=747s
  [resnet50_Lfull_scratch_s2] epoch 29/150 loss=1.3550 val_acc=0.4417 best=0.4754 patience=5/8 elapsed=773s
  [resnet50_Lfull_scratch_s2] epoch 30/150 loss=1.3071 val_acc=0.1084 best=0.4754 patience=6/8 elapsed=799s
  [resnet50_Lfull_scratch_s2] epoch 31/150 loss=1.2475 val_acc=0.1676 best=0.4754 patience=7/8 elapsed=826s
  [resnet50_Lfull_scratch_s2] epoch 32/150 loss=1.1924 val_acc=0.1794 best=0.4754 patience=8/8 elapsed=852s
  [resnet50_Lfull_scratch_s2] early stop @ epoch 32 (best_val_acc=0.4754)
done resnet50_Lfull_scratch_s2: top1=0.734 map=0.271
  [efficientnetv2_s_Lfull_scratch_s2] epoch 1/150 loss=5.7831 val_acc=0.0073 best=0.0073 * patience=0/8 elapsed=33s
  [efficientnetv2_s_Lfull_scratch_s2] epoch 2/150 loss=5.6045 val_acc=0.0137 best=0.0137 * patience=0/8 elapsed=66s
  [efficientnetv2_s_Lfull_scratch_s2] epoch 3/150 loss=5.3752 val_acc=0.0328 best=0.0328 * patience=0/8 elapsed=98s
  [efficientnetv2_s_Lfull_scratch_s2] epoch 4/150 loss=4.8307 val_acc=0.0592 best=0.0592 * patience=0/8 elapsed=131s
  [efficientnetv2_s_Lfull_scratch_s2] epoch 5/150 loss=4.2267 val_acc=0.0847 best=0.0847 * patience=0/8 elapsed=164s
  [efficientnetv2_s_Lfull_scratch_s2] epoch 6/150 loss=3.8805 val_acc=0.1512 best=0.1512 * patience=0/8 elapsed=197s
  [efficientnetv2_s_Lfull_scratch_s2] epoch 7/150 loss=3.5474 val_acc=0.1694 best=0.1694 * patience=0/8 elapsed=230s
  [efficientnetv2_s_Lfull_scratch_s2] epoch 8/150 loss=3.2869 val_acc=0.2222 best=0.2222 * patience=0/8 elapsed=263s
  [efficientnetv2_s_Lfull_scratch_s2] epoch 9/150 loss=3.0420 val_acc=0.1867 best=0.2222 patience=1/8 elapsed=296s
  [efficientnetv2_s_Lfull_scratch_s2] epoch 10/150 loss=2.8199 val_acc=0.2796 best=0.2796 * patience=0/8 elapsed=329s
  [efficientnetv2_s_Lfull_scratch_s2] epoch 11/150 loss=2.6229 val_acc=0.3097 best=0.3097 * patience=0/8 elapsed=362s
  [efficientnetv2_s_Lfull_scratch_s2] epoch 12/150 loss=2.4635 val_acc=0.2714 best=0.3097 patience=1/8 elapsed=396s
  [efficientnetv2_s_Lfull_scratch_s2] epoch 13/150 loss=2.3161 val_acc=0.3015 best=0.3097 patience=2/8 elapsed=429s
  [efficientnetv2_s_Lfull_scratch_s2] epoch 14/150 loss=2.1218 val_acc=0.2842 best=0.3097 patience=3/8 elapsed=462s
  [efficientnetv2_s_Lfull_scratch_s2] epoch 15/150 loss=1.9904 val_acc=0.3625 best=0.3625 * patience=0/8 elapsed=495s
  [efficientnetv2_s_Lfull_scratch_s2] epoch 16/150 loss=1.8611 val_acc=0.3652 best=0.3652 * patience=0/8 elapsed=528s
  [efficientnetv2_s_Lfull_scratch_s2] epoch 17/150 loss=1.7325 val_acc=0.3971 best=0.3971 * patience=0/8 elapsed=561s
  [efficientnetv2_s_Lfull_scratch_s2] epoch 18/150 loss=1.6199 val_acc=0.3142 best=0.3971 patience=1/8 elapsed=594s
  [efficientnetv2_s_Lfull_scratch_s2] epoch 19/150 loss=1.4715 val_acc=0.3579 best=0.3971 patience=2/8 elapsed=627s
  [efficientnetv2_s_Lfull_scratch_s2] epoch 20/150 loss=1.3371 val_acc=0.4645 best=0.4645 * patience=0/8 elapsed=660s
  [efficientnetv2_s_Lfull_scratch_s2] epoch 21/150 loss=1.2838 val_acc=0.4481 best=0.4645 patience=1/8 elapsed=693s
  [efficientnetv2_s_Lfull_scratch_s2] epoch 22/150 loss=1.1611 val_acc=0.4217 best=0.4645 patience=2/8 elapsed=726s
  [efficientnetv2_s_Lfull_scratch_s2] epoch 23/150 loss=1.0470 val_acc=0.4909 best=0.4909 * patience=0/8 elapsed=760s
  [efficientnetv2_s_Lfull_scratch_s2] epoch 24/150 loss=0.9668 val_acc=0.5027 best=0.5027 * patience=0/8 elapsed=793s
  [efficientnetv2_s_Lfull_scratch_s2] epoch 25/150 loss=0.8823 val_acc=0.4281 best=0.5027 patience=1/8 elapsed=826s
  [efficientnetv2_s_Lfull_scratch_s2] epoch 26/150 loss=0.7943 val_acc=0.4927 best=0.5027 patience=2/8 elapsed=859s
  [efficientnetv2_s_Lfull_scratch_s2] epoch 27/150 loss=0.7399 val_acc=0.5328 best=0.5328 * patience=0/8 elapsed=892s
  [efficientnetv2_s_Lfull_scratch_s2] epoch 28/150 loss=0.6705 val_acc=0.4909 best=0.5328 patience=1/8 elapsed=925s
  [efficientnetv2_s_Lfull_scratch_s2] epoch 29/150 loss=0.6093 val_acc=0.5155 best=0.5328 patience=2/8 elapsed=959s
  [efficientnetv2_s_Lfull_scratch_s2] epoch 30/150 loss=0.5302 val_acc=0.4845 best=0.5328 patience=3/8 elapsed=992s
  [efficientnetv2_s_Lfull_scratch_s2] epoch 31/150 loss=0.5293 val_acc=0.5191 best=0.5328 patience=4/8 elapsed=1025s
  [efficientnetv2_s_Lfull_scratch_s2] epoch 32/150 loss=0.4605 val_acc=0.5692 best=0.5692 * patience=0/8 elapsed=1058s
  [efficientnetv2_s_Lfull_scratch_s2] epoch 33/150 loss=0.4175 val_acc=0.5501 best=0.5692 patience=1/8 elapsed=1091s
  [efficientnetv2_s_Lfull_scratch_s2] epoch 34/150 loss=0.3749 val_acc=0.5282 best=0.5692 patience=2/8 elapsed=1124s
  [efficientnetv2_s_Lfull_scratch_s2] epoch 35/150 loss=0.3722 val_acc=0.5501 best=0.5692 patience=3/8 elapsed=1157s
  [efficientnetv2_s_Lfull_scratch_s2] epoch 36/150 loss=0.3464 val_acc=0.5328 best=0.5692 patience=4/8 elapsed=1190s
  [efficientnetv2_s_Lfull_scratch_s2] epoch 37/150 loss=0.3123 val_acc=0.5510 best=0.5692 patience=5/8 elapsed=1223s
  [efficientnetv2_s_Lfull_scratch_s2] epoch 38/150 loss=0.2817 val_acc=0.5729 best=0.5729 * patience=0/8 elapsed=1257s
  [efficientnetv2_s_Lfull_scratch_s2] epoch 39/150 loss=0.2611 val_acc=0.5510 best=0.5729 patience=1/8 elapsed=1290s
  [efficientnetv2_s_Lfull_scratch_s2] epoch 40/150 loss=0.2478 val_acc=0.5401 best=0.5729 patience=2/8 elapsed=1323s
  [efficientnetv2_s_Lfull_scratch_s2] epoch 41/150 loss=0.2402 val_acc=0.5419 best=0.5729 patience=3/8 elapsed=1356s
  [efficientnetv2_s_Lfull_scratch_s2] epoch 42/150 loss=0.2312 val_acc=0.5200 best=0.5729 patience=4/8 elapsed=1390s
  [efficientnetv2_s_Lfull_scratch_s2] epoch 43/150 loss=0.2321 val_acc=0.5319 best=0.5729 patience=5/8 elapsed=1423s
  [efficientnetv2_s_Lfull_scratch_s2] epoch 44/150 loss=0.2052 val_acc=0.5610 best=0.5729 patience=6/8 elapsed=1455s
  [efficientnetv2_s_Lfull_scratch_s2] epoch 45/150 loss=0.1865 val_acc=0.5692 best=0.5729 patience=7/8 elapsed=1489s
  [efficientnetv2_s_Lfull_scratch_s2] epoch 46/150 loss=0.1660 val_acc=0.5009 best=0.5729 patience=8/8 elapsed=1522s
  [efficientnetv2_s_Lfull_scratch_s2] early stop @ epoch 46 (best_val_acc=0.5729)
done efficientnetv2_s_Lfull_scratch_s2: top1=0.909 map=0.293
  [vit_small_Lfull_scratch_s2] epoch 1/150 loss=5.7625 val_acc=0.0055 best=0.0055 * patience=0/8 elapsed=22s
  [vit_small_Lfull_scratch_s2] epoch 2/150 loss=5.7786 val_acc=0.0055 best=0.0055 patience=1/8 elapsed=43s
  [vit_small_Lfull_scratch_s2] epoch 3/150 loss=5.7491 val_acc=0.0046 best=0.0055 patience=2/8 elapsed=65s
  [vit_small_Lfull_scratch_s2] epoch 4/150 loss=5.5533 val_acc=0.0118 best=0.0118 * patience=0/8 elapsed=87s
  [vit_small_Lfull_scratch_s2] epoch 5/150 loss=5.3710 val_acc=0.0219 best=0.0219 * patience=0/8 elapsed=108s
  [vit_small_Lfull_scratch_s2] epoch 6/150 loss=5.1161 val_acc=0.0282 best=0.0282 * patience=0/8 elapsed=130s
  [vit_small_Lfull_scratch_s2] epoch 7/150 loss=4.8459 val_acc=0.0373 best=0.0373 * patience=0/8 elapsed=152s
  [vit_small_Lfull_scratch_s2] epoch 8/150 loss=4.6418 val_acc=0.0455 best=0.0455 * patience=0/8 elapsed=174s
  [vit_small_Lfull_scratch_s2] epoch 9/150 loss=4.4872 val_acc=0.0519 best=0.0519 * patience=0/8 elapsed=196s
  [vit_small_Lfull_scratch_s2] epoch 10/150 loss=4.4008 val_acc=0.0583 best=0.0583 * patience=0/8 elapsed=218s
  [vit_small_Lfull_scratch_s2] epoch 11/150 loss=4.2911 val_acc=0.0847 best=0.0847 * patience=0/8 elapsed=240s
  [vit_small_Lfull_scratch_s2] epoch 12/150 loss=4.1948 val_acc=0.1038 best=0.1038 * patience=0/8 elapsed=261s
  [vit_small_Lfull_scratch_s2] epoch 13/150 loss=4.0919 val_acc=0.1120 best=0.1120 * patience=0/8 elapsed=283s
  [vit_small_Lfull_scratch_s2] epoch 14/150 loss=3.9976 val_acc=0.0756 best=0.1120 patience=1/8 elapsed=305s
  [vit_small_Lfull_scratch_s2] epoch 15/150 loss=3.9413 val_acc=0.0829 best=0.1120 patience=2/8 elapsed=327s
  [vit_small_Lfull_scratch_s2] epoch 16/150 loss=3.8918 val_acc=0.1075 best=0.1120 patience=3/8 elapsed=348s
  [vit_small_Lfull_scratch_s2] epoch 17/150 loss=3.7957 val_acc=0.1503 best=0.1503 * patience=0/8 elapsed=370s
  [vit_small_Lfull_scratch_s2] epoch 18/150 loss=3.7543 val_acc=0.1548 best=0.1548 * patience=0/8 elapsed=391s
  [vit_small_Lfull_scratch_s2] epoch 19/150 loss=3.7115 val_acc=0.1038 best=0.1548 patience=1/8 elapsed=413s
  [vit_small_Lfull_scratch_s2] epoch 20/150 loss=3.6489 val_acc=0.1621 best=0.1621 * patience=0/8 elapsed=435s
  [vit_small_Lfull_scratch_s2] epoch 21/150 loss=3.5714 val_acc=0.1503 best=0.1621 patience=1/8 elapsed=457s
  [vit_small_Lfull_scratch_s2] epoch 22/150 loss=3.5393 val_acc=0.1403 best=0.1621 patience=2/8 elapsed=478s
  [vit_small_Lfull_scratch_s2] epoch 23/150 loss=3.4866 val_acc=0.1220 best=0.1621 patience=3/8 elapsed=500s
  [vit_small_Lfull_scratch_s2] epoch 24/150 loss=3.4282 val_acc=0.1676 best=0.1676 * patience=0/8 elapsed=521s
  [vit_small_Lfull_scratch_s2] epoch 25/150 loss=3.3946 val_acc=0.2149 best=0.2149 * patience=0/8 elapsed=543s
  [vit_small_Lfull_scratch_s2] epoch 26/150 loss=3.3412 val_acc=0.2031 best=0.2149 patience=1/8 elapsed=564s
  [vit_small_Lfull_scratch_s2] epoch 27/150 loss=3.2884 val_acc=0.1903 best=0.2149 patience=2/8 elapsed=586s
  [vit_small_Lfull_scratch_s2] epoch 28/150 loss=3.2268 val_acc=0.2277 best=0.2277 * patience=0/8 elapsed=608s
  [vit_small_Lfull_scratch_s2] epoch 29/150 loss=3.2025 val_acc=0.2040 best=0.2277 patience=1/8 elapsed=629s
  [vit_small_Lfull_scratch_s2] epoch 30/150 loss=3.1608 val_acc=0.2149 best=0.2277 patience=2/8 elapsed=651s
  [vit_small_Lfull_scratch_s2] epoch 31/150 loss=3.1333 val_acc=0.2022 best=0.2277 patience=3/8 elapsed=673s
  [vit_small_Lfull_scratch_s2] epoch 32/150 loss=3.1011 val_acc=0.2413 best=0.2413 * patience=0/8 elapsed=694s
  [vit_small_Lfull_scratch_s2] epoch 33/150 loss=3.0385 val_acc=0.2313 best=0.2413 patience=1/8 elapsed=716s
  [vit_small_Lfull_scratch_s2] epoch 34/150 loss=3.0069 val_acc=0.2514 best=0.2514 * patience=0/8 elapsed=738s
  [vit_small_Lfull_scratch_s2] epoch 35/150 loss=2.9349 val_acc=0.2341 best=0.2514 patience=1/8 elapsed=759s
  [vit_small_Lfull_scratch_s2] epoch 36/150 loss=2.9115 val_acc=0.2413 best=0.2514 patience=2/8 elapsed=781s
  [vit_small_Lfull_scratch_s2] epoch 37/150 loss=2.8838 val_acc=0.2341 best=0.2514 patience=3/8 elapsed=803s
  [vit_small_Lfull_scratch_s2] epoch 38/150 loss=2.8830 val_acc=0.2450 best=0.2514 patience=4/8 elapsed=824s
  [vit_small_Lfull_scratch_s2] epoch 39/150 loss=2.8079 val_acc=0.2277 best=0.2514 patience=5/8 elapsed=846s
  [vit_small_Lfull_scratch_s2] epoch 40/150 loss=2.7926 val_acc=0.2796 best=0.2796 * patience=0/8 elapsed=867s
  [vit_small_Lfull_scratch_s2] epoch 41/150 loss=2.7211 val_acc=0.2614 best=0.2796 patience=1/8 elapsed=889s
  [vit_small_Lfull_scratch_s2] epoch 42/150 loss=2.7189 val_acc=0.2596 best=0.2796 patience=2/8 elapsed=911s
  [vit_small_Lfull_scratch_s2] epoch 43/150 loss=2.6915 val_acc=0.3042 best=0.3042 * patience=0/8 elapsed=933s
  [vit_small_Lfull_scratch_s2] epoch 44/150 loss=2.6232 val_acc=0.2887 best=0.3042 patience=1/8 elapsed=954s
  [vit_small_Lfull_scratch_s2] epoch 45/150 loss=2.6002 val_acc=0.3224 best=0.3224 * patience=0/8 elapsed=976s
  [vit_small_Lfull_scratch_s2] epoch 46/150 loss=2.5267 val_acc=0.3042 best=0.3224 patience=1/8 elapsed=998s
  [vit_small_Lfull_scratch_s2] epoch 47/150 loss=2.5168 val_acc=0.2714 best=0.3224 patience=2/8 elapsed=1019s
  [vit_small_Lfull_scratch_s2] epoch 48/150 loss=2.4830 val_acc=0.3169 best=0.3224 patience=3/8 elapsed=1041s
  [vit_small_Lfull_scratch_s2] epoch 49/150 loss=2.4620 val_acc=0.3370 best=0.3370 * patience=0/8 elapsed=1063s
  [vit_small_Lfull_scratch_s2] epoch 50/150 loss=2.4351 val_acc=0.3270 best=0.3370 patience=1/8 elapsed=1084s
  [vit_small_Lfull_scratch_s2] epoch 51/150 loss=2.3863 val_acc=0.3179 best=0.3370 patience=2/8 elapsed=1106s
  [vit_small_Lfull_scratch_s2] epoch 52/150 loss=2.3598 val_acc=0.3288 best=0.3370 patience=3/8 elapsed=1128s
  [vit_small_Lfull_scratch_s2] epoch 53/150 loss=2.3201 val_acc=0.3215 best=0.3370 patience=4/8 elapsed=1149s
  [vit_small_Lfull_scratch_s2] epoch 54/150 loss=2.2919 val_acc=0.3424 best=0.3424 * patience=0/8 elapsed=1171s
  [vit_small_Lfull_scratch_s2] epoch 55/150 loss=2.2304 val_acc=0.3515 best=0.3515 * patience=0/8 elapsed=1193s
  [vit_small_Lfull_scratch_s2] epoch 56/150 loss=2.2184 val_acc=0.3169 best=0.3515 patience=1/8 elapsed=1215s
  [vit_small_Lfull_scratch_s2] epoch 57/150 loss=2.1914 val_acc=0.3333 best=0.3515 patience=2/8 elapsed=1236s
  [vit_small_Lfull_scratch_s2] epoch 58/150 loss=2.1469 val_acc=0.3780 best=0.3780 * patience=0/8 elapsed=1258s
  [vit_small_Lfull_scratch_s2] epoch 59/150 loss=2.1110 val_acc=0.3443 best=0.3780 patience=1/8 elapsed=1279s
  [vit_small_Lfull_scratch_s2] epoch 60/150 loss=2.0818 val_acc=0.3780 best=0.3780 patience=2/8 elapsed=1301s
  [vit_small_Lfull_scratch_s2] epoch 61/150 loss=2.0326 val_acc=0.3825 best=0.3825 * patience=0/8 elapsed=1322s
  [vit_small_Lfull_scratch_s2] epoch 62/150 loss=2.0237 val_acc=0.3689 best=0.3825 patience=1/8 elapsed=1344s
  [vit_small_Lfull_scratch_s2] epoch 63/150 loss=1.9912 val_acc=0.3834 best=0.3834 * patience=0/8 elapsed=1366s
  [vit_small_Lfull_scratch_s2] epoch 64/150 loss=1.9658 val_acc=0.3925 best=0.3925 * patience=0/8 elapsed=1388s
  [vit_small_Lfull_scratch_s2] epoch 65/150 loss=1.8874 val_acc=0.3998 best=0.3998 * patience=0/8 elapsed=1409s
  [vit_small_Lfull_scratch_s2] epoch 66/150 loss=1.8669 val_acc=0.3707 best=0.3998 patience=1/8 elapsed=1431s
  [vit_small_Lfull_scratch_s2] epoch 67/150 loss=1.8324 val_acc=0.3798 best=0.3998 patience=2/8 elapsed=1453s
  [vit_small_Lfull_scratch_s2] epoch 68/150 loss=1.8254 val_acc=0.3880 best=0.3998 patience=3/8 elapsed=1474s
  [vit_small_Lfull_scratch_s2] epoch 69/150 loss=1.7589 val_acc=0.4199 best=0.4199 * patience=0/8 elapsed=1496s
  [vit_small_Lfull_scratch_s2] epoch 70/150 loss=1.7394 val_acc=0.4007 best=0.4199 patience=1/8 elapsed=1517s
  [vit_small_Lfull_scratch_s2] epoch 71/150 loss=1.7114 val_acc=0.3625 best=0.4199 patience=2/8 elapsed=1539s
  [vit_small_Lfull_scratch_s2] epoch 72/150 loss=1.6745 val_acc=0.4308 best=0.4308 * patience=0/8 elapsed=1561s
  [vit_small_Lfull_scratch_s2] epoch 73/150 loss=1.6370 val_acc=0.4199 best=0.4308 patience=1/8 elapsed=1582s
  [vit_small_Lfull_scratch_s2] epoch 74/150 loss=1.5725 val_acc=0.4235 best=0.4308 patience=2/8 elapsed=1604s
  [vit_small_Lfull_scratch_s2] epoch 75/150 loss=1.5632 val_acc=0.4071 best=0.4308 patience=3/8 elapsed=1626s
  [vit_small_Lfull_scratch_s2] epoch 76/150 loss=1.5304 val_acc=0.4199 best=0.4308 patience=4/8 elapsed=1647s
  [vit_small_Lfull_scratch_s2] epoch 77/150 loss=1.5094 val_acc=0.4107 best=0.4308 patience=5/8 elapsed=1669s
  [vit_small_Lfull_scratch_s2] epoch 78/150 loss=1.4790 val_acc=0.3907 best=0.4308 patience=6/8 elapsed=1691s
  [vit_small_Lfull_scratch_s2] epoch 79/150 loss=1.4189 val_acc=0.4399 best=0.4399 * patience=0/8 elapsed=1713s
  [vit_small_Lfull_scratch_s2] epoch 80/150 loss=1.3780 val_acc=0.4062 best=0.4399 patience=1/8 elapsed=1734s
  [vit_small_Lfull_scratch_s2] epoch 81/150 loss=1.3572 val_acc=0.4353 best=0.4399 patience=2/8 elapsed=1756s
  [vit_small_Lfull_scratch_s2] epoch 82/150 loss=1.3264 val_acc=0.4235 best=0.4399 patience=3/8 elapsed=1778s
  [vit_small_Lfull_scratch_s2] epoch 83/150 loss=1.3016 val_acc=0.4208 best=0.4399 patience=4/8 elapsed=1800s
  [vit_small_Lfull_scratch_s2] epoch 84/150 loss=1.2795 val_acc=0.4262 best=0.4399 patience=5/8 elapsed=1823s
  [vit_small_Lfull_scratch_s2] epoch 85/150 loss=1.2093 val_acc=0.4308 best=0.4399 patience=6/8 elapsed=1845s
  [vit_small_Lfull_scratch_s2] epoch 86/150 loss=1.1913 val_acc=0.4536 best=0.4536 * patience=0/8 elapsed=1868s
  [vit_small_Lfull_scratch_s2] epoch 87/150 loss=1.1453 val_acc=0.4636 best=0.4636 * patience=0/8 elapsed=1891s
  [vit_small_Lfull_scratch_s2] epoch 88/150 loss=1.1317 val_acc=0.4381 best=0.4636 patience=1/8 elapsed=1913s
  [vit_small_Lfull_scratch_s2] epoch 89/150 loss=1.1087 val_acc=0.4836 best=0.4836 * patience=0/8 elapsed=1936s
  [vit_small_Lfull_scratch_s2] epoch 90/150 loss=1.0933 val_acc=0.4435 best=0.4836 patience=1/8 elapsed=1958s
  [vit_small_Lfull_scratch_s2] epoch 91/150 loss=1.0403 val_acc=0.4399 best=0.4836 patience=2/8 elapsed=1980s
  [vit_small_Lfull_scratch_s2] epoch 92/150 loss=1.0072 val_acc=0.4690 best=0.4836 patience=3/8 elapsed=2002s
  [vit_small_Lfull_scratch_s2] epoch 93/150 loss=0.9794 val_acc=0.4454 best=0.4836 patience=4/8 elapsed=2023s
  [vit_small_Lfull_scratch_s2] epoch 94/150 loss=0.9564 val_acc=0.4690 best=0.4836 patience=5/8 elapsed=2045s
  [vit_small_Lfull_scratch_s2] epoch 95/150 loss=0.9411 val_acc=0.4499 best=0.4836 patience=6/8 elapsed=2067s
  [vit_small_Lfull_scratch_s2] epoch 96/150 loss=0.8881 val_acc=0.4827 best=0.4836 patience=7/8 elapsed=2089s
  [vit_small_Lfull_scratch_s2] epoch 97/150 loss=0.8833 val_acc=0.4554 best=0.4836 patience=8/8 elapsed=2111s
  [vit_small_Lfull_scratch_s2] early stop @ epoch 97 (best_val_acc=0.4836)
done vit_small_Lfull_scratch_s2: top1=0.834 map=0.189
