nohup: ignoring input
grid: archs=['convnext_tiny', 'swin_tiny'] levels=[None] modes=['scratch'] seeds=[0, 1, 2] device=cuda
  [convnext_tiny_Lfull_scratch_s0] epoch 1/150 loss=5.8172 val_acc=0.0055 best=0.0055 * patience=0/8 elapsed=36s
  [convnext_tiny_Lfull_scratch_s0] epoch 2/150 loss=5.8051 val_acc=0.0046 best=0.0055 patience=1/8 elapsed=65s
  [convnext_tiny_Lfull_scratch_s0] epoch 3/150 loss=5.7867 val_acc=0.0046 best=0.0055 patience=2/8 elapsed=94s
  [convnext_tiny_Lfull_scratch_s0] epoch 4/150 loss=5.7531 val_acc=0.0046 best=0.0055 patience=3/8 elapsed=123s
  [convnext_tiny_Lfull_scratch_s0] epoch 5/150 loss=5.7395 val_acc=0.0055 best=0.0055 patience=4/8 elapsed=153s
  [convnext_tiny_Lfull_scratch_s0] epoch 6/150 loss=5.7367 val_acc=0.0055 best=0.0055 patience=5/8 elapsed=182s
  [convnext_tiny_Lfull_scratch_s0] epoch 7/150 loss=5.7308 val_acc=0.0055 best=0.0055 patience=6/8 elapsed=211s
  [convnext_tiny_Lfull_scratch_s0] epoch 8/150 loss=5.7281 val_acc=0.0055 best=0.0055 patience=7/8 elapsed=240s
  [convnext_tiny_Lfull_scratch_s0] epoch 9/150 loss=5.7266 val_acc=0.0055 best=0.0055 patience=8/8 elapsed=269s
  [convnext_tiny_Lfull_scratch_s0] early stop @ epoch 9 (best_val_acc=0.0055)
done convnext_tiny_Lfull_scratch_s0: top1=0.003 map=0.012
  [swin_tiny_Lfull_scratch_s0] epoch 1/150 loss=5.7873 val_acc=0.0055 best=0.0055 * patience=0/8 elapsed=36s
  [swin_tiny_Lfull_scratch_s0] epoch 2/150 loss=5.8223 val_acc=0.0046 best=0.0055 patience=1/8 elapsed=72s
  [swin_tiny_Lfull_scratch_s0] epoch 3/150 loss=5.8147 val_acc=0.0055 best=0.0055 patience=2/8 elapsed=109s
  [swin_tiny_Lfull_scratch_s0] epoch 4/150 loss=5.7078 val_acc=0.0073 best=0.0073 * patience=0/8 elapsed=145s
  [swin_tiny_Lfull_scratch_s0] epoch 5/150 loss=5.6550 val_acc=0.0109 best=0.0109 * patience=0/8 elapsed=182s
  [swin_tiny_Lfull_scratch_s0] epoch 6/150 loss=5.6059 val_acc=0.0109 best=0.0109 patience=1/8 elapsed=218s
  [swin_tiny_Lfull_scratch_s0] epoch 7/150 loss=5.5611 val_acc=0.0082 best=0.0109 patience=2/8 elapsed=254s
  [swin_tiny_Lfull_scratch_s0] epoch 8/150 loss=5.5444 val_acc=0.0082 best=0.0109 patience=3/8 elapsed=290s
  [swin_tiny_Lfull_scratch_s0] epoch 9/150 loss=5.5427 val_acc=0.0109 best=0.0109 patience=4/8 elapsed=327s
  [swin_tiny_Lfull_scratch_s0] epoch 10/150 loss=5.5254 val_acc=0.0155 best=0.0155 * patience=0/8 elapsed=363s
  [swin_tiny_Lfull_scratch_s0] epoch 11/150 loss=5.5359 val_acc=0.0091 best=0.0155 patience=1/8 elapsed=400s
  [swin_tiny_Lfull_scratch_s0] epoch 12/150 loss=5.5268 val_acc=0.0137 best=0.0155 patience=2/8 elapsed=436s
  [swin_tiny_Lfull_scratch_s0] epoch 13/150 loss=5.5003 val_acc=0.0091 best=0.0155 patience=3/8 elapsed=472s
  [swin_tiny_Lfull_scratch_s0] epoch 14/150 loss=5.5127 val_acc=0.0137 best=0.0155 patience=4/8 elapsed=509s
  [swin_tiny_Lfull_scratch_s0] epoch 15/150 loss=5.5036 val_acc=0.0109 best=0.0155 patience=5/8 elapsed=545s
  [swin_tiny_Lfull_scratch_s0] epoch 16/150 loss=5.5217 val_acc=0.0082 best=0.0155 patience=6/8 elapsed=581s
  [swin_tiny_Lfull_scratch_s0] epoch 17/150 loss=5.5220 val_acc=0.0146 best=0.0155 patience=7/8 elapsed=617s
  [swin_tiny_Lfull_scratch_s0] epoch 18/150 loss=5.5151 val_acc=0.0128 best=0.0155 patience=8/8 elapsed=654s
  [swin_tiny_Lfull_scratch_s0] early stop @ epoch 18 (best_val_acc=0.0155)
done swin_tiny_Lfull_scratch_s0: top1=0.013 map=0.012
  [convnext_tiny_Lfull_scratch_s1] epoch 1/150 loss=5.8060 val_acc=0.0046 best=0.0046 * patience=0/8 elapsed=29s
  [convnext_tiny_Lfull_scratch_s1] epoch 2/150 loss=5.8040 val_acc=0.0055 best=0.0055 * patience=0/8 elapsed=59s
  [convnext_tiny_Lfull_scratch_s1] epoch 3/150 loss=5.8091 val_acc=0.0055 best=0.0055 patience=1/8 elapsed=88s
  [convnext_tiny_Lfull_scratch_s1] epoch 4/150 loss=5.7961 val_acc=0.0027 best=0.0055 patience=2/8 elapsed=118s
  [convnext_tiny_Lfull_scratch_s1] epoch 5/150 loss=5.7664 val_acc=0.0055 best=0.0055 patience=3/8 elapsed=147s
  [convnext_tiny_Lfull_scratch_s1] epoch 6/150 loss=5.7387 val_acc=0.0055 best=0.0055 patience=4/8 elapsed=176s
  [convnext_tiny_Lfull_scratch_s1] epoch 7/150 loss=5.7316 val_acc=0.0055 best=0.0055 patience=5/8 elapsed=206s
  [convnext_tiny_Lfull_scratch_s1] epoch 8/150 loss=5.7294 val_acc=0.0055 best=0.0055 patience=6/8 elapsed=235s
  [convnext_tiny_Lfull_scratch_s1] epoch 9/150 loss=5.7273 val_acc=0.0055 best=0.0055 patience=7/8 elapsed=265s
  [convnext_tiny_Lfull_scratch_s1] epoch 10/150 loss=5.7258 val_acc=0.0055 best=0.0055 patience=8/8 elapsed=294s
  [convnext_tiny_Lfull_scratch_s1] early stop @ epoch 10 (best_val_acc=0.0055)
done convnext_tiny_Lfull_scratch_s1: top1=0.003 map=0.012
  [swin_tiny_Lfull_scratch_s1] epoch 1/150 loss=5.7932 val_acc=0.0046 best=0.0046 * patience=0/8 elapsed=36s
  [swin_tiny_Lfull_scratch_s1] epoch 2/150 loss=5.8218 val_acc=0.0046 best=0.0046 patience=1/8 elapsed=72s
  [swin_tiny_Lfull_scratch_s1] epoch 3/150 loss=5.8051 val_acc=0.0082 best=0.0082 * patience=0/8 elapsed=109s
  [swin_tiny_Lfull_scratch_s1] epoch 4/150 loss=5.6987 val_acc=0.0046 best=0.0082 patience=1/8 elapsed=145s
  [swin_tiny_Lfull_scratch_s1] epoch 5/150 loss=5.7535 val_acc=0.0055 best=0.0082 patience=2/8 elapsed=182s
  [swin_tiny_Lfull_scratch_s1] epoch 6/150 loss=5.6891 val_acc=0.0118 best=0.0118 * patience=0/8 elapsed=218s
  [swin_tiny_Lfull_scratch_s1] epoch 7/150 loss=5.5974 val_acc=0.0100 best=0.0118 patience=1/8 elapsed=254s
  [swin_tiny_Lfull_scratch_s1] epoch 8/150 loss=5.5638 val_acc=0.0164 best=0.0164 * patience=0/8 elapsed=291s
  [swin_tiny_Lfull_scratch_s1] epoch 9/150 loss=5.5418 val_acc=0.0173 best=0.0173 * patience=0/8 elapsed=327s
  [swin_tiny_Lfull_scratch_s1] epoch 10/150 loss=5.5185 val_acc=0.0082 best=0.0173 patience=1/8 elapsed=364s
  [swin_tiny_Lfull_scratch_s1] epoch 11/150 loss=5.5131 val_acc=0.0146 best=0.0173 patience=2/8 elapsed=400s
  [swin_tiny_Lfull_scratch_s1] epoch 12/150 loss=5.5051 val_acc=0.0109 best=0.0173 patience=3/8 elapsed=436s
  [swin_tiny_Lfull_scratch_s1] epoch 13/150 loss=5.5054 val_acc=0.0146 best=0.0173 patience=4/8 elapsed=472s
  [swin_tiny_Lfull_scratch_s1] epoch 14/150 loss=5.4802 val_acc=0.0109 best=0.0173 patience=5/8 elapsed=509s
  [swin_tiny_Lfull_scratch_s1] epoch 15/150 loss=5.5371 val_acc=0.0073 best=0.0173 patience=6/8 elapsed=545s
  [swin_tiny_Lfull_scratch_s1] epoch 16/150 loss=5.5724 val_acc=0.0118 best=0.0173 patience=7/8 elapsed=581s
  [swin_tiny_Lfull_scratch_s1] epoch 17/150 loss=5.5265 val_acc=0.0091 best=0.0173 patience=8/8 elapsed=618s
  [swin_tiny_Lfull_scratch_s1] early stop @ epoch 17 (best_val_acc=0.0173)
done swin_tiny_Lfull_scratch_s1: top1=0.019 map=0.012
  [convnext_tiny_Lfull_scratch_s2] epoch 1/150 loss=5.8012 val_acc=0.0046 best=0.0046 * patience=0/8 elapsed=29s
  [convnext_tiny_Lfull_scratch_s2] epoch 2/150 loss=5.8054 val_acc=0.0055 best=0.0055 * patience=0/8 elapsed=59s
  [convnext_tiny_Lfull_scratch_s2] epoch 3/150 loss=5.8119 val_acc=0.0055 best=0.0055 patience=1/8 elapsed=88s
  [convnext_tiny_Lfull_scratch_s2] epoch 4/150 loss=5.7924 val_acc=0.0055 best=0.0055 patience=2/8 elapsed=118s
  [convnext_tiny_Lfull_scratch_s2] epoch 5/150 loss=5.7553 val_acc=0.0055 best=0.0055 patience=3/8 elapsed=147s
  [convnext_tiny_Lfull_scratch_s2] epoch 6/150 loss=5.7253 val_acc=0.0109 best=0.0109 * patience=0/8 elapsed=177s
  [convnext_tiny_Lfull_scratch_s2] epoch 7/150 loss=5.6171 val_acc=0.0109 best=0.0109 patience=1/8 elapsed=206s
  [convnext_tiny_Lfull_scratch_s2] epoch 8/150 loss=5.5697 val_acc=0.0137 best=0.0137 * patience=0/8 elapsed=236s
  [convnext_tiny_Lfull_scratch_s2] epoch 9/150 loss=5.5471 val_acc=0.0128 best=0.0137 patience=1/8 elapsed=265s
  [convnext_tiny_Lfull_scratch_s2] epoch 10/150 loss=5.5275 val_acc=0.0109 best=0.0137 patience=2/8 elapsed=295s
  [convnext_tiny_Lfull_scratch_s2] epoch 11/150 loss=5.5058 val_acc=0.0100 best=0.0137 patience=3/8 elapsed=324s
  [convnext_tiny_Lfull_scratch_s2] epoch 12/150 loss=5.5006 val_acc=0.0128 best=0.0137 patience=4/8 elapsed=354s
  [convnext_tiny_Lfull_scratch_s2] epoch 13/150 loss=5.4949 val_acc=0.0137 best=0.0137 patience=5/8 elapsed=383s
  [convnext_tiny_Lfull_scratch_s2] epoch 14/150 loss=5.4930 val_acc=0.0146 best=0.0146 * patience=0/8 elapsed=413s
  [convnext_tiny_Lfull_scratch_s2] epoch 15/150 loss=5.4532 val_acc=0.0146 best=0.0146 patience=1/8 elapsed=443s
  [convnext_tiny_Lfull_scratch_s2] epoch 16/150 loss=5.4353 val_acc=0.0173 best=0.0173 * patience=0/8 elapsed=472s
  [convnext_tiny_Lfull_scratch_s2] epoch 17/150 loss=5.4266 val_acc=0.0173 best=0.0173 patience=1/8 elapsed=502s
  [convnext_tiny_Lfull_scratch_s2] epoch 18/150 loss=5.3843 val_acc=0.0173 best=0.0173 patience=2/8 elapsed=531s
  [convnext_tiny_Lfull_scratch_s2] epoch 19/150 loss=5.3851 val_acc=0.0173 best=0.0173 patience=3/8 elapsed=561s
  [convnext_tiny_Lfull_scratch_s2] epoch 20/150 loss=5.2624 val_acc=0.0209 best=0.0209 * patience=0/8 elapsed=590s
  [convnext_tiny_Lfull_scratch_s2] epoch 21/150 loss=5.1725 val_acc=0.0209 best=0.0209 patience=1/8 elapsed=620s
  [convnext_tiny_Lfull_scratch_s2] epoch 22/150 loss=5.0798 val_acc=0.0310 best=0.0310 * patience=0/8 elapsed=649s
  [convnext_tiny_Lfull_scratch_s2] epoch 23/150 loss=4.9845 val_acc=0.0446 best=0.0446 * patience=0/8 elapsed=679s
  [convnext_tiny_Lfull_scratch_s2] epoch 24/150 loss=4.9115 val_acc=0.0291 best=0.0446 patience=1/8 elapsed=709s
  [convnext_tiny_Lfull_scratch_s2] epoch 25/150 loss=4.8174 val_acc=0.0556 best=0.0556 * patience=0/8 elapsed=738s
  [convnext_tiny_Lfull_scratch_s2] epoch 26/150 loss=4.7476 val_acc=0.0683 best=0.0683 * patience=0/8 elapsed=768s
  [convnext_tiny_Lfull_scratch_s2] epoch 27/150 loss=4.6535 val_acc=0.0783 best=0.0783 * patience=0/8 elapsed=798s
  [convnext_tiny_Lfull_scratch_s2] epoch 28/150 loss=4.5122 val_acc=0.0792 best=0.0792 * patience=0/8 elapsed=827s
  [convnext_tiny_Lfull_scratch_s2] epoch 29/150 loss=4.3776 val_acc=0.1047 best=0.1047 * patience=0/8 elapsed=857s
  [convnext_tiny_Lfull_scratch_s2] epoch 30/150 loss=4.2185 val_acc=0.0984 best=0.1047 patience=1/8 elapsed=886s
  [convnext_tiny_Lfull_scratch_s2] epoch 31/150 loss=4.0382 val_acc=0.1120 best=0.1120 * patience=0/8 elapsed=916s
  [convnext_tiny_Lfull_scratch_s2] epoch 32/150 loss=3.8810 val_acc=0.1184 best=0.1184 * patience=0/8 elapsed=946s
  [convnext_tiny_Lfull_scratch_s2] epoch 33/150 loss=3.7393 val_acc=0.1485 best=0.1485 * patience=0/8 elapsed=975s
  [convnext_tiny_Lfull_scratch_s2] epoch 34/150 loss=3.6102 val_acc=0.1339 best=0.1485 patience=1/8 elapsed=1005s
  [convnext_tiny_Lfull_scratch_s2] epoch 35/150 loss=3.4848 val_acc=0.1913 best=0.1913 * patience=0/8 elapsed=1034s
  [convnext_tiny_Lfull_scratch_s2] epoch 36/150 loss=3.3662 val_acc=0.2231 best=0.2231 * patience=0/8 elapsed=1064s
  [convnext_tiny_Lfull_scratch_s2] epoch 37/150 loss=3.2593 val_acc=0.1976 best=0.2231 patience=1/8 elapsed=1094s
  [convnext_tiny_Lfull_scratch_s2] epoch 38/150 loss=3.1563 val_acc=0.1976 best=0.2231 patience=2/8 elapsed=1123s
  [convnext_tiny_Lfull_scratch_s2] epoch 39/150 loss=3.0708 val_acc=0.2450 best=0.2450 * patience=0/8 elapsed=1153s
  [convnext_tiny_Lfull_scratch_s2] epoch 40/150 loss=2.9659 val_acc=0.2696 best=0.2696 * patience=0/8 elapsed=1183s
  [convnext_tiny_Lfull_scratch_s2] epoch 41/150 loss=2.8650 val_acc=0.2231 best=0.2696 patience=1/8 elapsed=1212s
  [convnext_tiny_Lfull_scratch_s2] epoch 42/150 loss=2.8106 val_acc=0.2541 best=0.2696 patience=2/8 elapsed=1242s
  [convnext_tiny_Lfull_scratch_s2] epoch 43/150 loss=2.7544 val_acc=0.2432 best=0.2696 patience=3/8 elapsed=1271s
  [convnext_tiny_Lfull_scratch_s2] epoch 44/150 loss=2.6488 val_acc=0.2887 best=0.2887 * patience=0/8 elapsed=1301s
  [convnext_tiny_Lfull_scratch_s2] epoch 45/150 loss=2.5762 val_acc=0.2832 best=0.2887 patience=1/8 elapsed=1331s
  [convnext_tiny_Lfull_scratch_s2] epoch 46/150 loss=2.5276 val_acc=0.3033 best=0.3033 * patience=0/8 elapsed=1360s
  [convnext_tiny_Lfull_scratch_s2] epoch 47/150 loss=2.4486 val_acc=0.2596 best=0.3033 patience=1/8 elapsed=1390s
  [convnext_tiny_Lfull_scratch_s2] epoch 48/150 loss=2.4033 val_acc=0.3024 best=0.3033 patience=2/8 elapsed=1419s
  [convnext_tiny_Lfull_scratch_s2] epoch 49/150 loss=2.3397 val_acc=0.3215 best=0.3215 * patience=0/8 elapsed=1449s
  [convnext_tiny_Lfull_scratch_s2] epoch 50/150 loss=2.2790 val_acc=0.3051 best=0.3215 patience=1/8 elapsed=1479s
  [convnext_tiny_Lfull_scratch_s2] epoch 51/150 loss=2.2390 val_acc=0.3251 best=0.3251 * patience=0/8 elapsed=1508s
  [convnext_tiny_Lfull_scratch_s2] epoch 52/150 loss=2.1724 val_acc=0.2933 best=0.3251 patience=1/8 elapsed=1538s
  [convnext_tiny_Lfull_scratch_s2] epoch 53/150 loss=2.0904 val_acc=0.2933 best=0.3251 patience=2/8 elapsed=1567s
  [convnext_tiny_Lfull_scratch_s2] epoch 54/150 loss=2.0437 val_acc=0.3251 best=0.3251 patience=3/8 elapsed=1597s
  [convnext_tiny_Lfull_scratch_s2] epoch 55/150 loss=2.0194 val_acc=0.3233 best=0.3251 patience=4/8 elapsed=1626s
  [convnext_tiny_Lfull_scratch_s2] epoch 56/150 loss=1.9383 val_acc=0.3488 best=0.3488 * patience=0/8 elapsed=1656s
  [convnext_tiny_Lfull_scratch_s2] epoch 57/150 loss=1.9047 val_acc=0.2942 best=0.3488 patience=1/8 elapsed=1686s
  [convnext_tiny_Lfull_scratch_s2] epoch 58/150 loss=1.8579 val_acc=0.3661 best=0.3661 * patience=0/8 elapsed=1715s
  [convnext_tiny_Lfull_scratch_s2] epoch 59/150 loss=1.8154 val_acc=0.3352 best=0.3661 patience=1/8 elapsed=1745s
  [convnext_tiny_Lfull_scratch_s2] epoch 60/150 loss=1.7473 val_acc=0.3552 best=0.3661 patience=2/8 elapsed=1774s
  [convnext_tiny_Lfull_scratch_s2] epoch 61/150 loss=1.6894 val_acc=0.3242 best=0.3661 patience=3/8 elapsed=1804s
  [convnext_tiny_Lfull_scratch_s2] epoch 62/150 loss=1.6453 val_acc=0.3379 best=0.3661 patience=4/8 elapsed=1834s
  [convnext_tiny_Lfull_scratch_s2] epoch 63/150 loss=1.6028 val_acc=0.3880 best=0.3880 * patience=0/8 elapsed=1863s
  [convnext_tiny_Lfull_scratch_s2] epoch 64/150 loss=1.5543 val_acc=0.3060 best=0.3880 patience=1/8 elapsed=1893s
  [convnext_tiny_Lfull_scratch_s2] epoch 65/150 loss=1.5249 val_acc=0.3069 best=0.3880 patience=2/8 elapsed=1923s
  [convnext_tiny_Lfull_scratch_s2] epoch 66/150 loss=1.4913 val_acc=0.3834 best=0.3880 patience=3/8 elapsed=1952s
  [convnext_tiny_Lfull_scratch_s2] epoch 67/150 loss=1.4242 val_acc=0.3424 best=0.3880 patience=4/8 elapsed=1982s
  [convnext_tiny_Lfull_scratch_s2] epoch 68/150 loss=1.4114 val_acc=0.3971 best=0.3971 * patience=0/8 elapsed=2011s
  [convnext_tiny_Lfull_scratch_s2] epoch 69/150 loss=1.3310 val_acc=0.3780 best=0.3971 patience=1/8 elapsed=2041s
  [convnext_tiny_Lfull_scratch_s2] epoch 70/150 loss=1.2976 val_acc=0.3971 best=0.3971 patience=2/8 elapsed=2071s
  [convnext_tiny_Lfull_scratch_s2] epoch 71/150 loss=1.2519 val_acc=0.3543 best=0.3971 patience=3/8 elapsed=2100s
  [convnext_tiny_Lfull_scratch_s2] epoch 72/150 loss=1.2091 val_acc=0.3597 best=0.3971 patience=4/8 elapsed=2130s
  [convnext_tiny_Lfull_scratch_s2] epoch 73/150 loss=1.1491 val_acc=0.3707 best=0.3971 patience=5/8 elapsed=2159s
  [convnext_tiny_Lfull_scratch_s2] epoch 74/150 loss=1.1400 val_acc=0.3488 best=0.3971 patience=6/8 elapsed=2189s
  [convnext_tiny_Lfull_scratch_s2] epoch 75/150 loss=1.0921 val_acc=0.3907 best=0.3971 patience=7/8 elapsed=2218s
  [convnext_tiny_Lfull_scratch_s2] epoch 76/150 loss=1.0405 val_acc=0.3725 best=0.3971 patience=8/8 elapsed=2248s
  [convnext_tiny_Lfull_scratch_s2] early stop @ epoch 76 (best_val_acc=0.3971)
done convnext_tiny_Lfull_scratch_s2: top1=0.760 map=0.134
  [swin_tiny_Lfull_scratch_s2] epoch 1/150 loss=5.7869 val_acc=0.0055 best=0.0055 * patience=0/8 elapsed=36s
  [swin_tiny_Lfull_scratch_s2] epoch 2/150 loss=5.8220 val_acc=0.0055 best=0.0055 patience=1/8 elapsed=72s
  [swin_tiny_Lfull_scratch_s2] epoch 3/150 loss=5.8123 val_acc=0.0064 best=0.0064 * patience=0/8 elapsed=109s
  [swin_tiny_Lfull_scratch_s2] epoch 4/150 loss=5.6709 val_acc=0.0109 best=0.0109 * patience=0/8 elapsed=145s
  [swin_tiny_Lfull_scratch_s2] epoch 5/150 loss=5.6119 val_acc=0.0091 best=0.0109 patience=1/8 elapsed=182s
  [swin_tiny_Lfull_scratch_s2] epoch 6/150 loss=5.6050 val_acc=0.0073 best=0.0109 patience=2/8 elapsed=218s
  [swin_tiny_Lfull_scratch_s2] epoch 7/150 loss=5.5788 val_acc=0.0100 best=0.0109 patience=3/8 elapsed=254s
  [swin_tiny_Lfull_scratch_s2] epoch 8/150 loss=5.5689 val_acc=0.0064 best=0.0109 patience=4/8 elapsed=291s
  [swin_tiny_Lfull_scratch_s2] epoch 9/150 loss=5.7839 val_acc=0.0055 best=0.0109 patience=5/8 elapsed=327s
  [swin_tiny_Lfull_scratch_s2] epoch 10/150 loss=5.7812 val_acc=0.0055 best=0.0109 patience=6/8 elapsed=363s
  [swin_tiny_Lfull_scratch_s2] epoch 11/150 loss=5.7503 val_acc=0.0128 best=0.0128 * patience=0/8 elapsed=400s
  [swin_tiny_Lfull_scratch_s2] epoch 12/150 loss=5.6128 val_acc=0.0118 best=0.0128 patience=1/8 elapsed=436s
  [swin_tiny_Lfull_scratch_s2] epoch 13/150 loss=5.5804 val_acc=0.0109 best=0.0128 patience=2/8 elapsed=472s
  [swin_tiny_Lfull_scratch_s2] epoch 14/150 loss=5.6215 val_acc=0.0073 best=0.0128 patience=3/8 elapsed=509s
  [swin_tiny_Lfull_scratch_s2] epoch 15/150 loss=5.5949 val_acc=0.0146 best=0.0146 * patience=0/8 elapsed=545s
  [swin_tiny_Lfull_scratch_s2] epoch 16/150 loss=5.6357 val_acc=0.0036 best=0.0146 patience=1/8 elapsed=582s
  [swin_tiny_Lfull_scratch_s2] epoch 17/150 loss=5.6254 val_acc=0.0109 best=0.0146 patience=2/8 elapsed=618s
  [swin_tiny_Lfull_scratch_s2] epoch 18/150 loss=5.6051 val_acc=0.0109 best=0.0146 patience=3/8 elapsed=654s
  [swin_tiny_Lfull_scratch_s2] epoch 19/150 loss=5.5871 val_acc=0.0064 best=0.0146 patience=4/8 elapsed=690s
  [swin_tiny_Lfull_scratch_s2] epoch 20/150 loss=5.6834 val_acc=0.0091 best=0.0146 patience=5/8 elapsed=727s
  [swin_tiny_Lfull_scratch_s2] epoch 21/150 loss=5.5980 val_acc=0.0100 best=0.0146 patience=6/8 elapsed=763s
  [swin_tiny_Lfull_scratch_s2] epoch 22/150 loss=5.5593 val_acc=0.0100 best=0.0146 patience=7/8 elapsed=799s
  [swin_tiny_Lfull_scratch_s2] epoch 23/150 loss=5.5592 val_acc=0.0073 best=0.0146 patience=8/8 elapsed=835s
  [swin_tiny_Lfull_scratch_s2] early stop @ epoch 23 (best_val_acc=0.0146)
done swin_tiny_Lfull_scratch_s2: top1=0.010 map=0.010
