nohup: ignoring input
grid: archs=['convnext_tiny', 'swin_tiny'] levels=[4] modes=['pretrained'] seeds=[0, 1, 2] device=cuda
skip convnext_tiny_L4_pretrained_s0
Warning: You are sending unauthenticated requests to the HF Hub. Please set a HF_TOKEN to enable higher rate limits and faster downloads.
  [swin_tiny_L4_pretrained_s0] epoch 1/40 loss=5.7435 val_acc=0.0028 best=0.0028 * patience=0/8 elapsed=35s
  [swin_tiny_L4_pretrained_s0] epoch 2/40 loss=4.6840 val_acc=0.2027 best=0.2027 * patience=0/8 elapsed=70s
  [swin_tiny_L4_pretrained_s0] epoch 3/40 loss=2.9889 val_acc=0.3343 best=0.3343 * patience=0/8 elapsed=104s
  [swin_tiny_L4_pretrained_s0] epoch 4/40 loss=2.3209 val_acc=0.4602 best=0.4602 * patience=0/8 elapsed=139s
  [swin_tiny_L4_pretrained_s0] epoch 5/40 loss=1.7278 val_acc=0.5142 best=0.5142 * patience=0/8 elapsed=174s
  [swin_tiny_L4_pretrained_s0] epoch 6/40 loss=1.2944 val_acc=0.5379 best=0.5379 * patience=0/8 elapsed=209s
  [swin_tiny_L4_pretrained_s0] epoch 7/40 loss=1.0311 val_acc=0.5909 best=0.5909 * patience=0/8 elapsed=244s
  [swin_tiny_L4_pretrained_s0] epoch 8/40 loss=0.8532 val_acc=0.5938 best=0.5938 * patience=0/8 elapsed=279s
  [swin_tiny_L4_pretrained_s0] epoch 9/40 loss=0.7004 val_acc=0.6278 best=0.6278 * patience=0/8 elapsed=314s
  [swin_tiny_L4_pretrained_s0] epoch 10/40 loss=0.5968 val_acc=0.6307 best=0.6307 * patience=0/8 elapsed=349s
  [swin_tiny_L4_pretrained_s0] epoch 11/40 loss=0.5132 val_acc=0.6610 best=0.6610 * patience=0/8 elapsed=384s
  [swin_tiny_L4_pretrained_s0] epoch 12/40 loss=0.4547 val_acc=0.6903 best=0.6903 * patience=0/8 elapsed=419s
  [swin_tiny_L4_pretrained_s0] epoch 13/40 loss=0.3618 val_acc=0.7102 best=0.7102 * patience=0/8 elapsed=454s
  [swin_tiny_L4_pretrained_s0] epoch 14/40 loss=0.3244 val_acc=0.6913 best=0.7102 patience=1/8 elapsed=489s
  [swin_tiny_L4_pretrained_s0] epoch 15/40 loss=0.2897 val_acc=0.7008 best=0.7102 patience=2/8 elapsed=524s
  [swin_tiny_L4_pretrained_s0] epoch 16/40 loss=0.2430 val_acc=0.7036 best=0.7102 patience=3/8 elapsed=559s
  [swin_tiny_L4_pretrained_s0] epoch 17/40 loss=0.2211 val_acc=0.6894 best=0.7102 patience=4/8 elapsed=593s
  [swin_tiny_L4_pretrained_s0] epoch 18/40 loss=0.2008 val_acc=0.6790 best=0.7102 patience=5/8 elapsed=628s
  [swin_tiny_L4_pretrained_s0] epoch 19/40 loss=0.1786 val_acc=0.7102 best=0.7102 patience=6/8 elapsed=663s
  [swin_tiny_L4_pretrained_s0] epoch 20/40 loss=0.1491 val_acc=0.7301 best=0.7301 * patience=0/8 elapsed=698s
  [swin_tiny_L4_pretrained_s0] epoch 21/40 loss=0.1208 val_acc=0.7159 best=0.7301 patience=1/8 elapsed=733s
  [swin_tiny_L4_pretrained_s0] epoch 22/40 loss=0.0886 val_acc=0.7566 best=0.7566 * patience=0/8 elapsed=768s
  [swin_tiny_L4_pretrained_s0] epoch 23/40 loss=0.0848 val_acc=0.7348 best=0.7566 patience=1/8 elapsed=803s
  [swin_tiny_L4_pretrained_s0] epoch 24/40 loss=0.0870 val_acc=0.7367 best=0.7566 patience=2/8 elapsed=837s
  [swin_tiny_L4_pretrained_s0] epoch 25/40 loss=0.0721 val_acc=0.7595 best=0.7595 * patience=0/8 elapsed=872s
  [swin_tiny_L4_pretrained_s0] epoch 26/40 loss=0.0673 val_acc=0.7462 best=0.7595 patience=1/8 elapsed=907s
  [swin_tiny_L4_pretrained_s0] epoch 27/40 loss=0.0553 val_acc=0.7500 best=0.7595 patience=2/8 elapsed=942s
  [swin_tiny_L4_pretrained_s0] epoch 28/40 loss=0.0511 val_acc=0.7614 best=0.7614 * patience=0/8 elapsed=977s
  [swin_tiny_L4_pretrained_s0] epoch 29/40 loss=0.0450 val_acc=0.7680 best=0.7680 * patience=0/8 elapsed=1012s
  [swin_tiny_L4_pretrained_s0] epoch 30/40 loss=0.0368 val_acc=0.7642 best=0.7680 patience=1/8 elapsed=1047s
  [swin_tiny_L4_pretrained_s0] epoch 31/40 loss=0.0365 val_acc=0.7765 best=0.7765 * patience=0/8 elapsed=1082s
  [swin_tiny_L4_pretrained_s0] epoch 32/40 loss=0.0288 val_acc=0.7860 best=0.7860 * patience=0/8 elapsed=1117s
  [swin_tiny_L4_pretrained_s0] epoch 33/40 loss=0.0296 val_acc=0.7699 best=0.7860 patience=1/8 elapsed=1151s
  [swin_tiny_L4_pretrained_s0] epoch 34/40 loss=0.0278 val_acc=0.7708 best=0.7860 patience=2/8 elapsed=1186s
  [swin_tiny_L4_pretrained_s0] epoch 35/40 loss=0.0298 val_acc=0.7775 best=0.7860 patience=3/8 elapsed=1221s
  [swin_tiny_L4_pretrained_s0] epoch 36/40 loss=0.0246 val_acc=0.7822 best=0.7860 patience=4/8 elapsed=1256s
  [swin_tiny_L4_pretrained_s0] epoch 37/40 loss=0.0250 val_acc=0.7869 best=0.7869 * patience=0/8 elapsed=1291s
  [swin_tiny_L4_pretrained_s0] epoch 38/40 loss=0.0194 val_acc=0.7860 best=0.7869 patience=1/8 elapsed=1326s
  [swin_tiny_L4_pretrained_s0] epoch 39/40 loss=0.0226 val_acc=0.7850 best=0.7869 patience=2/8 elapsed=1361s
  [swin_tiny_L4_pretrained_s0] epoch 40/40 loss=0.0263 val_acc=0.7850 best=0.7869 patience=3/8 elapsed=1396s
done swin_tiny_L4_pretrained_s0: top1=0.974 map=0.498
skip convnext_tiny_L4_pretrained_s1
skip swin_tiny_L4_pretrained_s1
  [convnext_tiny_L4_pretrained_s2] LR override -> 0.0001 (default 0.0003)
  [convnext_tiny_L4_pretrained_s2] epoch 1/40 loss=5.8437 val_acc=0.0038 best=0.0038 * patience=0/8 elapsed=35s
  [convnext_tiny_L4_pretrained_s2] epoch 2/40 loss=5.0070 val_acc=0.2002 best=0.2002 * patience=0/8 elapsed=63s
  [convnext_tiny_L4_pretrained_s2] epoch 3/40 loss=2.9600 val_acc=0.3235 best=0.3235 * patience=0/8 elapsed=92s
  [convnext_tiny_L4_pretrained_s2] epoch 4/40 loss=1.9284 val_acc=0.4877 best=0.4877 * patience=0/8 elapsed=120s
  [convnext_tiny_L4_pretrained_s2] epoch 5/40 loss=1.1801 val_acc=0.5996 best=0.5996 * patience=0/8 elapsed=149s
  [convnext_tiny_L4_pretrained_s2] epoch 6/40 loss=0.7549 val_acc=0.6679 best=0.6679 * patience=0/8 elapsed=177s
  [convnext_tiny_L4_pretrained_s2] epoch 7/40 loss=0.4612 val_acc=0.6898 best=0.6898 * patience=0/8 elapsed=206s
  [convnext_tiny_L4_pretrained_s2] epoch 8/40 loss=0.3149 val_acc=0.6822 best=0.6898 patience=1/8 elapsed=234s
  [convnext_tiny_L4_pretrained_s2] epoch 9/40 loss=0.2137 val_acc=0.7419 best=0.7419 * patience=0/8 elapsed=263s
  [convnext_tiny_L4_pretrained_s2] epoch 10/40 loss=0.1545 val_acc=0.7201 best=0.7419 patience=1/8 elapsed=291s
  [convnext_tiny_L4_pretrained_s2] epoch 11/40 loss=0.1186 val_acc=0.7448 best=0.7448 * patience=0/8 elapsed=320s
  [convnext_tiny_L4_pretrained_s2] epoch 12/40 loss=0.0924 val_acc=0.7201 best=0.7448 patience=1/8 elapsed=348s
  [convnext_tiny_L4_pretrained_s2] epoch 13/40 loss=0.0690 val_acc=0.7448 best=0.7448 patience=2/8 elapsed=377s
  [convnext_tiny_L4_pretrained_s2] epoch 14/40 loss=0.0546 val_acc=0.7230 best=0.7448 patience=3/8 elapsed=405s
  [convnext_tiny_L4_pretrained_s2] epoch 15/40 loss=0.0363 val_acc=0.7419 best=0.7448 patience=4/8 elapsed=434s
  [convnext_tiny_L4_pretrained_s2] epoch 16/40 loss=0.0398 val_acc=0.7685 best=0.7685 * patience=0/8 elapsed=462s
  [convnext_tiny_L4_pretrained_s2] epoch 17/40 loss=0.0405 val_acc=0.7324 best=0.7685 patience=1/8 elapsed=491s
  [convnext_tiny_L4_pretrained_s2] epoch 18/40 loss=0.0311 val_acc=0.7514 best=0.7685 patience=2/8 elapsed=519s
  [convnext_tiny_L4_pretrained_s2] epoch 19/40 loss=0.0380 val_acc=0.7628 best=0.7685 patience=3/8 elapsed=547s
  [convnext_tiny_L4_pretrained_s2] epoch 20/40 loss=0.0348 val_acc=0.7543 best=0.7685 patience=4/8 elapsed=576s
  [convnext_tiny_L4_pretrained_s2] epoch 21/40 loss=0.0243 val_acc=0.7638 best=0.7685 patience=5/8 elapsed=604s
  [convnext_tiny_L4_pretrained_s2] epoch 22/40 loss=0.0242 val_acc=0.7638 best=0.7685 patience=6/8 elapsed=633s
  [convnext_tiny_L4_pretrained_s2] epoch 23/40 loss=0.0187 val_acc=0.7761 best=0.7761 * patience=0/8 elapsed=661s
  [convnext_tiny_L4_pretrained_s2] epoch 24/40 loss=0.0156 val_acc=0.7685 best=0.7761 patience=1/8 elapsed=690s
  [convnext_tiny_L4_pretrained_s2] epoch 25/40 loss=0.0128 val_acc=0.7742 best=0.7761 patience=2/8 elapsed=718s
  [convnext_tiny_L4_pretrained_s2] epoch 26/40 loss=0.0144 val_acc=0.7827 best=0.7827 * patience=0/8 elapsed=746s
  [convnext_tiny_L4_pretrained_s2] epoch 27/40 loss=0.0080 val_acc=0.7979 best=0.7979 * patience=0/8 elapsed=775s
  [convnext_tiny_L4_pretrained_s2] epoch 28/40 loss=0.0073 val_acc=0.7970 best=0.7979 patience=1/8 elapsed=803s
  [convnext_tiny_L4_pretrained_s2] epoch 29/40 loss=0.0058 val_acc=0.8017 best=0.8017 * patience=0/8 elapsed=832s
  [convnext_tiny_L4_pretrained_s2] epoch 30/40 loss=0.0084 val_acc=0.7960 best=0.8017 patience=1/8 elapsed=860s
  [convnext_tiny_L4_pretrained_s2] epoch 31/40 loss=0.0061 val_acc=0.8027 best=0.8027 * patience=0/8 elapsed=889s
  [convnext_tiny_L4_pretrained_s2] epoch 32/40 loss=0.0056 val_acc=0.8083 best=0.8083 * patience=0/8 elapsed=917s
  [convnext_tiny_L4_pretrained_s2] epoch 33/40 loss=0.0056 val_acc=0.7970 best=0.8083 patience=1/8 elapsed=946s
  [convnext_tiny_L4_pretrained_s2] epoch 34/40 loss=0.0035 val_acc=0.8027 best=0.8083 patience=2/8 elapsed=974s
  [convnext_tiny_L4_pretrained_s2] epoch 35/40 loss=0.0048 val_acc=0.8008 best=0.8083 patience=3/8 elapsed=1003s
  [convnext_tiny_L4_pretrained_s2] epoch 36/40 loss=0.0053 val_acc=0.8027 best=0.8083 patience=4/8 elapsed=1031s
  [convnext_tiny_L4_pretrained_s2] epoch 37/40 loss=0.0043 val_acc=0.8046 best=0.8083 patience=5/8 elapsed=1060s
  [convnext_tiny_L4_pretrained_s2] epoch 38/40 loss=0.0055 val_acc=0.8046 best=0.8083 patience=6/8 elapsed=1088s
  [convnext_tiny_L4_pretrained_s2] epoch 39/40 loss=0.0044 val_acc=0.8036 best=0.8083 patience=7/8 elapsed=1116s
  [convnext_tiny_L4_pretrained_s2] epoch 40/40 loss=0.0043 val_acc=0.8055 best=0.8083 patience=8/8 elapsed=1145s
  [convnext_tiny_L4_pretrained_s2] early stop @ epoch 40 (best_val_acc=0.8083)
done convnext_tiny_L4_pretrained_s2: top1=0.971 map=0.510
skip swin_tiny_L4_pretrained_s2
