nohup: ignoring input
grid: archs=['convnext_tiny'] levels=[None] modes=['pretrained'] seeds=[0] device=cuda
  [convnext_tiny_Lfull_pretrained_s0] LR override -> 0.0001 (default 0.0003)
Warning: You are sending unauthenticated requests to the HF Hub. Please set a HF_TOKEN to enable higher rate limits and faster downloads.
  [convnext_tiny_Lfull_pretrained_s0] epoch 1/40 loss=5.7641 val_acc=0.0055 best=0.0055 * patience=0/8 elapsed=36s
  [convnext_tiny_Lfull_pretrained_s0] epoch 2/40 loss=5.7345 val_acc=0.0046 best=0.0055 patience=1/8 elapsed=66s
  [convnext_tiny_Lfull_pretrained_s0] epoch 3/40 loss=5.2678 val_acc=0.0528 best=0.0528 * patience=0/8 elapsed=95s
  [convnext_tiny_Lfull_pretrained_s0] epoch 4/40 loss=3.5199 val_acc=0.2951 best=0.2951 * patience=0/8 elapsed=125s
  [convnext_tiny_Lfull_pretrained_s0] epoch 5/40 loss=2.1234 val_acc=0.4763 best=0.4763 * patience=0/8 elapsed=154s
  [convnext_tiny_Lfull_pretrained_s0] epoch 6/40 loss=1.2926 val_acc=0.5856 best=0.5856 * patience=0/8 elapsed=184s
  [convnext_tiny_Lfull_pretrained_s0] epoch 7/40 loss=0.8100 val_acc=0.6129 best=0.6129 * patience=0/8 elapsed=213s
  [convnext_tiny_Lfull_pretrained_s0] epoch 8/40 loss=0.5016 val_acc=0.7149 best=0.7149 * patience=0/8 elapsed=243s
  [convnext_tiny_Lfull_pretrained_s0] epoch 9/40 loss=0.3141 val_acc=0.7213 best=0.7213 * patience=0/8 elapsed=272s
  [convnext_tiny_Lfull_pretrained_s0] epoch 10/40 loss=0.2070 val_acc=0.6958 best=0.7213 patience=1/8 elapsed=302s
  [convnext_tiny_Lfull_pretrained_s0] epoch 11/40 loss=0.1438 val_acc=0.7395 best=0.7395 * patience=0/8 elapsed=332s
  [convnext_tiny_Lfull_pretrained_s0] epoch 12/40 loss=0.1074 val_acc=0.7541 best=0.7541 * patience=0/8 elapsed=361s
  [convnext_tiny_Lfull_pretrained_s0] epoch 13/40 loss=0.0711 val_acc=0.7632 best=0.7632 * patience=0/8 elapsed=391s
  [convnext_tiny_Lfull_pretrained_s0] epoch 14/40 loss=0.0664 val_acc=0.7605 best=0.7632 patience=1/8 elapsed=420s
  [convnext_tiny_Lfull_pretrained_s0] epoch 15/40 loss=0.0633 val_acc=0.7386 best=0.7632 patience=2/8 elapsed=449s
  [convnext_tiny_Lfull_pretrained_s0] epoch 16/40 loss=0.0490 val_acc=0.7596 best=0.7632 patience=3/8 elapsed=479s
  [convnext_tiny_Lfull_pretrained_s0] epoch 17/40 loss=0.0324 val_acc=0.7705 best=0.7705 * patience=0/8 elapsed=508s
  [convnext_tiny_Lfull_pretrained_s0] epoch 18/40 loss=0.0324 val_acc=0.7532 best=0.7705 patience=1/8 elapsed=538s
  [convnext_tiny_Lfull_pretrained_s0] epoch 19/40 loss=0.0349 val_acc=0.7723 best=0.7723 * patience=0/8 elapsed=567s
  [convnext_tiny_Lfull_pretrained_s0] epoch 20/40 loss=0.0228 val_acc=0.7523 best=0.7723 patience=1/8 elapsed=597s
  [convnext_tiny_Lfull_pretrained_s0] epoch 21/40 loss=0.0258 val_acc=0.7787 best=0.7787 * patience=0/8 elapsed=626s
  [convnext_tiny_Lfull_pretrained_s0] epoch 22/40 loss=0.0176 val_acc=0.7805 best=0.7805 * patience=0/8 elapsed=656s
  [convnext_tiny_Lfull_pretrained_s0] epoch 23/40 loss=0.0184 val_acc=0.7741 best=0.7805 patience=1/8 elapsed=685s
  [convnext_tiny_Lfull_pretrained_s0] epoch 24/40 loss=0.0196 val_acc=0.7787 best=0.7805 patience=2/8 elapsed=715s
  [convnext_tiny_Lfull_pretrained_s0] epoch 25/40 loss=0.0185 val_acc=0.7814 best=0.7814 * patience=0/8 elapsed=744s
  [convnext_tiny_Lfull_pretrained_s0] epoch 26/40 loss=0.0179 val_acc=0.7842 best=0.7842 * patience=0/8 elapsed=774s
  [convnext_tiny_Lfull_pretrained_s0] epoch 27/40 loss=0.0144 val_acc=0.7942 best=0.7942 * patience=0/8 elapsed=804s
  [convnext_tiny_Lfull_pretrained_s0] epoch 28/40 loss=0.0119 val_acc=0.7960 best=0.7960 * patience=0/8 elapsed=833s
  [convnext_tiny_Lfull_pretrained_s0] epoch 29/40 loss=0.0090 val_acc=0.7978 best=0.7978 * patience=0/8 elapsed=863s
  [convnext_tiny_Lfull_pretrained_s0] epoch 30/40 loss=0.0088 val_acc=0.7923 best=0.7978 patience=1/8 elapsed=892s
  [convnext_tiny_Lfull_pretrained_s0] epoch 31/40 loss=0.0088 val_acc=0.8069 best=0.8069 * patience=0/8 elapsed=922s
  [convnext_tiny_Lfull_pretrained_s0] epoch 32/40 loss=0.0071 val_acc=0.7978 best=0.8069 patience=1/8 elapsed=951s
  [convnext_tiny_Lfull_pretrained_s0] epoch 33/40 loss=0.0051 val_acc=0.8015 best=0.8069 patience=2/8 elapsed=981s
  [convnext_tiny_Lfull_pretrained_s0] epoch 34/40 loss=0.0080 val_acc=0.8005 best=0.8069 patience=3/8 elapsed=1010s
  [convnext_tiny_Lfull_pretrained_s0] epoch 35/40 loss=0.0083 val_acc=0.7996 best=0.8069 patience=4/8 elapsed=1040s
  [convnext_tiny_Lfull_pretrained_s0] epoch 36/40 loss=0.0067 val_acc=0.8024 best=0.8069 patience=5/8 elapsed=1069s
  [convnext_tiny_Lfull_pretrained_s0] epoch 37/40 loss=0.0056 val_acc=0.8015 best=0.8069 patience=6/8 elapsed=1098s
  [convnext_tiny_Lfull_pretrained_s0] epoch 38/40 loss=0.0049 val_acc=0.8024 best=0.8069 patience=7/8 elapsed=1128s
  [convnext_tiny_Lfull_pretrained_s0] epoch 39/40 loss=0.0062 val_acc=0.8042 best=0.8069 patience=8/8 elapsed=1157s
  [convnext_tiny_Lfull_pretrained_s0] early stop @ epoch 39 (best_val_acc=0.8069)
done convnext_tiny_Lfull_pretrained_s0: top1=0.981 map=0.461
