nohup: ignoring input
grid: archs=['convnext_tiny'] levels=[1, 2, 3, 4, None] modes=['pretrained'] seeds=[0, 1, 2] device=cuda
  [convnext_tiny_L1_pretrained_s0] LR override -> 0.0001 (default 0.0003)
Warning: You are sending unauthenticated requests to the HF Hub. Please set a HF_TOKEN to enable higher rate limits and faster downloads.
  [convnext_tiny_L1_pretrained_s0] epoch 1/40 loss=5.8408 val_acc=0.0097 best=0.0097 * patience=0/8 elapsed=16s
  [convnext_tiny_L1_pretrained_s0] epoch 2/40 loss=5.7392 val_acc=0.0065 best=0.0097 patience=1/8 elapsed=25s
  [convnext_tiny_L1_pretrained_s0] epoch 3/40 loss=5.7132 val_acc=0.0032 best=0.0097 patience=2/8 elapsed=34s
  [convnext_tiny_L1_pretrained_s0] epoch 4/40 loss=5.6002 val_acc=0.0129 best=0.0129 * patience=0/8 elapsed=43s
  [convnext_tiny_L1_pretrained_s0] epoch 5/40 loss=5.3191 val_acc=0.0194 best=0.0194 * patience=0/8 elapsed=52s
  [convnext_tiny_L1_pretrained_s0] epoch 6/40 loss=4.7495 val_acc=0.0839 best=0.0839 * patience=0/8 elapsed=61s
  [convnext_tiny_L1_pretrained_s0] epoch 7/40 loss=3.7677 val_acc=0.1161 best=0.1161 * patience=0/8 elapsed=70s
  [convnext_tiny_L1_pretrained_s0] epoch 8/40 loss=2.9994 val_acc=0.2129 best=0.2129 * patience=0/8 elapsed=79s
  [convnext_tiny_L1_pretrained_s0] epoch 9/40 loss=2.2198 val_acc=0.3000 best=0.3000 * patience=0/8 elapsed=88s
  [convnext_tiny_L1_pretrained_s0] epoch 10/40 loss=1.4611 val_acc=0.3323 best=0.3323 * patience=0/8 elapsed=97s
  [convnext_tiny_L1_pretrained_s0] epoch 11/40 loss=0.9038 val_acc=0.4387 best=0.4387 * patience=0/8 elapsed=106s
  [convnext_tiny_L1_pretrained_s0] epoch 12/40 loss=0.4959 val_acc=0.4161 best=0.4387 patience=1/8 elapsed=115s
  [convnext_tiny_L1_pretrained_s0] epoch 13/40 loss=0.2776 val_acc=0.4548 best=0.4548 * patience=0/8 elapsed=124s
  [convnext_tiny_L1_pretrained_s0] epoch 14/40 loss=0.1636 val_acc=0.4516 best=0.4548 patience=1/8 elapsed=133s
  [convnext_tiny_L1_pretrained_s0] epoch 15/40 loss=0.1095 val_acc=0.4677 best=0.4677 * patience=0/8 elapsed=142s
  [convnext_tiny_L1_pretrained_s0] epoch 16/40 loss=0.0746 val_acc=0.4968 best=0.4968 * patience=0/8 elapsed=151s
  [convnext_tiny_L1_pretrained_s0] epoch 17/40 loss=0.0562 val_acc=0.5000 best=0.5000 * patience=0/8 elapsed=160s
  [convnext_tiny_L1_pretrained_s0] epoch 18/40 loss=0.0495 val_acc=0.5000 best=0.5000 patience=1/8 elapsed=169s
  [convnext_tiny_L1_pretrained_s0] epoch 19/40 loss=0.0368 val_acc=0.5000 best=0.5000 patience=2/8 elapsed=178s
  [convnext_tiny_L1_pretrained_s0] epoch 20/40 loss=0.0295 val_acc=0.5097 best=0.5097 * patience=0/8 elapsed=187s
  [convnext_tiny_L1_pretrained_s0] epoch 21/40 loss=0.0336 val_acc=0.5161 best=0.5161 * patience=0/8 elapsed=197s
  [convnext_tiny_L1_pretrained_s0] epoch 22/40 loss=0.0212 val_acc=0.5194 best=0.5194 * patience=0/8 elapsed=206s
  [convnext_tiny_L1_pretrained_s0] epoch 23/40 loss=0.0217 val_acc=0.5161 best=0.5194 patience=1/8 elapsed=215s
  [convnext_tiny_L1_pretrained_s0] epoch 24/40 loss=0.0155 val_acc=0.5032 best=0.5194 patience=2/8 elapsed=224s
  [convnext_tiny_L1_pretrained_s0] epoch 25/40 loss=0.0135 val_acc=0.5129 best=0.5194 patience=3/8 elapsed=233s
  [convnext_tiny_L1_pretrained_s0] epoch 26/40 loss=0.0140 val_acc=0.5000 best=0.5194 patience=4/8 elapsed=242s
  [convnext_tiny_L1_pretrained_s0] epoch 27/40 loss=0.0147 val_acc=0.5032 best=0.5194 patience=5/8 elapsed=251s
  [convnext_tiny_L1_pretrained_s0] epoch 28/40 loss=0.0128 val_acc=0.5129 best=0.5194 patience=6/8 elapsed=260s
  [convnext_tiny_L1_pretrained_s0] epoch 29/40 loss=0.0141 val_acc=0.4935 best=0.5194 patience=7/8 elapsed=269s
  [convnext_tiny_L1_pretrained_s0] epoch 30/40 loss=0.0157 val_acc=0.5000 best=0.5194 patience=8/8 elapsed=278s
  [convnext_tiny_L1_pretrained_s0] early stop @ epoch 30 (best_val_acc=0.5194)
done convnext_tiny_L1_pretrained_s0: top1=0.737 map=0.258
  [convnext_tiny_L2_pretrained_s0] LR override -> 0.0001 (default 0.0003)
  [convnext_tiny_L2_pretrained_s0] epoch 1/40 loss=5.7849 val_acc=0.0092 best=0.0092 * patience=0/8 elapsed=19s
  [convnext_tiny_L2_pretrained_s0] epoch 2/40 loss=5.3150 val_acc=0.0587 best=0.0587 * patience=0/8 elapsed=34s
  [convnext_tiny_L2_pretrained_s0] epoch 3/40 loss=3.8334 val_acc=0.2202 best=0.2202 * patience=0/8 elapsed=50s
  [convnext_tiny_L2_pretrained_s0] epoch 4/40 loss=2.6527 val_acc=0.3486 best=0.3486 * patience=0/8 elapsed=65s
  [convnext_tiny_L2_pretrained_s0] epoch 5/40 loss=1.8021 val_acc=0.4183 best=0.4183 * patience=0/8 elapsed=81s
  [convnext_tiny_L2_pretrained_s0] epoch 6/40 loss=1.1272 val_acc=0.4936 best=0.4936 * patience=0/8 elapsed=96s
  [convnext_tiny_L2_pretrained_s0] epoch 7/40 loss=0.7096 val_acc=0.5541 best=0.5541 * patience=0/8 elapsed=112s
  [convnext_tiny_L2_pretrained_s0] epoch 8/40 loss=0.4021 val_acc=0.6037 best=0.6037 * patience=0/8 elapsed=127s
  [convnext_tiny_L2_pretrained_s0] epoch 9/40 loss=0.2279 val_acc=0.5963 best=0.6037 patience=1/8 elapsed=143s
  [convnext_tiny_L2_pretrained_s0] epoch 10/40 loss=0.1463 val_acc=0.5945 best=0.6037 patience=2/8 elapsed=158s
  [convnext_tiny_L2_pretrained_s0] epoch 11/40 loss=0.1062 val_acc=0.6257 best=0.6257 * patience=0/8 elapsed=174s
  [convnext_tiny_L2_pretrained_s0] epoch 12/40 loss=0.0867 val_acc=0.6385 best=0.6385 * patience=0/8 elapsed=190s
  [convnext_tiny_L2_pretrained_s0] epoch 13/40 loss=0.0667 val_acc=0.6239 best=0.6385 patience=1/8 elapsed=205s
  [convnext_tiny_L2_pretrained_s0] epoch 14/40 loss=0.0523 val_acc=0.6459 best=0.6459 * patience=0/8 elapsed=221s
  [convnext_tiny_L2_pretrained_s0] epoch 15/40 loss=0.0524 val_acc=0.6459 best=0.6459 patience=1/8 elapsed=236s
  [convnext_tiny_L2_pretrained_s0] epoch 16/40 loss=0.0395 val_acc=0.6367 best=0.6459 patience=2/8 elapsed=252s
  [convnext_tiny_L2_pretrained_s0] epoch 17/40 loss=0.0305 val_acc=0.6495 best=0.6495 * patience=0/8 elapsed=267s
  [convnext_tiny_L2_pretrained_s0] epoch 18/40 loss=0.0250 val_acc=0.6587 best=0.6587 * patience=0/8 elapsed=283s
  [convnext_tiny_L2_pretrained_s0] epoch 19/40 loss=0.0228 val_acc=0.6459 best=0.6587 patience=1/8 elapsed=298s
  [convnext_tiny_L2_pretrained_s0] epoch 20/40 loss=0.0180 val_acc=0.6826 best=0.6826 * patience=0/8 elapsed=314s
  [convnext_tiny_L2_pretrained_s0] epoch 21/40 loss=0.0195 val_acc=0.6679 best=0.6826 patience=1/8 elapsed=329s
  [convnext_tiny_L2_pretrained_s0] epoch 22/40 loss=0.0134 val_acc=0.6587 best=0.6826 patience=2/8 elapsed=345s
  [convnext_tiny_L2_pretrained_s0] epoch 23/40 loss=0.0132 val_acc=0.6606 best=0.6826 patience=3/8 elapsed=361s
  [convnext_tiny_L2_pretrained_s0] epoch 24/40 loss=0.0120 val_acc=0.6606 best=0.6826 patience=4/8 elapsed=376s
  [convnext_tiny_L2_pretrained_s0] epoch 25/40 loss=0.0112 val_acc=0.6697 best=0.6826 patience=5/8 elapsed=392s
  [convnext_tiny_L2_pretrained_s0] epoch 26/40 loss=0.0092 val_acc=0.6771 best=0.6826 patience=6/8 elapsed=407s
  [convnext_tiny_L2_pretrained_s0] epoch 27/40 loss=0.0112 val_acc=0.6661 best=0.6826 patience=7/8 elapsed=423s
  [convnext_tiny_L2_pretrained_s0] epoch 28/40 loss=0.0117 val_acc=0.6679 best=0.6826 patience=8/8 elapsed=438s
  [convnext_tiny_L2_pretrained_s0] early stop @ epoch 28 (best_val_acc=0.6826)
done convnext_tiny_L2_pretrained_s0: top1=0.906 map=0.347
  [convnext_tiny_L3_pretrained_s0] LR override -> 0.0001 (default 0.0003)
  [convnext_tiny_L3_pretrained_s0] epoch 1/40 loss=5.7825 val_acc=0.0039 best=0.0039 * patience=0/8 elapsed=25s
  [convnext_tiny_L3_pretrained_s0] epoch 2/40 loss=5.7452 val_acc=0.0039 best=0.0039 patience=1/8 elapsed=48s
  [convnext_tiny_L3_pretrained_s0] epoch 3/40 loss=5.7416 val_acc=0.0052 best=0.0052 * patience=0/8 elapsed=70s
  [convnext_tiny_L3_pretrained_s0] epoch 4/40 loss=5.7367 val_acc=0.0039 best=0.0052 patience=1/8 elapsed=92s
  [convnext_tiny_L3_pretrained_s0] epoch 5/40 loss=5.7360 val_acc=0.0039 best=0.0052 patience=2/8 elapsed=114s
  [convnext_tiny_L3_pretrained_s0] epoch 6/40 loss=5.7310 val_acc=0.0052 best=0.0052 patience=3/8 elapsed=137s
  [convnext_tiny_L3_pretrained_s0] epoch 7/40 loss=5.7339 val_acc=0.0052 best=0.0052 patience=4/8 elapsed=159s
  [convnext_tiny_L3_pretrained_s0] epoch 8/40 loss=5.7315 val_acc=0.0039 best=0.0052 patience=5/8 elapsed=181s
  [convnext_tiny_L3_pretrained_s0] epoch 9/40 loss=5.5875 val_acc=0.0131 best=0.0131 * patience=0/8 elapsed=203s
  [convnext_tiny_L3_pretrained_s0] epoch 10/40 loss=5.1533 val_acc=0.0510 best=0.0510 * patience=0/8 elapsed=226s
  [convnext_tiny_L3_pretrained_s0] epoch 11/40 loss=3.9179 val_acc=0.1817 best=0.1817 * patience=0/8 elapsed=248s
  [convnext_tiny_L3_pretrained_s0] epoch 12/40 loss=2.7788 val_acc=0.3307 best=0.3307 * patience=0/8 elapsed=270s
  [convnext_tiny_L3_pretrained_s0] epoch 13/40 loss=1.9083 val_acc=0.4784 best=0.4784 * patience=0/8 elapsed=292s
  [convnext_tiny_L3_pretrained_s0] epoch 14/40 loss=1.2725 val_acc=0.5817 best=0.5817 * patience=0/8 elapsed=314s
  [convnext_tiny_L3_pretrained_s0] epoch 15/40 loss=0.7898 val_acc=0.6118 best=0.6118 * patience=0/8 elapsed=336s
  [convnext_tiny_L3_pretrained_s0] epoch 16/40 loss=0.5334 val_acc=0.6484 best=0.6484 * patience=0/8 elapsed=358s
  [convnext_tiny_L3_pretrained_s0] epoch 17/40 loss=0.3599 val_acc=0.6614 best=0.6614 * patience=0/8 elapsed=380s
  [convnext_tiny_L3_pretrained_s0] epoch 18/40 loss=0.2158 val_acc=0.6732 best=0.6732 * patience=0/8 elapsed=402s
  [convnext_tiny_L3_pretrained_s0] epoch 19/40 loss=0.1572 val_acc=0.6745 best=0.6745 * patience=0/8 elapsed=424s
  [convnext_tiny_L3_pretrained_s0] epoch 20/40 loss=0.1067 val_acc=0.6954 best=0.6954 * patience=0/8 elapsed=446s
  [convnext_tiny_L3_pretrained_s0] epoch 21/40 loss=0.0881 val_acc=0.7033 best=0.7033 * patience=0/8 elapsed=468s
  [convnext_tiny_L3_pretrained_s0] epoch 22/40 loss=0.0595 val_acc=0.7007 best=0.7033 patience=1/8 elapsed=491s
  [convnext_tiny_L3_pretrained_s0] epoch 23/40 loss=0.0553 val_acc=0.7085 best=0.7085 * patience=0/8 elapsed=513s
  [convnext_tiny_L3_pretrained_s0] epoch 24/40 loss=0.0448 val_acc=0.7085 best=0.7085 patience=1/8 elapsed=535s
  [convnext_tiny_L3_pretrained_s0] epoch 25/40 loss=0.0421 val_acc=0.7320 best=0.7320 * patience=0/8 elapsed=557s
  [convnext_tiny_L3_pretrained_s0] epoch 26/40 loss=0.0341 val_acc=0.7190 best=0.7320 patience=1/8 elapsed=579s
  [convnext_tiny_L3_pretrained_s0] epoch 27/40 loss=0.0304 val_acc=0.7386 best=0.7386 * patience=0/8 elapsed=601s
  [convnext_tiny_L3_pretrained_s0] epoch 28/40 loss=0.0238 val_acc=0.7451 best=0.7451 * patience=0/8 elapsed=623s
  [convnext_tiny_L3_pretrained_s0] epoch 29/40 loss=0.0243 val_acc=0.7346 best=0.7451 patience=1/8 elapsed=645s
  [convnext_tiny_L3_pretrained_s0] epoch 30/40 loss=0.0184 val_acc=0.7359 best=0.7451 patience=2/8 elapsed=667s
  [convnext_tiny_L3_pretrained_s0] epoch 31/40 loss=0.0167 val_acc=0.7490 best=0.7490 * patience=0/8 elapsed=689s
  [convnext_tiny_L3_pretrained_s0] epoch 32/40 loss=0.0175 val_acc=0.7399 best=0.7490 patience=1/8 elapsed=712s
  [convnext_tiny_L3_pretrained_s0] epoch 33/40 loss=0.0170 val_acc=0.7373 best=0.7490 patience=2/8 elapsed=734s
  [convnext_tiny_L3_pretrained_s0] epoch 34/40 loss=0.0133 val_acc=0.7359 best=0.7490 patience=3/8 elapsed=756s
  [convnext_tiny_L3_pretrained_s0] epoch 35/40 loss=0.0144 val_acc=0.7333 best=0.7490 patience=4/8 elapsed=778s
  [convnext_tiny_L3_pretrained_s0] epoch 36/40 loss=0.0155 val_acc=0.7320 best=0.7490 patience=5/8 elapsed=800s
  [convnext_tiny_L3_pretrained_s0] epoch 37/40 loss=0.0135 val_acc=0.7359 best=0.7490 patience=6/8 elapsed=822s
  [convnext_tiny_L3_pretrained_s0] epoch 38/40 loss=0.0141 val_acc=0.7359 best=0.7490 patience=7/8 elapsed=844s
  [convnext_tiny_L3_pretrained_s0] epoch 39/40 loss=0.0130 val_acc=0.7373 best=0.7490 patience=8/8 elapsed=866s
  [convnext_tiny_L3_pretrained_s0] early stop @ epoch 39 (best_val_acc=0.7490)
done convnext_tiny_L3_pretrained_s0: top1=0.942 map=0.400
  [convnext_tiny_L4_pretrained_s0] LR override -> 0.0001 (default 0.0003)
  [convnext_tiny_L4_pretrained_s0] epoch 1/40 loss=5.7581 val_acc=0.0076 best=0.0076 * patience=0/8 elapsed=32s
  [convnext_tiny_L4_pretrained_s0] epoch 2/40 loss=4.5796 val_acc=0.1875 best=0.1875 * patience=0/8 elapsed=61s
  [convnext_tiny_L4_pretrained_s0] epoch 3/40 loss=2.6419 val_acc=0.4186 best=0.4186 * patience=0/8 elapsed=89s
  [convnext_tiny_L4_pretrained_s0] epoch 4/40 loss=1.5875 val_acc=0.5303 best=0.5303 * patience=0/8 elapsed=118s
  [convnext_tiny_L4_pretrained_s0] epoch 5/40 loss=0.9441 val_acc=0.6449 best=0.6449 * patience=0/8 elapsed=147s
  [convnext_tiny_L4_pretrained_s0] epoch 6/40 loss=0.5575 val_acc=0.6723 best=0.6723 * patience=0/8 elapsed=176s
  [convnext_tiny_L4_pretrained_s0] epoch 7/40 loss=0.3287 val_acc=0.7121 best=0.7121 * patience=0/8 elapsed=205s
  [convnext_tiny_L4_pretrained_s0] epoch 8/40 loss=0.2203 val_acc=0.7282 best=0.7282 * patience=0/8 elapsed=234s
  [convnext_tiny_L4_pretrained_s0] epoch 9/40 loss=0.1328 val_acc=0.7055 best=0.7282 patience=1/8 elapsed=262s
  [convnext_tiny_L4_pretrained_s0] epoch 10/40 loss=0.1023 val_acc=0.7443 best=0.7443 * patience=0/8 elapsed=291s
  [convnext_tiny_L4_pretrained_s0] epoch 11/40 loss=0.0778 val_acc=0.7197 best=0.7443 patience=1/8 elapsed=319s
  [convnext_tiny_L4_pretrained_s0] epoch 12/40 loss=0.0752 val_acc=0.7500 best=0.7500 * patience=0/8 elapsed=348s
  [convnext_tiny_L4_pretrained_s0] epoch 13/40 loss=0.0567 val_acc=0.7566 best=0.7566 * patience=0/8 elapsed=377s
  [convnext_tiny_L4_pretrained_s0] epoch 14/40 loss=0.0606 val_acc=0.7519 best=0.7566 patience=1/8 elapsed=405s
  [convnext_tiny_L4_pretrained_s0] epoch 15/40 loss=0.0517 val_acc=0.7519 best=0.7566 patience=2/8 elapsed=434s
  [convnext_tiny_L4_pretrained_s0] epoch 16/40 loss=0.0385 val_acc=0.7576 best=0.7576 * patience=0/8 elapsed=463s
  [convnext_tiny_L4_pretrained_s0] epoch 17/40 loss=0.0311 val_acc=0.7528 best=0.7576 patience=1/8 elapsed=491s
  [convnext_tiny_L4_pretrained_s0] epoch 18/40 loss=0.0254 val_acc=0.7566 best=0.7576 patience=2/8 elapsed=520s
  [convnext_tiny_L4_pretrained_s0] epoch 19/40 loss=0.0275 val_acc=0.7585 best=0.7585 * patience=0/8 elapsed=549s
  [convnext_tiny_L4_pretrained_s0] epoch 20/40 loss=0.0195 val_acc=0.7803 best=0.7803 * patience=0/8 elapsed=577s
  [convnext_tiny_L4_pretrained_s0] epoch 21/40 loss=0.0187 val_acc=0.7822 best=0.7822 * patience=0/8 elapsed=606s
  [convnext_tiny_L4_pretrained_s0] epoch 22/40 loss=0.0179 val_acc=0.7689 best=0.7822 patience=1/8 elapsed=634s
  [convnext_tiny_L4_pretrained_s0] epoch 23/40 loss=0.0140 val_acc=0.7869 best=0.7869 * patience=0/8 elapsed=663s
  [convnext_tiny_L4_pretrained_s0] epoch 24/40 loss=0.0108 val_acc=0.7831 best=0.7869 patience=1/8 elapsed=691s
  [convnext_tiny_L4_pretrained_s0] epoch 25/40 loss=0.0089 val_acc=0.7803 best=0.7869 patience=2/8 elapsed=720s
  [convnext_tiny_L4_pretrained_s0] epoch 26/40 loss=0.0080 val_acc=0.7831 best=0.7869 patience=3/8 elapsed=748s
  [convnext_tiny_L4_pretrained_s0] epoch 27/40 loss=0.0077 val_acc=0.7907 best=0.7907 * patience=0/8 elapsed=777s
  [convnext_tiny_L4_pretrained_s0] epoch 28/40 loss=0.0079 val_acc=0.7699 best=0.7907 patience=1/8 elapsed=806s
  [convnext_tiny_L4_pretrained_s0] epoch 29/40 loss=0.0069 val_acc=0.7822 best=0.7907 patience=2/8 elapsed=834s
  [convnext_tiny_L4_pretrained_s0] epoch 30/40 loss=0.0075 val_acc=0.7869 best=0.7907 patience=3/8 elapsed=862s
  [convnext_tiny_L4_pretrained_s0] epoch 31/40 loss=0.0070 val_acc=0.7869 best=0.7907 patience=4/8 elapsed=891s
  [convnext_tiny_L4_pretrained_s0] epoch 32/40 loss=0.0055 val_acc=0.7992 best=0.7992 * patience=0/8 elapsed=919s
  [convnext_tiny_L4_pretrained_s0] epoch 33/40 loss=0.0050 val_acc=0.7983 best=0.7992 patience=1/8 elapsed=948s
  [convnext_tiny_L4_pretrained_s0] epoch 34/40 loss=0.0058 val_acc=0.7973 best=0.7992 patience=2/8 elapsed=976s
  [convnext_tiny_L4_pretrained_s0] epoch 35/40 loss=0.0055 val_acc=0.7945 best=0.7992 patience=3/8 elapsed=1004s
  [convnext_tiny_L4_pretrained_s0] epoch 36/40 loss=0.0051 val_acc=0.7917 best=0.7992 patience=4/8 elapsed=1032s
  [convnext_tiny_L4_pretrained_s0] epoch 37/40 loss=0.0050 val_acc=0.7898 best=0.7992 patience=5/8 elapsed=1061s
  [convnext_tiny_L4_pretrained_s0] epoch 38/40 loss=0.0044 val_acc=0.7936 best=0.7992 patience=6/8 elapsed=1089s
  [convnext_tiny_L4_pretrained_s0] epoch 39/40 loss=0.0048 val_acc=0.7926 best=0.7992 patience=7/8 elapsed=1117s
  [convnext_tiny_L4_pretrained_s0] epoch 40/40 loss=0.0049 val_acc=0.7926 best=0.7992 patience=8/8 elapsed=1146s
  [convnext_tiny_L4_pretrained_s0] early stop @ epoch 40 (best_val_acc=0.7992)
done convnext_tiny_L4_pretrained_s0: top1=0.981 map=0.476
skip convnext_tiny_Lfull_pretrained_s0
  [convnext_tiny_L1_pretrained_s1] LR override -> 0.0001 (default 0.0003)
  [convnext_tiny_L1_pretrained_s1] epoch 1/40 loss=5.8404 val_acc=0.0065 best=0.0065 * patience=0/8 elapsed=12s
  [convnext_tiny_L1_pretrained_s1] epoch 2/40 loss=5.7423 val_acc=0.0065 best=0.0065 patience=1/8 elapsed=21s
  [convnext_tiny_L1_pretrained_s1] epoch 3/40 loss=5.7282 val_acc=0.0032 best=0.0065 patience=2/8 elapsed=31s
  [convnext_tiny_L1_pretrained_s1] epoch 4/40 loss=5.7233 val_acc=0.0065 best=0.0065 patience=3/8 elapsed=40s
  [convnext_tiny_L1_pretrained_s1] epoch 5/40 loss=5.7186 val_acc=0.0065 best=0.0065 patience=4/8 elapsed=49s
  [convnext_tiny_L1_pretrained_s1] epoch 6/40 loss=5.6701 val_acc=0.0097 best=0.0097 * patience=0/8 elapsed=58s
  [convnext_tiny_L1_pretrained_s1] epoch 7/40 loss=5.5113 val_acc=0.0259 best=0.0259 * patience=0/8 elapsed=67s
  [convnext_tiny_L1_pretrained_s1] epoch 8/40 loss=5.0312 val_acc=0.0841 best=0.0841 * patience=0/8 elapsed=77s
  [convnext_tiny_L1_pretrained_s1] epoch 9/40 loss=4.0913 val_acc=0.1068 best=0.1068 * patience=0/8 elapsed=86s
  [convnext_tiny_L1_pretrained_s1] epoch 10/40 loss=3.1038 val_acc=0.2492 best=0.2492 * patience=0/8 elapsed=95s
  [convnext_tiny_L1_pretrained_s1] epoch 11/40 loss=2.0969 val_acc=0.3301 best=0.3301 * patience=0/8 elapsed=104s
  [convnext_tiny_L1_pretrained_s1] epoch 12/40 loss=1.2590 val_acc=0.3689 best=0.3689 * patience=0/8 elapsed=114s
  [convnext_tiny_L1_pretrained_s1] epoch 13/40 loss=0.6974 val_acc=0.4369 best=0.4369 * patience=0/8 elapsed=123s
  [convnext_tiny_L1_pretrained_s1] epoch 14/40 loss=0.4034 val_acc=0.4466 best=0.4466 * patience=0/8 elapsed=132s
  [convnext_tiny_L1_pretrained_s1] epoch 15/40 loss=0.2099 val_acc=0.4951 best=0.4951 * patience=0/8 elapsed=142s
  [convnext_tiny_L1_pretrained_s1] epoch 16/40 loss=0.1396 val_acc=0.4951 best=0.4951 patience=1/8 elapsed=151s
  [convnext_tiny_L1_pretrained_s1] epoch 17/40 loss=0.0827 val_acc=0.5307 best=0.5307 * patience=0/8 elapsed=160s
  [convnext_tiny_L1_pretrained_s1] epoch 18/40 loss=0.0569 val_acc=0.5437 best=0.5437 * patience=0/8 elapsed=170s
  [convnext_tiny_L1_pretrained_s1] epoch 19/40 loss=0.0474 val_acc=0.5307 best=0.5437 patience=1/8 elapsed=179s
  [convnext_tiny_L1_pretrained_s1] epoch 20/40 loss=0.0448 val_acc=0.5340 best=0.5437 patience=2/8 elapsed=188s
  [convnext_tiny_L1_pretrained_s1] epoch 21/40 loss=0.0370 val_acc=0.5437 best=0.5437 patience=3/8 elapsed=197s
  [convnext_tiny_L1_pretrained_s1] epoch 22/40 loss=0.0287 val_acc=0.5340 best=0.5437 patience=4/8 elapsed=207s
  [convnext_tiny_L1_pretrained_s1] epoch 23/40 loss=0.0253 val_acc=0.5469 best=0.5469 * patience=0/8 elapsed=216s
  [convnext_tiny_L1_pretrained_s1] epoch 24/40 loss=0.0244 val_acc=0.5340 best=0.5469 patience=1/8 elapsed=225s
  [convnext_tiny_L1_pretrained_s1] epoch 25/40 loss=0.0230 val_acc=0.5405 best=0.5469 patience=2/8 elapsed=234s
  [convnext_tiny_L1_pretrained_s1] epoch 26/40 loss=0.0263 val_acc=0.5469 best=0.5469 patience=3/8 elapsed=244s
  [convnext_tiny_L1_pretrained_s1] epoch 27/40 loss=0.0262 val_acc=0.5534 best=0.5534 * patience=0/8 elapsed=253s
  [convnext_tiny_L1_pretrained_s1] epoch 28/40 loss=0.0180 val_acc=0.5566 best=0.5566 * patience=0/8 elapsed=262s
  [convnext_tiny_L1_pretrained_s1] epoch 29/40 loss=0.0148 val_acc=0.5502 best=0.5566 patience=1/8 elapsed=271s
  [convnext_tiny_L1_pretrained_s1] epoch 30/40 loss=0.0170 val_acc=0.5534 best=0.5566 patience=2/8 elapsed=281s
  [convnext_tiny_L1_pretrained_s1] epoch 31/40 loss=0.0122 val_acc=0.5534 best=0.5566 patience=3/8 elapsed=290s
  [convnext_tiny_L1_pretrained_s1] epoch 32/40 loss=0.0181 val_acc=0.5566 best=0.5566 patience=4/8 elapsed=299s
  [convnext_tiny_L1_pretrained_s1] epoch 33/40 loss=0.0129 val_acc=0.5502 best=0.5566 patience=5/8 elapsed=308s
  [convnext_tiny_L1_pretrained_s1] epoch 34/40 loss=0.0126 val_acc=0.5599 best=0.5599 * patience=0/8 elapsed=318s
  [convnext_tiny_L1_pretrained_s1] epoch 35/40 loss=0.0116 val_acc=0.5599 best=0.5599 patience=1/8 elapsed=327s
  [convnext_tiny_L1_pretrained_s1] epoch 36/40 loss=0.0124 val_acc=0.5566 best=0.5599 patience=2/8 elapsed=336s
  [convnext_tiny_L1_pretrained_s1] epoch 37/40 loss=0.0133 val_acc=0.5566 best=0.5599 patience=3/8 elapsed=345s
  [convnext_tiny_L1_pretrained_s1] epoch 38/40 loss=0.0152 val_acc=0.5566 best=0.5599 patience=4/8 elapsed=355s
  [convnext_tiny_L1_pretrained_s1] epoch 39/40 loss=0.0113 val_acc=0.5566 best=0.5599 patience=5/8 elapsed=364s
  [convnext_tiny_L1_pretrained_s1] epoch 40/40 loss=0.0108 val_acc=0.5566 best=0.5599 patience=6/8 elapsed=373s
done convnext_tiny_L1_pretrained_s1: top1=0.795 map=0.254
  [convnext_tiny_L2_pretrained_s1] LR override -> 0.0001 (default 0.0003)
  [convnext_tiny_L2_pretrained_s1] epoch 1/40 loss=5.7938 val_acc=0.0091 best=0.0091 * patience=0/8 elapsed=19s
  [convnext_tiny_L2_pretrained_s1] epoch 2/40 loss=5.5466 val_acc=0.0219 best=0.0219 * patience=0/8 elapsed=35s
  [convnext_tiny_L2_pretrained_s1] epoch 3/40 loss=4.4908 val_acc=0.1148 best=0.1148 * patience=0/8 elapsed=51s
  [convnext_tiny_L2_pretrained_s1] epoch 4/40 loss=3.0700 val_acc=0.2623 best=0.2623 * patience=0/8 elapsed=67s
  [convnext_tiny_L2_pretrained_s1] epoch 5/40 loss=2.0443 val_acc=0.3388 best=0.3388 * patience=0/8 elapsed=82s
  [convnext_tiny_L2_pretrained_s1] epoch 6/40 loss=1.3461 val_acc=0.4863 best=0.4863 * patience=0/8 elapsed=98s
  [convnext_tiny_L2_pretrained_s1] epoch 7/40 loss=0.7305 val_acc=0.5337 best=0.5337 * patience=0/8 elapsed=114s
  [convnext_tiny_L2_pretrained_s1] epoch 8/40 loss=0.3715 val_acc=0.5847 best=0.5847 * patience=0/8 elapsed=130s
  [convnext_tiny_L2_pretrained_s1] epoch 9/40 loss=0.2218 val_acc=0.5647 best=0.5847 patience=1/8 elapsed=146s
  [convnext_tiny_L2_pretrained_s1] epoch 10/40 loss=0.1433 val_acc=0.5738 best=0.5847 patience=2/8 elapsed=162s
  [convnext_tiny_L2_pretrained_s1] epoch 11/40 loss=0.1384 val_acc=0.5920 best=0.5920 * patience=0/8 elapsed=178s
  [convnext_tiny_L2_pretrained_s1] epoch 12/40 loss=0.0794 val_acc=0.6157 best=0.6157 * patience=0/8 elapsed=194s
  [convnext_tiny_L2_pretrained_s1] epoch 13/40 loss=0.0572 val_acc=0.6084 best=0.6157 patience=1/8 elapsed=210s
  [convnext_tiny_L2_pretrained_s1] epoch 14/40 loss=0.0475 val_acc=0.6047 best=0.6157 patience=2/8 elapsed=226s
  [convnext_tiny_L2_pretrained_s1] epoch 15/40 loss=0.0402 val_acc=0.6193 best=0.6193 * patience=0/8 elapsed=242s
  [convnext_tiny_L2_pretrained_s1] epoch 16/40 loss=0.0305 val_acc=0.6302 best=0.6302 * patience=0/8 elapsed=257s
  [convnext_tiny_L2_pretrained_s1] epoch 17/40 loss=0.0251 val_acc=0.6248 best=0.6302 patience=1/8 elapsed=273s
  [convnext_tiny_L2_pretrained_s1] epoch 18/40 loss=0.0242 val_acc=0.6448 best=0.6448 * patience=0/8 elapsed=289s
  [convnext_tiny_L2_pretrained_s1] epoch 19/40 loss=0.0172 val_acc=0.6375 best=0.6448 patience=1/8 elapsed=305s
  [convnext_tiny_L2_pretrained_s1] epoch 20/40 loss=0.0165 val_acc=0.6375 best=0.6448 patience=2/8 elapsed=321s
  [convnext_tiny_L2_pretrained_s1] epoch 21/40 loss=0.0141 val_acc=0.6430 best=0.6448 patience=3/8 elapsed=337s
  [convnext_tiny_L2_pretrained_s1] epoch 22/40 loss=0.0142 val_acc=0.6321 best=0.6448 patience=4/8 elapsed=353s
  [convnext_tiny_L2_pretrained_s1] epoch 23/40 loss=0.0132 val_acc=0.6430 best=0.6448 patience=5/8 elapsed=368s
  [convnext_tiny_L2_pretrained_s1] epoch 24/40 loss=0.0122 val_acc=0.6448 best=0.6448 patience=6/8 elapsed=384s
  [convnext_tiny_L2_pretrained_s1] epoch 25/40 loss=0.0147 val_acc=0.6485 best=0.6485 * patience=0/8 elapsed=400s
  [convnext_tiny_L2_pretrained_s1] epoch 26/40 loss=0.0106 val_acc=0.6339 best=0.6485 patience=1/8 elapsed=416s
  [convnext_tiny_L2_pretrained_s1] epoch 27/40 loss=0.0075 val_acc=0.6412 best=0.6485 patience=2/8 elapsed=432s
  [convnext_tiny_L2_pretrained_s1] epoch 28/40 loss=0.0090 val_acc=0.6412 best=0.6485 patience=3/8 elapsed=448s
  [convnext_tiny_L2_pretrained_s1] epoch 29/40 loss=0.0075 val_acc=0.6430 best=0.6485 patience=4/8 elapsed=464s
  [convnext_tiny_L2_pretrained_s1] epoch 30/40 loss=0.0145 val_acc=0.6412 best=0.6485 patience=5/8 elapsed=479s
  [convnext_tiny_L2_pretrained_s1] epoch 31/40 loss=0.0120 val_acc=0.6466 best=0.6485 patience=6/8 elapsed=495s
  [convnext_tiny_L2_pretrained_s1] epoch 32/40 loss=0.0072 val_acc=0.6466 best=0.6485 patience=7/8 elapsed=511s
  [convnext_tiny_L2_pretrained_s1] epoch 33/40 loss=0.0094 val_acc=0.6466 best=0.6485 patience=8/8 elapsed=527s
  [convnext_tiny_L2_pretrained_s1] early stop @ epoch 33 (best_val_acc=0.6485)
done convnext_tiny_L2_pretrained_s1: top1=0.912 map=0.358
  [convnext_tiny_L3_pretrained_s1] LR override -> 0.0001 (default 0.0003)
  [convnext_tiny_L3_pretrained_s1] epoch 1/40 loss=5.7722 val_acc=0.0053 best=0.0053 * patience=0/8 elapsed=25s
  [convnext_tiny_L3_pretrained_s1] epoch 2/40 loss=5.7336 val_acc=0.0079 best=0.0079 * patience=0/8 elapsed=47s
  [convnext_tiny_L3_pretrained_s1] epoch 3/40 loss=5.2058 val_acc=0.1094 best=0.1094 * patience=0/8 elapsed=69s
  [convnext_tiny_L3_pretrained_s1] epoch 4/40 loss=3.4725 val_acc=0.2991 best=0.2991 * patience=0/8 elapsed=92s
  [convnext_tiny_L3_pretrained_s1] epoch 5/40 loss=2.2420 val_acc=0.4374 best=0.4374 * patience=0/8 elapsed=114s
  [convnext_tiny_L3_pretrained_s1] epoch 6/40 loss=1.3547 val_acc=0.5903 best=0.5903 * patience=0/8 elapsed=136s
  [convnext_tiny_L3_pretrained_s1] epoch 7/40 loss=0.8020 val_acc=0.6087 best=0.6087 * patience=0/8 elapsed=158s
  [convnext_tiny_L3_pretrained_s1] epoch 8/40 loss=0.4579 val_acc=0.6746 best=0.6746 * patience=0/8 elapsed=180s
  [convnext_tiny_L3_pretrained_s1] epoch 9/40 loss=0.2861 val_acc=0.6864 best=0.6864 * patience=0/8 elapsed=202s
  [convnext_tiny_L3_pretrained_s1] epoch 10/40 loss=0.1947 val_acc=0.7167 best=0.7167 * patience=0/8 elapsed=224s
  [convnext_tiny_L3_pretrained_s1] epoch 11/40 loss=0.1265 val_acc=0.7154 best=0.7167 patience=1/8 elapsed=247s
  [convnext_tiny_L3_pretrained_s1] epoch 12/40 loss=0.0867 val_acc=0.7273 best=0.7273 * patience=0/8 elapsed=269s
  [convnext_tiny_L3_pretrained_s1] epoch 13/40 loss=0.0641 val_acc=0.7299 best=0.7299 * patience=0/8 elapsed=291s
  [convnext_tiny_L3_pretrained_s1] epoch 14/40 loss=0.0559 val_acc=0.7602 best=0.7602 * patience=0/8 elapsed=313s
  [convnext_tiny_L3_pretrained_s1] epoch 15/40 loss=0.0452 val_acc=0.7378 best=0.7602 patience=1/8 elapsed=336s
  [convnext_tiny_L3_pretrained_s1] epoch 16/40 loss=0.0395 val_acc=0.7589 best=0.7602 patience=2/8 elapsed=358s
  [convnext_tiny_L3_pretrained_s1] epoch 17/40 loss=0.0284 val_acc=0.7233 best=0.7602 patience=3/8 elapsed=380s
  [convnext_tiny_L3_pretrained_s1] epoch 18/40 loss=0.0293 val_acc=0.7299 best=0.7602 patience=4/8 elapsed=402s
  [convnext_tiny_L3_pretrained_s1] epoch 19/40 loss=0.0271 val_acc=0.7576 best=0.7602 patience=5/8 elapsed=424s
  [convnext_tiny_L3_pretrained_s1] epoch 20/40 loss=0.0238 val_acc=0.7602 best=0.7602 patience=6/8 elapsed=446s
  [convnext_tiny_L3_pretrained_s1] epoch 21/40 loss=0.0190 val_acc=0.7773 best=0.7773 * patience=0/8 elapsed=469s
  [convnext_tiny_L3_pretrained_s1] epoch 22/40 loss=0.0172 val_acc=0.7655 best=0.7773 patience=1/8 elapsed=491s
  [convnext_tiny_L3_pretrained_s1] epoch 23/40 loss=0.0120 val_acc=0.7787 best=0.7787 * patience=0/8 elapsed=513s
  [convnext_tiny_L3_pretrained_s1] epoch 24/40 loss=0.0114 val_acc=0.7787 best=0.7787 patience=1/8 elapsed=535s
  [convnext_tiny_L3_pretrained_s1] epoch 25/40 loss=0.0121 val_acc=0.7721 best=0.7787 patience=2/8 elapsed=558s
  [convnext_tiny_L3_pretrained_s1] epoch 26/40 loss=0.0103 val_acc=0.7826 best=0.7826 * patience=0/8 elapsed=580s
  [convnext_tiny_L3_pretrained_s1] epoch 27/40 loss=0.0114 val_acc=0.7852 best=0.7852 * patience=0/8 elapsed=602s
  [convnext_tiny_L3_pretrained_s1] epoch 28/40 loss=0.0107 val_acc=0.7866 best=0.7866 * patience=0/8 elapsed=624s
  [convnext_tiny_L3_pretrained_s1] epoch 29/40 loss=0.0096 val_acc=0.7958 best=0.7958 * patience=0/8 elapsed=647s
  [convnext_tiny_L3_pretrained_s1] epoch 30/40 loss=0.0078 val_acc=0.7945 best=0.7958 patience=1/8 elapsed=669s
  [convnext_tiny_L3_pretrained_s1] epoch 31/40 loss=0.0055 val_acc=0.7931 best=0.7958 patience=2/8 elapsed=691s
  [convnext_tiny_L3_pretrained_s1] epoch 32/40 loss=0.0070 val_acc=0.7958 best=0.7958 patience=3/8 elapsed=713s
  [convnext_tiny_L3_pretrained_s1] epoch 33/40 loss=0.0065 val_acc=0.7866 best=0.7958 patience=4/8 elapsed=736s
  [convnext_tiny_L3_pretrained_s1] epoch 34/40 loss=0.0065 val_acc=0.7958 best=0.7958 patience=5/8 elapsed=758s
  [convnext_tiny_L3_pretrained_s1] epoch 35/40 loss=0.0070 val_acc=0.7958 best=0.7958 patience=6/8 elapsed=780s
  [convnext_tiny_L3_pretrained_s1] epoch 36/40 loss=0.0049 val_acc=0.7958 best=0.7958 patience=7/8 elapsed=802s
  [convnext_tiny_L3_pretrained_s1] epoch 37/40 loss=0.0049 val_acc=0.7945 best=0.7958 patience=8/8 elapsed=824s
  [convnext_tiny_L3_pretrained_s1] early stop @ epoch 37 (best_val_acc=0.7958)
done convnext_tiny_L3_pretrained_s1: top1=0.977 map=0.412
  [convnext_tiny_L4_pretrained_s1] LR override -> 0.0001 (default 0.0003)
  [convnext_tiny_L4_pretrained_s1] epoch 1/40 loss=5.6723 val_acc=0.0228 best=0.0228 * patience=0/8 elapsed=32s
  [convnext_tiny_L4_pretrained_s1] epoch 2/40 loss=4.1792 val_acc=0.2514 best=0.2514 * patience=0/8 elapsed=60s
  [convnext_tiny_L4_pretrained_s1] epoch 3/40 loss=2.3088 val_acc=0.4772 best=0.4772 * patience=0/8 elapsed=89s
  [convnext_tiny_L4_pretrained_s1] epoch 4/40 loss=1.3357 val_acc=0.5702 best=0.5702 * patience=0/8 elapsed=118s
  [convnext_tiny_L4_pretrained_s1] epoch 5/40 loss=0.8129 val_acc=0.6708 best=0.6708 * patience=0/8 elapsed=147s
  [convnext_tiny_L4_pretrained_s1] epoch 6/40 loss=0.5011 val_acc=0.6803 best=0.6803 * patience=0/8 elapsed=176s
  [convnext_tiny_L4_pretrained_s1] epoch 7/40 loss=0.2834 val_acc=0.7135 best=0.7135 * patience=0/8 elapsed=205s
  [convnext_tiny_L4_pretrained_s1] epoch 8/40 loss=0.1898 val_acc=0.7144 best=0.7144 * patience=0/8 elapsed=234s
  [convnext_tiny_L4_pretrained_s1] epoch 9/40 loss=0.1533 val_acc=0.7306 best=0.7306 * patience=0/8 elapsed=262s
  [convnext_tiny_L4_pretrained_s1] epoch 10/40 loss=0.1101 val_acc=0.7448 best=0.7448 * patience=0/8 elapsed=291s
  [convnext_tiny_L4_pretrained_s1] epoch 11/40 loss=0.0913 val_acc=0.7343 best=0.7448 patience=1/8 elapsed=320s
  [convnext_tiny_L4_pretrained_s1] epoch 12/40 loss=0.0628 val_acc=0.7372 best=0.7448 patience=2/8 elapsed=349s
  [convnext_tiny_L4_pretrained_s1] epoch 13/40 loss=0.0562 val_acc=0.7306 best=0.7448 patience=3/8 elapsed=377s
  [convnext_tiny_L4_pretrained_s1] epoch 14/40 loss=0.0539 val_acc=0.7514 best=0.7514 * patience=0/8 elapsed=406s
  [convnext_tiny_L4_pretrained_s1] epoch 15/40 loss=0.0412 val_acc=0.7467 best=0.7514 patience=1/8 elapsed=435s
  [convnext_tiny_L4_pretrained_s1] epoch 16/40 loss=0.0323 val_acc=0.7524 best=0.7524 * patience=0/8 elapsed=464s
  [convnext_tiny_L4_pretrained_s1] epoch 17/40 loss=0.0311 val_acc=0.7400 best=0.7524 patience=1/8 elapsed=493s
  [convnext_tiny_L4_pretrained_s1] epoch 18/40 loss=0.0295 val_acc=0.7419 best=0.7524 patience=2/8 elapsed=521s
  [convnext_tiny_L4_pretrained_s1] epoch 19/40 loss=0.0273 val_acc=0.7391 best=0.7524 patience=3/8 elapsed=550s
  [convnext_tiny_L4_pretrained_s1] epoch 20/40 loss=0.0210 val_acc=0.7362 best=0.7524 patience=4/8 elapsed=579s
  [convnext_tiny_L4_pretrained_s1] epoch 21/40 loss=0.0245 val_acc=0.7524 best=0.7524 patience=5/8 elapsed=608s
  [convnext_tiny_L4_pretrained_s1] epoch 22/40 loss=0.0205 val_acc=0.7780 best=0.7780 * patience=0/8 elapsed=636s
  [convnext_tiny_L4_pretrained_s1] epoch 23/40 loss=0.0191 val_acc=0.7524 best=0.7780 patience=1/8 elapsed=665s
  [convnext_tiny_L4_pretrained_s1] epoch 24/40 loss=0.0159 val_acc=0.7543 best=0.7780 patience=2/8 elapsed=694s
  [convnext_tiny_L4_pretrained_s1] epoch 25/40 loss=0.0129 val_acc=0.7590 best=0.7780 patience=3/8 elapsed=723s
  [convnext_tiny_L4_pretrained_s1] epoch 26/40 loss=0.0124 val_acc=0.7628 best=0.7780 patience=4/8 elapsed=751s
  [convnext_tiny_L4_pretrained_s1] epoch 27/40 loss=0.0096 val_acc=0.7657 best=0.7780 patience=5/8 elapsed=780s
  [convnext_tiny_L4_pretrained_s1] epoch 28/40 loss=0.0092 val_acc=0.7694 best=0.7780 patience=6/8 elapsed=809s
  [convnext_tiny_L4_pretrained_s1] epoch 29/40 loss=0.0070 val_acc=0.7818 best=0.7818 * patience=0/8 elapsed=837s
  [convnext_tiny_L4_pretrained_s1] epoch 30/40 loss=0.0076 val_acc=0.7780 best=0.7818 patience=1/8 elapsed=866s
  [convnext_tiny_L4_pretrained_s1] epoch 31/40 loss=0.0082 val_acc=0.7666 best=0.7818 patience=2/8 elapsed=895s
  [convnext_tiny_L4_pretrained_s1] epoch 32/40 loss=0.0062 val_acc=0.7799 best=0.7818 patience=3/8 elapsed=924s
  [convnext_tiny_L4_pretrained_s1] epoch 33/40 loss=0.0072 val_acc=0.7818 best=0.7818 patience=4/8 elapsed=952s
  [convnext_tiny_L4_pretrained_s1] epoch 34/40 loss=0.0070 val_acc=0.7818 best=0.7818 patience=5/8 elapsed=981s
  [convnext_tiny_L4_pretrained_s1] epoch 35/40 loss=0.0058 val_acc=0.7780 best=0.7818 patience=6/8 elapsed=1010s
  [convnext_tiny_L4_pretrained_s1] epoch 36/40 loss=0.0058 val_acc=0.7837 best=0.7837 * patience=0/8 elapsed=1038s
  [convnext_tiny_L4_pretrained_s1] epoch 37/40 loss=0.0055 val_acc=0.7818 best=0.7837 patience=1/8 elapsed=1067s
  [convnext_tiny_L4_pretrained_s1] epoch 38/40 loss=0.0042 val_acc=0.7818 best=0.7837 patience=2/8 elapsed=1096s
  [convnext_tiny_L4_pretrained_s1] epoch 39/40 loss=0.0055 val_acc=0.7818 best=0.7837 patience=3/8 elapsed=1125s
  [convnext_tiny_L4_pretrained_s1] epoch 40/40 loss=0.0037 val_acc=0.7818 best=0.7837 patience=4/8 elapsed=1153s
done convnext_tiny_L4_pretrained_s1: top1=0.981 map=0.477
  [convnext_tiny_Lfull_pretrained_s1] LR override -> 0.0001 (default 0.0003)
  [convnext_tiny_Lfull_pretrained_s1] epoch 1/40 loss=5.7660 val_acc=0.0055 best=0.0055 * patience=0/8 elapsed=33s
  [convnext_tiny_Lfull_pretrained_s1] epoch 2/40 loss=5.7364 val_acc=0.0055 best=0.0055 patience=1/8 elapsed=63s
  [convnext_tiny_Lfull_pretrained_s1] epoch 3/40 loss=5.7310 val_acc=0.0055 best=0.0055 patience=2/8 elapsed=92s
  [convnext_tiny_Lfull_pretrained_s1] epoch 4/40 loss=5.7288 val_acc=0.0055 best=0.0055 patience=3/8 elapsed=122s
  [convnext_tiny_Lfull_pretrained_s1] epoch 5/40 loss=5.7267 val_acc=0.0055 best=0.0055 patience=4/8 elapsed=152s
  [convnext_tiny_Lfull_pretrained_s1] epoch 6/40 loss=5.7252 val_acc=0.0055 best=0.0055 patience=5/8 elapsed=182s
  [convnext_tiny_Lfull_pretrained_s1] epoch 7/40 loss=5.5420 val_acc=0.0228 best=0.0228 * patience=0/8 elapsed=212s
  [convnext_tiny_Lfull_pretrained_s1] epoch 8/40 loss=4.9014 val_acc=0.0847 best=0.0847 * patience=0/8 elapsed=242s
  [convnext_tiny_Lfull_pretrained_s1] epoch 9/40 loss=3.3991 val_acc=0.2559 best=0.2559 * patience=0/8 elapsed=272s
  [convnext_tiny_Lfull_pretrained_s1] epoch 10/40 loss=2.2300 val_acc=0.4536 best=0.4536 * patience=0/8 elapsed=302s
  [convnext_tiny_Lfull_pretrained_s1] epoch 11/40 loss=1.3932 val_acc=0.5765 best=0.5765 * patience=0/8 elapsed=332s
  [convnext_tiny_Lfull_pretrained_s1] epoch 12/40 loss=0.9096 val_acc=0.6485 best=0.6485 * patience=0/8 elapsed=362s
  [convnext_tiny_Lfull_pretrained_s1] epoch 13/40 loss=0.5820 val_acc=0.6658 best=0.6658 * patience=0/8 elapsed=391s
  [convnext_tiny_Lfull_pretrained_s1] epoch 14/40 loss=0.3774 val_acc=0.6913 best=0.6913 * patience=0/8 elapsed=421s
  [convnext_tiny_Lfull_pretrained_s1] epoch 15/40 loss=0.2413 val_acc=0.7204 best=0.7204 * patience=0/8 elapsed=451s
  [convnext_tiny_Lfull_pretrained_s1] epoch 16/40 loss=0.1573 val_acc=0.7441 best=0.7441 * patience=0/8 elapsed=481s
  [convnext_tiny_Lfull_pretrained_s1] epoch 17/40 loss=0.1172 val_acc=0.7386 best=0.7441 patience=1/8 elapsed=511s
  [convnext_tiny_Lfull_pretrained_s1] epoch 18/40 loss=0.0995 val_acc=0.7259 best=0.7441 patience=2/8 elapsed=541s
  [convnext_tiny_Lfull_pretrained_s1] epoch 19/40 loss=0.0792 val_acc=0.7368 best=0.7441 patience=3/8 elapsed=571s
  [convnext_tiny_Lfull_pretrained_s1] epoch 20/40 loss=0.0601 val_acc=0.7505 best=0.7505 * patience=0/8 elapsed=601s
  [convnext_tiny_Lfull_pretrained_s1] epoch 21/40 loss=0.0531 val_acc=0.7687 best=0.7687 * patience=0/8 elapsed=631s
  [convnext_tiny_Lfull_pretrained_s1] epoch 22/40 loss=0.0412 val_acc=0.7705 best=0.7705 * patience=0/8 elapsed=661s
  [convnext_tiny_Lfull_pretrained_s1] epoch 23/40 loss=0.0368 val_acc=0.7814 best=0.7814 * patience=0/8 elapsed=691s
  [convnext_tiny_Lfull_pretrained_s1] epoch 24/40 loss=0.0318 val_acc=0.7805 best=0.7814 patience=1/8 elapsed=721s
  [convnext_tiny_Lfull_pretrained_s1] epoch 25/40 loss=0.0302 val_acc=0.7869 best=0.7869 * patience=0/8 elapsed=751s
  [convnext_tiny_Lfull_pretrained_s1] epoch 26/40 loss=0.0238 val_acc=0.7933 best=0.7933 * patience=0/8 elapsed=781s
  [convnext_tiny_Lfull_pretrained_s1] epoch 27/40 loss=0.0214 val_acc=0.7842 best=0.7933 patience=1/8 elapsed=810s
  [convnext_tiny_Lfull_pretrained_s1] epoch 28/40 loss=0.0197 val_acc=0.7969 best=0.7969 * patience=0/8 elapsed=840s
  [convnext_tiny_Lfull_pretrained_s1] epoch 29/40 loss=0.0173 val_acc=0.7814 best=0.7969 patience=1/8 elapsed=870s
  [convnext_tiny_Lfull_pretrained_s1] epoch 30/40 loss=0.0163 val_acc=0.7942 best=0.7969 patience=2/8 elapsed=900s
  [convnext_tiny_Lfull_pretrained_s1] epoch 31/40 loss=0.0129 val_acc=0.7987 best=0.7987 * patience=0/8 elapsed=930s
  [convnext_tiny_Lfull_pretrained_s1] epoch 32/40 loss=0.0148 val_acc=0.8005 best=0.8005 * patience=0/8 elapsed=960s
  [convnext_tiny_Lfull_pretrained_s1] epoch 33/40 loss=0.0133 val_acc=0.8005 best=0.8005 patience=1/8 elapsed=990s
  [convnext_tiny_Lfull_pretrained_s1] epoch 34/40 loss=0.0100 val_acc=0.7969 best=0.8005 patience=2/8 elapsed=1019s
  [convnext_tiny_Lfull_pretrained_s1] epoch 35/40 loss=0.0103 val_acc=0.7960 best=0.8005 patience=3/8 elapsed=1049s
  [convnext_tiny_Lfull_pretrained_s1] epoch 36/40 loss=0.0092 val_acc=0.8005 best=0.8005 patience=4/8 elapsed=1079s
  [convnext_tiny_Lfull_pretrained_s1] epoch 37/40 loss=0.0098 val_acc=0.7978 best=0.8005 patience=5/8 elapsed=1109s
  [convnext_tiny_Lfull_pretrained_s1] epoch 38/40 loss=0.0097 val_acc=0.7996 best=0.8005 patience=6/8 elapsed=1139s
  [convnext_tiny_Lfull_pretrained_s1] epoch 39/40 loss=0.0105 val_acc=0.7987 best=0.8005 patience=7/8 elapsed=1169s
  [convnext_tiny_Lfull_pretrained_s1] epoch 40/40 loss=0.0086 val_acc=0.7996 best=0.8005 patience=8/8 elapsed=1199s
  [convnext_tiny_Lfull_pretrained_s1] early stop @ epoch 40 (best_val_acc=0.8005)
done convnext_tiny_Lfull_pretrained_s1: top1=0.968 map=0.448
  [convnext_tiny_L1_pretrained_s2] LR override -> 0.0001 (default 0.0003)
  [convnext_tiny_L1_pretrained_s2] epoch 1/40 loss=5.8417 val_acc=0.0032 best=0.0032 * patience=0/8 elapsed=13s
  [convnext_tiny_L1_pretrained_s2] epoch 2/40 loss=5.7367 val_acc=0.0064 best=0.0064 * patience=0/8 elapsed=23s
  [convnext_tiny_L1_pretrained_s2] epoch 3/40 loss=5.7251 val_acc=0.0064 best=0.0064 patience=1/8 elapsed=33s
  [convnext_tiny_L1_pretrained_s2] epoch 4/40 loss=5.7191 val_acc=0.0032 best=0.0064 patience=2/8 elapsed=43s
  [convnext_tiny_L1_pretrained_s2] epoch 5/40 loss=5.7106 val_acc=0.0129 best=0.0129 * patience=0/8 elapsed=53s
  [convnext_tiny_L1_pretrained_s2] epoch 6/40 loss=5.6218 val_acc=0.0193 best=0.0193 * patience=0/8 elapsed=63s
  [convnext_tiny_L1_pretrained_s2] epoch 7/40 loss=5.0453 val_acc=0.0611 best=0.0611 * patience=0/8 elapsed=73s
  [convnext_tiny_L1_pretrained_s2] epoch 8/40 loss=4.1692 val_acc=0.1479 best=0.1479 * patience=0/8 elapsed=83s
  [convnext_tiny_L1_pretrained_s2] epoch 9/40 loss=3.2873 val_acc=0.1929 best=0.1929 * patience=0/8 elapsed=93s
  [convnext_tiny_L1_pretrained_s2] epoch 10/40 loss=2.3626 val_acc=0.3215 best=0.3215 * patience=0/8 elapsed=103s
  [convnext_tiny_L1_pretrained_s2] epoch 11/40 loss=1.5504 val_acc=0.3891 best=0.3891 * patience=0/8 elapsed=114s
  [convnext_tiny_L1_pretrained_s2] epoch 12/40 loss=0.9994 val_acc=0.4148 best=0.4148 * patience=0/8 elapsed=124s
  [convnext_tiny_L1_pretrained_s2] epoch 13/40 loss=0.5700 val_acc=0.4373 best=0.4373 * patience=0/8 elapsed=134s
  [convnext_tiny_L1_pretrained_s2] epoch 14/40 loss=0.3297 val_acc=0.4695 best=0.4695 * patience=0/8 elapsed=144s
  [convnext_tiny_L1_pretrained_s2] epoch 15/40 loss=0.2149 val_acc=0.4855 best=0.4855 * patience=0/8 elapsed=154s
  [convnext_tiny_L1_pretrained_s2] epoch 16/40 loss=0.1291 val_acc=0.5305 best=0.5305 * patience=0/8 elapsed=164s
  [convnext_tiny_L1_pretrained_s2] epoch 17/40 loss=0.0968 val_acc=0.5305 best=0.5305 patience=1/8 elapsed=174s
  [convnext_tiny_L1_pretrained_s2] epoch 18/40 loss=0.0694 val_acc=0.5305 best=0.5305 patience=2/8 elapsed=184s
  [convnext_tiny_L1_pretrained_s2] epoch 19/40 loss=0.0491 val_acc=0.5402 best=0.5402 * patience=0/8 elapsed=195s
  [convnext_tiny_L1_pretrained_s2] epoch 20/40 loss=0.0614 val_acc=0.5305 best=0.5402 patience=1/8 elapsed=205s
  [convnext_tiny_L1_pretrained_s2] epoch 21/40 loss=0.0534 val_acc=0.5370 best=0.5402 patience=2/8 elapsed=215s
  [convnext_tiny_L1_pretrained_s2] epoch 22/40 loss=0.0472 val_acc=0.5402 best=0.5402 patience=3/8 elapsed=225s
  [convnext_tiny_L1_pretrained_s2] epoch 23/40 loss=0.0415 val_acc=0.5434 best=0.5434 * patience=0/8 elapsed=235s
  [convnext_tiny_L1_pretrained_s2] epoch 24/40 loss=0.0326 val_acc=0.5273 best=0.5434 patience=1/8 elapsed=245s
  [convnext_tiny_L1_pretrained_s2] epoch 25/40 loss=0.0271 val_acc=0.5434 best=0.5434 patience=2/8 elapsed=255s
  [convnext_tiny_L1_pretrained_s2] epoch 26/40 loss=0.0215 val_acc=0.5627 best=0.5627 * patience=0/8 elapsed=265s
  [convnext_tiny_L1_pretrained_s2] epoch 27/40 loss=0.0170 val_acc=0.5595 best=0.5627 patience=1/8 elapsed=275s
  [convnext_tiny_L1_pretrained_s2] epoch 28/40 loss=0.0150 val_acc=0.5434 best=0.5627 patience=2/8 elapsed=285s
  [convnext_tiny_L1_pretrained_s2] epoch 29/40 loss=0.0195 val_acc=0.5370 best=0.5627 patience=3/8 elapsed=295s
  [convnext_tiny_L1_pretrained_s2] epoch 30/40 loss=0.0204 val_acc=0.5466 best=0.5627 patience=4/8 elapsed=305s
  [convnext_tiny_L1_pretrained_s2] epoch 31/40 loss=0.0157 val_acc=0.5466 best=0.5627 patience=5/8 elapsed=315s
  [convnext_tiny_L1_pretrained_s2] epoch 32/40 loss=0.0206 val_acc=0.5466 best=0.5627 patience=6/8 elapsed=325s
  [convnext_tiny_L1_pretrained_s2] epoch 33/40 loss=0.0133 val_acc=0.5531 best=0.5627 patience=7/8 elapsed=335s
  [convnext_tiny_L1_pretrained_s2] epoch 34/40 loss=0.0151 val_acc=0.5498 best=0.5627 patience=8/8 elapsed=345s
  [convnext_tiny_L1_pretrained_s2] early stop @ epoch 34 (best_val_acc=0.5627)
done convnext_tiny_L1_pretrained_s2: top1=0.773 map=0.263
  [convnext_tiny_L2_pretrained_s2] LR override -> 0.0001 (default 0.0003)
  [convnext_tiny_L2_pretrained_s2] epoch 1/40 loss=5.7878 val_acc=0.0092 best=0.0092 * patience=0/8 elapsed=19s
  [convnext_tiny_L2_pretrained_s2] epoch 2/40 loss=5.4312 val_acc=0.0496 best=0.0496 * patience=0/8 elapsed=35s
  [convnext_tiny_L2_pretrained_s2] epoch 3/40 loss=4.0319 val_acc=0.1967 best=0.1967 * patience=0/8 elapsed=52s
  [convnext_tiny_L2_pretrained_s2] epoch 4/40 loss=2.7681 val_acc=0.3051 best=0.3051 * patience=0/8 elapsed=68s
  [convnext_tiny_L2_pretrained_s2] epoch 5/40 loss=1.8553 val_acc=0.4393 best=0.4393 * patience=0/8 elapsed=85s
  [convnext_tiny_L2_pretrained_s2] epoch 6/40 loss=1.1264 val_acc=0.5092 best=0.5092 * patience=0/8 elapsed=101s
  [convnext_tiny_L2_pretrained_s2] epoch 7/40 loss=0.6677 val_acc=0.5404 best=0.5404 * patience=0/8 elapsed=118s
  [convnext_tiny_L2_pretrained_s2] epoch 8/40 loss=0.4108 val_acc=0.6066 best=0.6066 * patience=0/8 elapsed=134s
  [convnext_tiny_L2_pretrained_s2] epoch 9/40 loss=0.2415 val_acc=0.6176 best=0.6176 * patience=0/8 elapsed=151s
  [convnext_tiny_L2_pretrained_s2] epoch 10/40 loss=0.1550 val_acc=0.5993 best=0.6176 patience=1/8 elapsed=167s
  [convnext_tiny_L2_pretrained_s2] epoch 11/40 loss=0.1138 val_acc=0.6066 best=0.6176 patience=2/8 elapsed=184s
  [convnext_tiny_L2_pretrained_s2] epoch 12/40 loss=0.0829 val_acc=0.6342 best=0.6342 * patience=0/8 elapsed=200s
  [convnext_tiny_L2_pretrained_s2] epoch 13/40 loss=0.0744 val_acc=0.6268 best=0.6342 patience=1/8 elapsed=217s
  [convnext_tiny_L2_pretrained_s2] epoch 14/40 loss=0.0468 val_acc=0.6397 best=0.6397 * patience=0/8 elapsed=233s
  [convnext_tiny_L2_pretrained_s2] epoch 15/40 loss=0.0443 val_acc=0.6342 best=0.6397 patience=1/8 elapsed=249s
  [convnext_tiny_L2_pretrained_s2] epoch 16/40 loss=0.0459 val_acc=0.6599 best=0.6599 * patience=0/8 elapsed=266s
  [convnext_tiny_L2_pretrained_s2] epoch 17/40 loss=0.0270 val_acc=0.6581 best=0.6599 patience=1/8 elapsed=282s
  [convnext_tiny_L2_pretrained_s2] epoch 18/40 loss=0.0272 val_acc=0.6379 best=0.6599 patience=2/8 elapsed=299s
  [convnext_tiny_L2_pretrained_s2] epoch 19/40 loss=0.0262 val_acc=0.6287 best=0.6599 patience=3/8 elapsed=315s
  [convnext_tiny_L2_pretrained_s2] epoch 20/40 loss=0.0225 val_acc=0.6544 best=0.6599 patience=4/8 elapsed=331s
  [convnext_tiny_L2_pretrained_s2] epoch 21/40 loss=0.0181 val_acc=0.6581 best=0.6599 patience=5/8 elapsed=348s
  [convnext_tiny_L2_pretrained_s2] epoch 22/40 loss=0.0178 val_acc=0.6526 best=0.6599 patience=6/8 elapsed=364s
  [convnext_tiny_L2_pretrained_s2] epoch 23/40 loss=0.0168 val_acc=0.6783 best=0.6783 * patience=0/8 elapsed=380s
  [convnext_tiny_L2_pretrained_s2] epoch 24/40 loss=0.0116 val_acc=0.6673 best=0.6783 patience=1/8 elapsed=397s
  [convnext_tiny_L2_pretrained_s2] epoch 25/40 loss=0.0134 val_acc=0.6562 best=0.6783 patience=2/8 elapsed=413s
  [convnext_tiny_L2_pretrained_s2] epoch 26/40 loss=0.0133 val_acc=0.6783 best=0.6783 patience=3/8 elapsed=430s
  [convnext_tiny_L2_pretrained_s2] epoch 27/40 loss=0.0119 val_acc=0.6618 best=0.6783 patience=4/8 elapsed=446s
  [convnext_tiny_L2_pretrained_s2] epoch 28/40 loss=0.0086 val_acc=0.6728 best=0.6783 patience=5/8 elapsed=463s
  [convnext_tiny_L2_pretrained_s2] epoch 29/40 loss=0.0089 val_acc=0.6673 best=0.6783 patience=6/8 elapsed=479s
  [convnext_tiny_L2_pretrained_s2] epoch 30/40 loss=0.0089 val_acc=0.6710 best=0.6783 patience=7/8 elapsed=496s
  [convnext_tiny_L2_pretrained_s2] epoch 31/40 loss=0.0089 val_acc=0.6728 best=0.6783 patience=8/8 elapsed=512s
  [convnext_tiny_L2_pretrained_s2] early stop @ epoch 31 (best_val_acc=0.6783)
done convnext_tiny_L2_pretrained_s2: top1=0.922 map=0.361
  [convnext_tiny_L3_pretrained_s2] LR override -> 0.0001 (default 0.0003)
  [convnext_tiny_L3_pretrained_s2] epoch 1/40 loss=5.7754 val_acc=0.0052 best=0.0052 * patience=0/8 elapsed=27s
  [convnext_tiny_L3_pretrained_s2] epoch 2/40 loss=5.4718 val_acc=0.0299 best=0.0299 * patience=0/8 elapsed=50s
  [convnext_tiny_L3_pretrained_s2] epoch 3/40 loss=4.2715 val_acc=0.1938 best=0.1938 * patience=0/8 elapsed=73s
  [convnext_tiny_L3_pretrained_s2] epoch 4/40 loss=2.8521 val_acc=0.3407 best=0.3407 * patience=0/8 elapsed=96s
  [convnext_tiny_L3_pretrained_s2] epoch 5/40 loss=1.9336 val_acc=0.4499 best=0.4499 * patience=0/8 elapsed=118s
  [convnext_tiny_L3_pretrained_s2] epoch 6/40 loss=1.3142 val_acc=0.5306 best=0.5306 * patience=0/8 elapsed=142s
  [convnext_tiny_L3_pretrained_s2] epoch 7/40 loss=0.8247 val_acc=0.5735 best=0.5735 * patience=0/8 elapsed=165s
  [convnext_tiny_L3_pretrained_s2] epoch 8/40 loss=0.5485 val_acc=0.6307 best=0.6307 * patience=0/8 elapsed=188s
  [convnext_tiny_L3_pretrained_s2] epoch 9/40 loss=0.3444 val_acc=0.6385 best=0.6385 * patience=0/8 elapsed=211s
  [convnext_tiny_L3_pretrained_s2] epoch 10/40 loss=0.2183 val_acc=0.6619 best=0.6619 * patience=0/8 elapsed=234s
  [convnext_tiny_L3_pretrained_s2] epoch 11/40 loss=0.1440 val_acc=0.6697 best=0.6697 * patience=0/8 elapsed=257s
  [convnext_tiny_L3_pretrained_s2] epoch 12/40 loss=0.1043 val_acc=0.6957 best=0.6957 * patience=0/8 elapsed=280s
  [convnext_tiny_L3_pretrained_s2] epoch 13/40 loss=0.0785 val_acc=0.6827 best=0.6957 patience=1/8 elapsed=303s
  [convnext_tiny_L3_pretrained_s2] epoch 14/40 loss=0.0634 val_acc=0.6905 best=0.6957 patience=2/8 elapsed=326s
  [convnext_tiny_L3_pretrained_s2] epoch 15/40 loss=0.0600 val_acc=0.6788 best=0.6957 patience=3/8 elapsed=349s
  [convnext_tiny_L3_pretrained_s2] epoch 16/40 loss=0.0417 val_acc=0.6918 best=0.6957 patience=4/8 elapsed=372s
  [convnext_tiny_L3_pretrained_s2] epoch 17/40 loss=0.0382 val_acc=0.6905 best=0.6957 patience=5/8 elapsed=395s
  [convnext_tiny_L3_pretrained_s2] epoch 18/40 loss=0.0318 val_acc=0.6970 best=0.6970 * patience=0/8 elapsed=418s
  [convnext_tiny_L3_pretrained_s2] epoch 19/40 loss=0.0253 val_acc=0.7113 best=0.7113 * patience=0/8 elapsed=441s
  [convnext_tiny_L3_pretrained_s2] epoch 20/40 loss=0.0181 val_acc=0.6892 best=0.7113 patience=1/8 elapsed=464s
  [convnext_tiny_L3_pretrained_s2] epoch 21/40 loss=0.0237 val_acc=0.7152 best=0.7152 * patience=0/8 elapsed=487s
  [convnext_tiny_L3_pretrained_s2] epoch 22/40 loss=0.0235 val_acc=0.6957 best=0.7152 patience=1/8 elapsed=510s
  [convnext_tiny_L3_pretrained_s2] epoch 23/40 loss=0.0186 val_acc=0.7178 best=0.7178 * patience=0/8 elapsed=534s
  [convnext_tiny_L3_pretrained_s2] epoch 24/40 loss=0.0125 val_acc=0.6970 best=0.7178 patience=1/8 elapsed=557s
  [convnext_tiny_L3_pretrained_s2] epoch 25/40 loss=0.0116 val_acc=0.7113 best=0.7178 patience=2/8 elapsed=580s
  [convnext_tiny_L3_pretrained_s2] epoch 26/40 loss=0.0126 val_acc=0.7256 best=0.7256 * patience=0/8 elapsed=603s
  [convnext_tiny_L3_pretrained_s2] epoch 27/40 loss=0.0111 val_acc=0.7048 best=0.7256 patience=1/8 elapsed=626s
  [convnext_tiny_L3_pretrained_s2] epoch 28/40 loss=0.0115 val_acc=0.7152 best=0.7256 patience=2/8 elapsed=649s
  [convnext_tiny_L3_pretrained_s2] epoch 29/40 loss=0.0088 val_acc=0.7204 best=0.7256 patience=3/8 elapsed=672s
  [convnext_tiny_L3_pretrained_s2] epoch 30/40 loss=0.0086 val_acc=0.7204 best=0.7256 patience=4/8 elapsed=695s
  [convnext_tiny_L3_pretrained_s2] epoch 31/40 loss=0.0057 val_acc=0.7061 best=0.7256 patience=5/8 elapsed=719s
  [convnext_tiny_L3_pretrained_s2] epoch 32/40 loss=0.0085 val_acc=0.7139 best=0.7256 patience=6/8 elapsed=742s
  [convnext_tiny_L3_pretrained_s2] epoch 33/40 loss=0.0074 val_acc=0.7204 best=0.7256 patience=7/8 elapsed=764s
  [convnext_tiny_L3_pretrained_s2] epoch 34/40 loss=0.0085 val_acc=0.7204 best=0.7256 patience=8/8 elapsed=787s
  [convnext_tiny_L3_pretrained_s2] early stop @ epoch 34 (best_val_acc=0.7256)
done convnext_tiny_L3_pretrained_s2: top1=0.948 map=0.410
  [convnext_tiny_L4_pretrained_s2] LR override -> 0.0001 (default 0.0003)
  [convnext_tiny_L4_pretrained_s2] epoch 1/40 loss=5.7717 val_acc=0.0057 best=0.0057 * patience=0/8 elapsed=32s
  [convnext_tiny_L4_pretrained_s2] epoch 2/40 loss=5.7413 val_acc=0.0047 best=0.0057 patience=1/8 elapsed=61s
  [convnext_tiny_L4_pretrained_s2] epoch 3/40 loss=5.7389 val_acc=0.0047 best=0.0057 patience=2/8 elapsed=91s
  [convnext_tiny_L4_pretrained_s2] epoch 4/40 loss=5.7370 val_acc=0.0047 best=0.0057 patience=3/8 elapsed=121s
  [convnext_tiny_L4_pretrained_s2] epoch 5/40 loss=5.7349 val_acc=0.0047 best=0.0057 patience=4/8 elapsed=150s
  [convnext_tiny_L4_pretrained_s2] epoch 6/40 loss=5.7340 val_acc=0.0047 best=0.0057 patience=5/8 elapsed=179s
  [convnext_tiny_L4_pretrained_s2] epoch 7/40 loss=5.7334 val_acc=0.0047 best=0.0057 patience=6/8 elapsed=209s
  [convnext_tiny_L4_pretrained_s2] epoch 8/40 loss=5.7317 val_acc=0.0047 best=0.0057 patience=7/8 elapsed=238s
  [convnext_tiny_L4_pretrained_s2] epoch 9/40 loss=5.7315 val_acc=0.0047 best=0.0057 patience=8/8 elapsed=268s
  [convnext_tiny_L4_pretrained_s2] early stop @ epoch 9 (best_val_acc=0.0057)
done convnext_tiny_L4_pretrained_s2: top1=0.006 map=0.039
  [convnext_tiny_Lfull_pretrained_s2] LR override -> 0.0001 (default 0.0003)
  [convnext_tiny_Lfull_pretrained_s2] epoch 1/40 loss=5.7654 val_acc=0.0046 best=0.0046 * patience=0/8 elapsed=30s
  [convnext_tiny_Lfull_pretrained_s2] epoch 2/40 loss=5.7358 val_acc=0.0055 best=0.0055 * patience=0/8 elapsed=61s
  [convnext_tiny_Lfull_pretrained_s2] epoch 3/40 loss=5.5428 val_acc=0.0310 best=0.0310 * patience=0/8 elapsed=92s
  [convnext_tiny_Lfull_pretrained_s2] epoch 4/40 loss=4.2271 val_acc=0.2104 best=0.2104 * patience=0/8 elapsed=123s
  [convnext_tiny_Lfull_pretrained_s2] epoch 5/40 loss=2.7143 val_acc=0.4171 best=0.4171 * patience=0/8 elapsed=153s
  [convnext_tiny_Lfull_pretrained_s2] epoch 6/40 loss=1.6955 val_acc=0.5401 best=0.5401 * patience=0/8 elapsed=184s
  [convnext_tiny_Lfull_pretrained_s2] epoch 7/40 loss=1.0594 val_acc=0.6193 best=0.6193 * patience=0/8 elapsed=215s
  [convnext_tiny_Lfull_pretrained_s2] epoch 8/40 loss=0.6679 val_acc=0.6539 best=0.6539 * patience=0/8 elapsed=245s
  [convnext_tiny_Lfull_pretrained_s2] epoch 9/40 loss=0.4283 val_acc=0.6648 best=0.6648 * patience=0/8 elapsed=276s
  [convnext_tiny_Lfull_pretrained_s2] epoch 10/40 loss=0.2666 val_acc=0.7240 best=0.7240 * patience=0/8 elapsed=306s
  [convnext_tiny_Lfull_pretrained_s2] epoch 11/40 loss=0.1777 val_acc=0.7304 best=0.7304 * patience=0/8 elapsed=337s
  [convnext_tiny_Lfull_pretrained_s2] epoch 12/40 loss=0.1263 val_acc=0.7240 best=0.7304 patience=1/8 elapsed=367s
  [convnext_tiny_Lfull_pretrained_s2] epoch 13/40 loss=0.1061 val_acc=0.7332 best=0.7332 * patience=0/8 elapsed=398s
  [convnext_tiny_Lfull_pretrained_s2] epoch 14/40 loss=0.0816 val_acc=0.7514 best=0.7514 * patience=0/8 elapsed=429s
  [convnext_tiny_Lfull_pretrained_s2] epoch 15/40 loss=0.0627 val_acc=0.7514 best=0.7514 patience=1/8 elapsed=459s
  [convnext_tiny_Lfull_pretrained_s2] epoch 16/40 loss=0.0486 val_acc=0.7696 best=0.7696 * patience=0/8 elapsed=489s
  [convnext_tiny_Lfull_pretrained_s2] epoch 17/40 loss=0.0440 val_acc=0.7678 best=0.7696 patience=1/8 elapsed=520s
  [convnext_tiny_Lfull_pretrained_s2] epoch 18/40 loss=0.0298 val_acc=0.7514 best=0.7696 patience=2/8 elapsed=551s
  [convnext_tiny_Lfull_pretrained_s2] epoch 19/40 loss=0.0358 val_acc=0.7869 best=0.7869 * patience=0/8 elapsed=581s
  [convnext_tiny_Lfull_pretrained_s2] epoch 20/40 loss=0.0240 val_acc=0.7705 best=0.7869 patience=1/8 elapsed=612s
  [convnext_tiny_Lfull_pretrained_s2] epoch 21/40 loss=0.0275 val_acc=0.7559 best=0.7869 patience=2/8 elapsed=642s
  [convnext_tiny_Lfull_pretrained_s2] epoch 22/40 loss=0.0189 val_acc=0.7805 best=0.7869 patience=3/8 elapsed=673s
  [convnext_tiny_Lfull_pretrained_s2] epoch 23/40 loss=0.0160 val_acc=0.7869 best=0.7869 patience=4/8 elapsed=704s
  [convnext_tiny_Lfull_pretrained_s2] epoch 24/40 loss=0.0144 val_acc=0.7787 best=0.7869 patience=5/8 elapsed=734s
  [convnext_tiny_Lfull_pretrained_s2] epoch 25/40 loss=0.0145 val_acc=0.7778 best=0.7869 patience=6/8 elapsed=764s
  [convnext_tiny_Lfull_pretrained_s2] epoch 26/40 loss=0.0142 val_acc=0.7787 best=0.7869 patience=7/8 elapsed=795s
  [convnext_tiny_Lfull_pretrained_s2] epoch 27/40 loss=0.0129 val_acc=0.7851 best=0.7869 patience=8/8 elapsed=825s
  [convnext_tiny_Lfull_pretrained_s2] early stop @ epoch 27 (best_val_acc=0.7869)
done convnext_tiny_Lfull_pretrained_s2: top1=0.971 map=0.449
